Archive member included to satisfy reference by file (symbol)

/home/tatsuya/opt/gcc-arm-none-eabi-10-2020-q4-major/bin/../lib/gcc/arm-none-eabi/10.2.1/../../../../arm-none-eabi/lib/thumb/v7e-m+fp/hard/libc_nano.a(lib_a-exit.o)
                              /home/tatsuya/opt/gcc-arm-none-eabi-10-2020-q4-major/bin/../lib/gcc/arm-none-eabi/10.2.1/../../../../arm-none-eabi/lib/thumb/v7e-m+fp/hard/crt0.o (exit)
/home/tatsuya/opt/gcc-arm-none-eabi-10-2020-q4-major/bin/../lib/gcc/arm-none-eabi/10.2.1/../../../../arm-none-eabi/lib/thumb/v7e-m+fp/hard/libc_nano.a(lib_a-impure.o)
                              /home/tatsuya/opt/gcc-arm-none-eabi-10-2020-q4-major/bin/../lib/gcc/arm-none-eabi/10.2.1/../../../../arm-none-eabi/lib/thumb/v7e-m+fp/hard/libc_nano.a(lib_a-exit.o) (_global_impure_ptr)
/home/tatsuya/opt/gcc-arm-none-eabi-10-2020-q4-major/bin/../lib/gcc/arm-none-eabi/10.2.1/../../../../arm-none-eabi/lib/thumb/v7e-m+fp/hard/libc_nano.a(lib_a-init.o)
                              /home/tatsuya/opt/gcc-arm-none-eabi-10-2020-q4-major/bin/../lib/gcc/arm-none-eabi/10.2.1/../../../../arm-none-eabi/lib/thumb/v7e-m+fp/hard/crt0.o (__libc_init_array)
/home/tatsuya/opt/gcc-arm-none-eabi-10-2020-q4-major/bin/../lib/gcc/arm-none-eabi/10.2.1/../../../../arm-none-eabi/lib/thumb/v7e-m+fp/hard/libc_nano.a(lib_a-memset.o)
                              /home/tatsuya/opt/gcc-arm-none-eabi-10-2020-q4-major/bin/../lib/gcc/arm-none-eabi/10.2.1/../../../../arm-none-eabi/lib/thumb/v7e-m+fp/hard/crt0.o (memset)
/home/tatsuya/opt/gcc-arm-none-eabi-10-2020-q4-major/bin/../lib/gcc/arm-none-eabi/10.2.1/../../../../arm-none-eabi/lib/thumb/v7e-m+fp/hard/libnosys.a(_exit.o)
                              /home/tatsuya/opt/gcc-arm-none-eabi-10-2020-q4-major/bin/../lib/gcc/arm-none-eabi/10.2.1/../../../../arm-none-eabi/lib/thumb/v7e-m+fp/hard/libc_nano.a(lib_a-exit.o) (_exit)
/home/tatsuya/opt/gcc-arm-none-eabi-10-2020-q4-major/bin/../lib/gcc/arm-none-eabi/10.2.1/thumb/v7e-m+fp/hard/libgcc.a(_aeabi_uldivmod.o)
                              build/stm32f4xx_hal_rcc.o (__aeabi_uldivmod)
/home/tatsuya/opt/gcc-arm-none-eabi-10-2020-q4-major/bin/../lib/gcc/arm-none-eabi/10.2.1/thumb/v7e-m+fp/hard/libgcc.a(_udivmoddi4.o)
                              /home/tatsuya/opt/gcc-arm-none-eabi-10-2020-q4-major/bin/../lib/gcc/arm-none-eabi/10.2.1/thumb/v7e-m+fp/hard/libgcc.a(_aeabi_uldivmod.o) (__udivmoddi4)
/home/tatsuya/opt/gcc-arm-none-eabi-10-2020-q4-major/bin/../lib/gcc/arm-none-eabi/10.2.1/thumb/v7e-m+fp/hard/libgcc.a(_dvmd_tls.o)
                              /home/tatsuya/opt/gcc-arm-none-eabi-10-2020-q4-major/bin/../lib/gcc/arm-none-eabi/10.2.1/thumb/v7e-m+fp/hard/libgcc.a(_aeabi_uldivmod.o) (__aeabi_ldiv0)

Discarded input sections

 .text          0x0000000000000000        0x0 /home/tatsuya/opt/gcc-arm-none-eabi-10-2020-q4-major/bin/../lib/gcc/arm-none-eabi/10.2.1/thumb/v7e-m+fp/hard/crti.o
 .data          0x0000000000000000        0x0 /home/tatsuya/opt/gcc-arm-none-eabi-10-2020-q4-major/bin/../lib/gcc/arm-none-eabi/10.2.1/thumb/v7e-m+fp/hard/crti.o
 .bss           0x0000000000000000        0x0 /home/tatsuya/opt/gcc-arm-none-eabi-10-2020-q4-major/bin/../lib/gcc/arm-none-eabi/10.2.1/thumb/v7e-m+fp/hard/crti.o
 .data          0x0000000000000000        0x4 /home/tatsuya/opt/gcc-arm-none-eabi-10-2020-q4-major/bin/../lib/gcc/arm-none-eabi/10.2.1/thumb/v7e-m+fp/hard/crtbegin.o
 .rodata        0x0000000000000000       0x24 /home/tatsuya/opt/gcc-arm-none-eabi-10-2020-q4-major/bin/../lib/gcc/arm-none-eabi/10.2.1/thumb/v7e-m+fp/hard/crtbegin.o
 .text          0x0000000000000000       0x7c /home/tatsuya/opt/gcc-arm-none-eabi-10-2020-q4-major/bin/../lib/gcc/arm-none-eabi/10.2.1/../../../../arm-none-eabi/lib/thumb/v7e-m+fp/hard/crt0.o
 .data          0x0000000000000000        0x0 /home/tatsuya/opt/gcc-arm-none-eabi-10-2020-q4-major/bin/../lib/gcc/arm-none-eabi/10.2.1/../../../../arm-none-eabi/lib/thumb/v7e-m+fp/hard/crt0.o
 .bss           0x0000000000000000        0x0 /home/tatsuya/opt/gcc-arm-none-eabi-10-2020-q4-major/bin/../lib/gcc/arm-none-eabi/10.2.1/../../../../arm-none-eabi/lib/thumb/v7e-m+fp/hard/crt0.o
 .ARM.extab     0x0000000000000000        0x0 /home/tatsuya/opt/gcc-arm-none-eabi-10-2020-q4-major/bin/../lib/gcc/arm-none-eabi/10.2.1/../../../../arm-none-eabi/lib/thumb/v7e-m+fp/hard/crt0.o
 .ARM.exidx     0x0000000000000000       0x10 /home/tatsuya/opt/gcc-arm-none-eabi-10-2020-q4-major/bin/../lib/gcc/arm-none-eabi/10.2.1/../../../../arm-none-eabi/lib/thumb/v7e-m+fp/hard/crt0.o
 .ARM.attributes
                0x0000000000000000       0x1c /home/tatsuya/opt/gcc-arm-none-eabi-10-2020-q4-major/bin/../lib/gcc/arm-none-eabi/10.2.1/../../../../arm-none-eabi/lib/thumb/v7e-m+fp/hard/crt0.o
 .text          0x0000000000000000        0x0 build/main.o
 .data          0x0000000000000000        0x0 build/main.o
 .bss           0x0000000000000000        0x0 build/main.o
 .text          0x0000000000000000        0x0 build/stm32f4xx_it.o
[...]
Memory Configuration

Name             Origin             Length             Attributes
RAM              0x0000000020000000 0x0000000000020000 xrw
CCMRAM           0x0000000010000000 0x0000000000010000 xrw
FLASH            0x0000000008000000 0x0000000000100000 xr
*default*        0x0000000000000000 0xffffffffffffffff

Linker script and memory map

LOAD /home/tatsuya/opt/gcc-arm-none-eabi-10-2020-q4-major/bin/../lib/gcc/arm-none-eabi/10.2.1/thumb/v7e-m+fp/hard/crti.o
LOAD /home/tatsuya/opt/gcc-arm-none-eabi-10-2020-q4-major/bin/../lib/gcc/arm-none-eabi/10.2.1/thumb/v7e-m+fp/hard/crtbegin.o
LOAD /home/tatsuya/opt/gcc-arm-none-eabi-10-2020-q4-major/bin/../lib/gcc/arm-none-eabi/10.2.1/../../../../arm-none-eabi/lib/thumb/v7e-m+fp/hard/crt0.o
LOAD build/main.o
LOAD build/stm32f4xx_it.o
LOAD build/stm32f4xx_hal_msp.o
LOAD build/stm32f4xx_hal_rtc.o
LOAD build/stm32f4xx_hal_rtc_ex.o
LOAD build/stm32f4xx_hal_rcc.o
LOAD build/stm32f4xx_hal_rcc_ex.o
LOAD build/stm32f4xx_hal_flash.o
LOAD build/stm32f4xx_hal_flash_ex.o
LOAD build/stm32f4xx_hal_flash_ramfunc.o
LOAD build/stm32f4xx_hal_gpio.o
LOAD build/stm32f4xx_hal_dma_ex.o
LOAD build/stm32f4xx_hal_dma.o
LOAD build/stm32f4xx_hal_pwr.o
LOAD build/stm32f4xx_hal_pwr_ex.o
LOAD build/stm32f4xx_hal_cortex.o
LOAD build/stm32f4xx_hal.o
LOAD build/stm32f4xx_hal_exti.o
LOAD build/stm32f4xx_hal_tim.o
LOAD build/stm32f4xx_hal_tim_ex.o
LOAD build/system_stm32f4xx.o
LOAD build/stm32f4xx_hal_i2c.o
LOAD build/stm32f4xx_hal_i2c_ex.o
LOAD build/stm32f4xx_hal_uart.o
LOAD build/startup_stm32f407xx.o
LOAD /home/tatsuya/opt/gcc-arm-none-eabi-10-2020-q4-major/bin/../lib/gcc/arm-none-eabi/10.2.1/../../../../arm-none-eabi/lib/thumb/v7e-m+fp/hard/libc_nano.a
LOAD /home/tatsuya/opt/gcc-arm-none-eabi-10-2020-q4-major/bin/../lib/gcc/arm-none-eabi/10.2.1/../../../../arm-none-eabi/lib/thumb/v7e-m+fp/hard/libm.a
LOAD /home/tatsuya/opt/gcc-arm-none-eabi-10-2020-q4-major/bin/../lib/gcc/arm-none-eabi/10.2.1/../../../../arm-none-eabi/lib/thumb/v7e-m+fp/hard/libnosys.a
START GROUP
LOAD /home/tatsuya/opt/gcc-arm-none-eabi-10-2020-q4-major/bin/../lib/gcc/arm-none-eabi/10.2.1/thumb/v7e-m+fp/hard/libgcc.a
LOAD /home/tatsuya/opt/gcc-arm-none-eabi-10-2020-q4-major/bin/../lib/gcc/arm-none-eabi/10.2.1/../../../../arm-none-eabi/lib/thumb/v7e-m+fp/hard/libc_nano.a
END GROUP
START GROUP
LOAD /home/tatsuya/opt/gcc-arm-none-eabi-10-2020-q4-major/bin/../lib/gcc/arm-none-eabi/10.2.1/thumb/v7e-m+fp/hard/libgcc.a
LOAD /home/tatsuya/opt/gcc-arm-none-eabi-10-2020-q4-major/bin/../lib/gcc/arm-none-eabi/10.2.1/../../../../arm-none-eabi/lib/thumb/v7e-m+fp/hard/libc_nano.a
END GROUP
LOAD /home/tatsuya/opt/gcc-arm-none-eabi-10-2020-q4-major/bin/../lib/gcc/arm-none-eabi/10.2.1/thumb/v7e-m+fp/hard/crtend.o
LOAD /home/tatsuya/opt/gcc-arm-none-eabi-10-2020-q4-major/bin/../lib/gcc/arm-none-eabi/10.2.1/thumb/v7e-m+fp/hard/crtn.o
                0x0000000020020000                _estack = 0x20020000
                0x0000000000000200                _Min_Heap_Size = 0x200
                0x0000000000000400                _Min_Stack_Size = 0x400

.isr_vector     0x0000000008000000      0x188
                0x0000000008000000                . = ALIGN (0x4)
 *(.isr_vector)
 .isr_vector    0x0000000008000000      0x188 build/startup_stm32f407xx.o
                0x0000000008000000                g_pfnVectors
                0x0000000008000188                . = ALIGN (0x4)

.text           0x0000000008000188     0x18d0
                0x0000000008000188                . = ALIGN (0x4)
 *(.text)
 .text          0x0000000008000188       0x40 /home/tatsuya/opt/gcc-arm-none-eabi-10-2020-q4-major/bin/../lib/gcc/arm-none-eabi/10.2.1/thumb/v7e-m+fp/hard/crtbegin.o
 .text          0x00000000080001c8       0x30 /home/tatsuya/opt/gcc-arm-none-eabi-10-2020-q4-major/bin/../lib/gcc/arm-none-eabi/10.2.1/thumb/v7e-m+fp/hard/libgcc.a(_aeabi_uldivmod.o)
                0x00000000080001c8                __aeabi_uldivmod
 .text          0x00000000080001f8      0x2d0 /home/tatsuya/opt/gcc-arm-none-eabi-10-2020-q4-major/bin/../lib/gcc/arm-none-eabi/10.2.1/thumb/v7e-m+fp/hard/libgcc.a(_udivmoddi4.o)
                0x00000000080001f8                __udivmoddi4
 .text          0x00000000080004c8        0x4 /home/tatsuya/opt/gcc-arm-none-eabi-10-2020-q4-major/bin/../lib/gcc/arm-none-eabi/10.2.1/thumb/v7e-m+fp/hard/libgcc.a(_dvmd_tls.o)
                0x00000000080004c8                __aeabi_ldiv0
                0x00000000080004c8                __aeabi_idiv0
 *(.text*)
 .text.MX_GPIO_Init
                0x00000000080004cc       0x80 build/main.o
 .text.Error_Handler
                0x000000000800054c        0x4 build/main.o
                0x000000000800054c                Error_Handler
 .text.MX_RTC_Init
                0x0000000008000550       0x30 build/main.o
 .text.MX_I2C1_Init
                0x0000000008000580       0x38 build/main.o
 .text.MX_USART2_UART_Init
                0x00000000080005b8       0x34 build/main.o
 .text.SystemClock_Config
                0x00000000080005ec       0xac build/main.o
                0x00000000080005ec                SystemClock_Config
 .text.main     0x0000000008000698       0xcc build/main.o
                0x0000000008000698                main
 .text.NMI_Handler
                0x0000000008000764        0x2 build/stm32f4xx_it.o
                0x0000000008000764                NMI_Handler
 .text.HardFault_Handler
                0x0000000008000766        0x2 build/stm32f4xx_it.o
                0x0000000008000766                HardFault_Handler
 .text.MemManage_Handler
                0x0000000008000768        0x2 build/stm32f4xx_it.o
                0x0000000008000768                MemManage_Handler
 .text.BusFault_Handler
                0x000000000800076a        0x2 build/stm32f4xx_it.o
                0x000000000800076a                BusFault_Handler
 .text.UsageFault_Handler
                0x000000000800076c        0x2 build/stm32f4xx_it.o
                0x000000000800076c                UsageFault_Handler
 .text.SVC_Handler
                0x000000000800076e        0x2 build/stm32f4xx_it.o
                0x000000000800076e                SVC_Handler
 .text.DebugMon_Handler
                0x0000000008000770        0x2 build/stm32f4xx_it.o
                0x0000000008000770                DebugMon_Handler
 .text.PendSV_Handler
                0x0000000008000772        0x2 build/stm32f4xx_it.o
                0x0000000008000772                PendSV_Handler
 .text.SysTick_Handler
                0x0000000008000774        0x8 build/stm32f4xx_it.o
                0x0000000008000774                SysTick_Handler
 .text.HAL_MspInit
                0x000000000800077c       0x38 build/stm32f4xx_hal_msp.o
                0x000000000800077c                HAL_MspInit
 .text.HAL_I2C_MspInit
                0x00000000080007b4       0x74 build/stm32f4xx_hal_msp.o
                0x00000000080007b4                HAL_I2C_MspInit
 .text.HAL_RTC_MspInit
                0x0000000008000828       0x1c build/stm32f4xx_hal_msp.o
                0x0000000008000828                HAL_RTC_MspInit
 .text.HAL_UART_MspInit
                0x0000000008000844       0x70 build/stm32f4xx_hal_msp.o
                0x0000000008000844                HAL_UART_MspInit
 .text.HAL_RTC_WaitForSynchro
                0x00000000080008b4       0x32 build/stm32f4xx_hal_rtc.o
                0x00000000080008b4                HAL_RTC_WaitForSynchro
 .text.RTC_EnterInitMode
                0x00000000080008e6       0x3c build/stm32f4xx_hal_rtc.o
                0x00000000080008e6                RTC_EnterInitMode
 .text.HAL_RTC_Init
                0x0000000008000922       0xc4 build/stm32f4xx_hal_rtc.o
                0x0000000008000922                HAL_RTC_Init
 *fill*         0x00000000080009e6        0x2 
 .text.HAL_RCC_OscConfig
                0x00000000080009e8      0x3f8 build/stm32f4xx_hal_rcc.o
                0x00000000080009e8                HAL_RCC_OscConfig
 .text.HAL_RCC_GetSysClockFreq
                0x0000000008000de0       0xa4 build/stm32f4xx_hal_rcc.o
                0x0000000008000de0                HAL_RCC_GetSysClockFreq
 .text.HAL_RCC_ClockConfig
                0x0000000008000e84      0x160 build/stm32f4xx_hal_rcc.o
                0x0000000008000e84                HAL_RCC_ClockConfig
 .text.HAL_RCC_GetHCLKFreq
                0x0000000008000fe4        0xc build/stm32f4xx_hal_rcc.o
                0x0000000008000fe4                HAL_RCC_GetHCLKFreq
 .text.HAL_RCC_GetPCLK1Freq
                0x0000000008000ff0       0x20 build/stm32f4xx_hal_rcc.o
                0x0000000008000ff0                HAL_RCC_GetPCLK1Freq
 .text.HAL_RCC_GetPCLK2Freq
                0x0000000008001010       0x20 build/stm32f4xx_hal_rcc.o
                0x0000000008001010                HAL_RCC_GetPCLK2Freq
 .text.HAL_RCCEx_PeriphCLKConfig
                0x0000000008001030      0x154 build/stm32f4xx_hal_rcc_ex.o
                0x0000000008001030                HAL_RCCEx_PeriphCLKConfig
 .text.HAL_GPIO_Init
                0x0000000008001184      0x1e4 build/stm32f4xx_hal_gpio.o
                0x0000000008001184                HAL_GPIO_Init
 .text.HAL_GPIO_WritePin
                0x0000000008001368        0xc build/stm32f4xx_hal_gpio.o
                0x0000000008001368                HAL_GPIO_WritePin
 .text.HAL_GPIO_TogglePin
                0x0000000008001374       0x12 build/stm32f4xx_hal_gpio.o
                0x0000000008001374                HAL_GPIO_TogglePin
 *fill*         0x0000000008001386        0x2 
 .text.HAL_NVIC_SetPriorityGrouping
                0x0000000008001388       0x24 build/stm32f4xx_hal_cortex.o
                0x0000000008001388                HAL_NVIC_SetPriorityGrouping
 .text.HAL_NVIC_SetPriority
                0x00000000080013ac       0x70 build/stm32f4xx_hal_cortex.o
                0x00000000080013ac                HAL_NVIC_SetPriority
 .text.HAL_SYSTICK_Config
                0x000000000800141c       0x28 build/stm32f4xx_hal_cortex.o
                0x000000000800141c                HAL_SYSTICK_Config
 .text.HAL_InitTick
                0x0000000008001444       0x4c build/stm32f4xx_hal.o
                0x0000000008001444                HAL_InitTick
 .text.HAL_Init
                0x0000000008001490       0x34 build/stm32f4xx_hal.o
                0x0000000008001490                HAL_Init
 .text.HAL_IncTick
                0x00000000080014c4       0x18 build/stm32f4xx_hal.o
                0x00000000080014c4                HAL_IncTick
 .text.HAL_GetTick
                0x00000000080014dc        0xc build/stm32f4xx_hal.o
                0x00000000080014dc                HAL_GetTick
 .text.HAL_Delay
                0x00000000080014e8       0x28 build/stm32f4xx_hal.o
                0x00000000080014e8                HAL_Delay
 .text.SystemInit
                0x0000000008001510       0x14 build/system_stm32f4xx.o
                0x0000000008001510                SystemInit
 .text.HAL_I2C_Init
                0x0000000008001524      0x1bc build/stm32f4xx_hal_i2c.o
                0x0000000008001524                HAL_I2C_Init
 .text.UART_SetConfig
                0x00000000080016e0      0x110 build/stm32f4xx_hal_uart.o
 .text.UART_WaitOnFlagUntilTimeout
                0x00000000080017f0       0x6c build/stm32f4xx_hal_uart.o
 .text.HAL_UART_Init
                0x000000000800185c       0x5e build/stm32f4xx_hal_uart.o
                0x000000000800185c                HAL_UART_Init
 .text.HAL_UART_Transmit
                0x00000000080018ba       0xd8 build/stm32f4xx_hal_uart.o
                0x00000000080018ba                HAL_UART_Transmit
 *fill*         0x0000000008001992        0x2 
 .text.Reset_Handler
                0x0000000008001994       0x50 build/startup_stm32f407xx.o
                0x0000000008001994                Reset_Handler
 .text.Default_Handler
                0x00000000080019e4        0x2 build/startup_stm32f407xx.o
                0x00000000080019e4                RTC_Alarm_IRQHandler
                0x00000000080019e4                HASH_RNG_IRQHandler
                0x00000000080019e4                EXTI2_IRQHandler
                0x00000000080019e4                TIM8_CC_IRQHandler
                0x00000000080019e4                TIM1_CC_IRQHandler
                0x00000000080019e4                DMA2_Stream5_IRQHandler
                0x00000000080019e4                DMA1_Stream5_IRQHandler
                0x00000000080019e4                PVD_IRQHandler
                0x00000000080019e4                SDIO_IRQHandler
                0x00000000080019e4                TAMP_STAMP_IRQHandler
                0x00000000080019e4                CAN2_RX1_IRQHandler
                0x00000000080019e4                EXTI3_IRQHandler
                0x00000000080019e4                TIM8_TRG_COM_TIM14_IRQHandler
                0x00000000080019e4                TIM1_UP_TIM10_IRQHandler
                0x00000000080019e4                TIM8_UP_TIM13_IRQHandler
                0x00000000080019e4                I2C3_ER_IRQHandler
                0x00000000080019e4                EXTI0_IRQHandler
                0x00000000080019e4                I2C2_EV_IRQHandler
                0x00000000080019e4                DMA1_Stream2_IRQHandler
                0x00000000080019e4                CAN1_RX0_IRQHandler
                0x00000000080019e4                FPU_IRQHandler
                0x00000000080019e4                OTG_HS_WKUP_IRQHandler
                0x00000000080019e4                CAN2_SCE_IRQHandler
                0x00000000080019e4                DMA2_Stream2_IRQHandler
                0x00000000080019e4                SPI1_IRQHandler
                0x00000000080019e4                TIM6_DAC_IRQHandler
                0x00000000080019e4                TIM1_BRK_TIM9_IRQHandler
                0x00000000080019e4                DCMI_IRQHandler
                0x00000000080019e4                CAN2_RX0_IRQHandler
                0x00000000080019e4                DMA2_Stream3_IRQHandler
                0x00000000080019e4                USART6_IRQHandler
                0x00000000080019e4                USART3_IRQHandler
                0x00000000080019e4                CAN1_RX1_IRQHandler
                0x00000000080019e4                UART5_IRQHandler
                0x00000000080019e4                DMA2_Stream0_IRQHandler
                0x00000000080019e4                TIM4_IRQHandler
                0x00000000080019e4                I2C1_EV_IRQHandler
                0x00000000080019e4                DMA1_Stream6_IRQHandler
                0x00000000080019e4                DMA1_Stream1_IRQHandler
                0x00000000080019e4                UART4_IRQHandler
                0x00000000080019e4                TIM3_IRQHandler
                0x00000000080019e4                RCC_IRQHandler
                0x00000000080019e4                TIM8_BRK_TIM12_IRQHandler
                0x00000000080019e4                Default_Handler
                0x00000000080019e4                EXTI15_10_IRQHandler
                0x00000000080019e4                ADC_IRQHandler
                0x00000000080019e4                DMA1_Stream7_IRQHandler
                0x00000000080019e4                TIM7_IRQHandler
                0x00000000080019e4                CAN2_TX_IRQHandler
                0x00000000080019e4                TIM5_IRQHandler
                0x00000000080019e4                DMA2_Stream7_IRQHandler
                0x00000000080019e4                I2C3_EV_IRQHandler
                0x00000000080019e4                EXTI9_5_IRQHandler
                0x00000000080019e4                RTC_WKUP_IRQHandler
                0x00000000080019e4                ETH_WKUP_IRQHandler
                0x00000000080019e4                SPI2_IRQHandler
                0x00000000080019e4                OTG_HS_EP1_IN_IRQHandler
                0x00000000080019e4                DMA1_Stream0_IRQHandler
                0x00000000080019e4                CAN1_TX_IRQHandler
                0x00000000080019e4                EXTI4_IRQHandler
                0x00000000080019e4                FSMC_IRQHandler
                0x00000000080019e4                ETH_IRQHandler
                0x00000000080019e4                OTG_HS_EP1_OUT_IRQHandler
                0x00000000080019e4                WWDG_IRQHandler
                0x00000000080019e4                TIM2_IRQHandler
                0x00000000080019e4                OTG_FS_WKUP_IRQHandler
                0x00000000080019e4                TIM1_TRG_COM_TIM11_IRQHandler
                0x00000000080019e4                OTG_HS_IRQHandler
                0x00000000080019e4                EXTI1_IRQHandler
                0x00000000080019e4                USART2_IRQHandler
                0x00000000080019e4                I2C2_ER_IRQHandler
                0x00000000080019e4                DMA2_Stream1_IRQHandler
                0x00000000080019e4                CAN1_SCE_IRQHandler
                0x00000000080019e4                FLASH_IRQHandler
                0x00000000080019e4                DMA2_Stream4_IRQHandler
                0x00000000080019e4                USART1_IRQHandler
                0x00000000080019e4                OTG_FS_IRQHandler
                0x00000000080019e4                SPI3_IRQHandler
                0x00000000080019e4                DMA1_Stream4_IRQHandler
                0x00000000080019e4                I2C1_ER_IRQHandler
                0x00000000080019e4                DMA2_Stream6_IRQHandler
                0x00000000080019e4                DMA1_Stream3_IRQHandler
 *fill*         0x00000000080019e6        0x2 
 .text.__libc_init_array
                0x00000000080019e8       0x48 /home/tatsuya/opt/gcc-arm-none-eabi-10-2020-q4-major/bin/../lib/gcc/arm-none-eabi/10.2.1/../../../../arm-none-eabi/lib/thumb/v7e-m+fp/hard/libc_nano.a(lib_a-init.o)
                0x00000000080019e8                __libc_init_array
 .text.memset   0x0000000008001a30       0x10 /home/tatsuya/opt/gcc-arm-none-eabi-10-2020-q4-major/bin/../lib/gcc/arm-none-eabi/10.2.1/../../../../arm-none-eabi/lib/thumb/v7e-m+fp/hard/libc_nano.a(lib_a-memset.o)
                0x0000000008001a30                memset
 *(.glue_7)
 .glue_7        0x0000000008001a40        0x0 linker stubs
 *(.glue_7t)
 .glue_7t       0x0000000008001a40        0x0 linker stubs
 *(.eh_frame)
 .eh_frame      0x0000000008001a40        0x0 /home/tatsuya/opt/gcc-arm-none-eabi-10-2020-q4-major/bin/../lib/gcc/arm-none-eabi/10.2.1/thumb/v7e-m+fp/hard/crtbegin.o
 *(.init)
 .init          0x0000000008001a40        0x4 /home/tatsuya/opt/gcc-arm-none-eabi-10-2020-q4-major/bin/../lib/gcc/arm-none-eabi/10.2.1/thumb/v7e-m+fp/hard/crti.o
                0x0000000008001a40                _init
 .init          0x0000000008001a44        0x8 /home/tatsuya/opt/gcc-arm-none-eabi-10-2020-q4-major/bin/../lib/gcc/arm-none-eabi/10.2.1/thumb/v7e-m+fp/hard/crtn.o
 *(.fini)
 .fini          0x0000000008001a4c        0x4 /home/tatsuya/opt/gcc-arm-none-eabi-10-2020-q4-major/bin/../lib/gcc/arm-none-eabi/10.2.1/thumb/v7e-m+fp/hard/crti.o
                0x0000000008001a4c                _fini
 .fini          0x0000000008001a50        0x8 /home/tatsuya/opt/gcc-arm-none-eabi-10-2020-q4-major/bin/../lib/gcc/arm-none-eabi/10.2.1/thumb/v7e-m+fp/hard/crtn.o
                0x0000000008001a58                . = ALIGN (0x4)
                0x0000000008001a58                _etext = .

.vfp11_veneer   0x0000000008001a58        0x0
 .vfp11_veneer  0x0000000008001a58        0x0 linker stubs

.v4_bx          0x0000000008001a58        0x0
 .v4_bx         0x0000000008001a58        0x0 linker stubs

.iplt           0x0000000008001a58        0x0
 .iplt          0x0000000008001a58        0x0 /home/tatsuya/opt/gcc-arm-none-eabi-10-2020-q4-major/bin/../lib/gcc/arm-none-eabi/10.2.1/thumb/v7e-m+fp/hard/crtbegin.o

.rodata         0x0000000008001a58       0x80
                0x0000000008001a58                . = ALIGN (0x4)
 *(.rodata)
 .rodata        0x0000000008001a58       0x66 build/main.o
 *(.rodata*)
 *fill*         0x0000000008001abe        0x2 
 .rodata.AHBPrescTable
                0x0000000008001ac0       0x10 build/system_stm32f4xx.o
                0x0000000008001ac0                AHBPrescTable
 .rodata.APBPrescTable
                0x0000000008001ad0        0x8 build/system_stm32f4xx.o
                0x0000000008001ad0                APBPrescTable
                0x0000000008001ad8                . = ALIGN (0x4)

.ARM.extab
 *(.ARM.extab* .gnu.linkonce.armextab.*)

.ARM            0x0000000008001ad8        0x8
                0x0000000008001ad8                __exidx_start = .
 *(.ARM.exidx*)
 .ARM.exidx     0x0000000008001ad8        0x8 /home/tatsuya/opt/gcc-arm-none-eabi-10-2020-q4-major/bin/../lib/gcc/arm-none-eabi/10.2.1/thumb/v7e-m+fp/hard/libgcc.a(_udivmoddi4.o)
                0x0000000008001ae0                __exidx_end = .

.rel.dyn        0x0000000008001ae0        0x0
 .rel.iplt      0x0000000008001ae0        0x0 /home/tatsuya/opt/gcc-arm-none-eabi-10-2020-q4-major/bin/../lib/gcc/arm-none-eabi/10.2.1/thumb/v7e-m+fp/hard/crtbegin.o

.preinit_array  0x0000000008001ae0        0x0
                0x0000000008001ae0                PROVIDE (__preinit_array_start = .)
 *(.preinit_array*)
                0x0000000008001ae0                PROVIDE (__preinit_array_end = .)

.init_array     0x0000000008001ae0        0x4
                0x0000000008001ae0                PROVIDE (__init_array_start = .)
 *(SORT_BY_NAME(.init_array.*))
 *(.init_array*)
 .init_array    0x0000000008001ae0        0x4 /home/tatsuya/opt/gcc-arm-none-eabi-10-2020-q4-major/bin/../lib/gcc/arm-none-eabi/10.2.1/thumb/v7e-m+fp/hard/crtbegin.o
                0x0000000008001ae4                PROVIDE (__init_array_end = .)

.fini_array     0x0000000008001ae4        0x4
                [!provide]                        PROVIDE (__fini_array_start = .)
 *(SORT_BY_NAME(.fini_array.*))
 *(.fini_array*)
 .fini_array    0x0000000008001ae4        0x4 /home/tatsuya/opt/gcc-arm-none-eabi-10-2020-q4-major/bin/../lib/gcc/arm-none-eabi/10.2.1/thumb/v7e-m+fp/hard/crtbegin.o
                [!provide]                        PROVIDE (__fini_array_end = .)
                0x0000000008001ae8                _sidata = LOADADDR (.data)

.data           0x0000000020000000        0xc load address 0x0000000008001ae8
                0x0000000020000000                . = ALIGN (0x4)
                0x0000000020000000                _sdata = .
 *(.data)
 *(.data*)
 .data.uwTickFreq
                0x0000000020000000        0x1 build/stm32f4xx_hal.o
                0x0000000020000000                uwTickFreq
 *fill*         0x0000000020000001        0x3 
 .data.uwTickPrio
                0x0000000020000004        0x4 build/stm32f4xx_hal.o
                0x0000000020000004                uwTickPrio
 .data.SystemCoreClock
                0x0000000020000008        0x4 build/system_stm32f4xx.o
                0x0000000020000008                SystemCoreClock
                0x000000002000000c                . = ALIGN (0x4)
                0x000000002000000c                _edata = .
                0x0000000008001af4                _siccmram = LOADADDR (.ccmram)

.igot.plt       0x000000002000000c        0x0 load address 0x0000000008001af4
 .igot.plt      0x000000002000000c        0x0 /home/tatsuya/opt/gcc-arm-none-eabi-10-2020-q4-major/bin/../lib/gcc/arm-none-eabi/10.2.1/thumb/v7e-m+fp/hard/crtbegin.o

.ccmram         0x0000000010000000        0x0 load address 0x0000000008001af4
                0x0000000010000000                . = ALIGN (0x4)
                0x0000000010000000                _sccmram = .
 *(.ccmram)
 *(.ccmram*)
                0x0000000010000000                . = ALIGN (0x4)
                0x0000000010000000                _eccmram = .
                0x0000000010000000                . = ALIGN (0x4)

.bss            0x000000002000000c       0xd8
                0x000000002000000c                _sbss = .
                0x000000002000000c                __bss_start__ = _sbss
 *(.bss)
 .bss           0x000000002000000c       0x1c /home/tatsuya/opt/gcc-arm-none-eabi-10-2020-q4-major/bin/../lib/gcc/arm-none-eabi/10.2.1/thumb/v7e-m+fp/hard/crtbegin.o
 *(.bss*)
 .bss.hi2c1     0x0000000020000028       0x54 build/main.o
                0x0000000020000028                hi2c1
 .bss.hrtc      0x000000002000007c       0x20 build/main.o
                0x000000002000007c                hrtc
 .bss.huart2    0x000000002000009c       0x44 build/main.o
                0x000000002000009c                huart2
 .bss.uwTick    0x00000000200000e0        0x4 build/stm32f4xx_hal.o
                0x00000000200000e0                uwTick
 *(COMMON)
                0x00000000200000e4                . = ALIGN (0x4)
                0x00000000200000e4                _ebss = .
                0x00000000200000e4                __bss_end__ = _ebss

._user_heap_stack
                0x00000000200000e4      0x604
                0x00000000200000e8                . = ALIGN (0x8)
 *fill*         0x00000000200000e4        0x4 
                [!provide]                        PROVIDE (end = .)
                [!provide]                        PROVIDE (_end = .)
                0x00000000200002e8                . = (. + _Min_Heap_Size)
 *fill*         0x00000000200000e8      0x200 
                0x00000000200006e8                . = (. + _Min_Stack_Size)
 *fill*         0x00000000200002e8      0x400 
                0x00000000200006e8                . = ALIGN (0x8)

/DISCARD/
 libc.a(*)
 libm.a(*)
 libgcc.a(*)

.ARM.attributes
                0x0000000000000000       0x30
 *(.ARM.attributes)
 .ARM.attributes
                0x0000000000000000       0x1e /home/tatsuya/opt/gcc-arm-none-eabi-10-2020-q4-major/bin/../lib/gcc/arm-none-eabi/10.2.1/thumb/v7e-m+fp/hard/crti.o
 .ARM.attributes
                0x000000000000001e       0x34 /home/tatsuya/opt/gcc-arm-none-eabi-10-2020-q4-major/bin/../lib/gcc/arm-none-eabi/10.2.1/thumb/v7e-m+fp/hard/crtbegin.o
 .ARM.attributes
                0x0000000000000052       0x34 build/main.o
 .ARM.attributes
                0x0000000000000086       0x34 build/stm32f4xx_it.o
 .ARM.attributes
                0x00000000000000ba       0x34 build/stm32f4xx_hal_msp.o
 .ARM.attributes
                0x00000000000000ee       0x34 build/stm32f4xx_hal_rtc.o
 .ARM.attributes
                0x0000000000000122       0x34 build/stm32f4xx_hal_rcc.o
 .ARM.attributes
                0x0000000000000156       0x34 build/stm32f4xx_hal_rcc_ex.o
 .ARM.attributes
                0x000000000000018a       0x34 build/stm32f4xx_hal_gpio.o
 .ARM.attributes
                0x00000000000001be       0x34 build/stm32f4xx_hal_cortex.o
 .ARM.attributes
                0x00000000000001f2       0x34 build/stm32f4xx_hal.o
 .ARM.attributes
                0x0000000000000226       0x34 build/system_stm32f4xx.o
 .ARM.attributes
                0x000000000000025a       0x34 build/stm32f4xx_hal_i2c.o
 .ARM.attributes
                0x000000000000028e       0x34 build/stm32f4xx_hal_uart.o
 .ARM.attributes
                0x00000000000002c2       0x21 build/startup_stm32f407xx.o
 .ARM.attributes
                0x00000000000002e3       0x34 /home/tatsuya/opt/gcc-arm-none-eabi-10-2020-q4-major/bin/../lib/gcc/arm-none-eabi/10.2.1/../../../../arm-none-eabi/lib/thumb/v7e-m+fp/hard/libc_nano.a(lib_a-init.o)
 .ARM.attributes
                0x0000000000000317       0x34 /home/tatsuya/opt/gcc-arm-none-eabi-10-2020-q4-major/bin/../lib/gcc/arm-none-eabi/10.2.1/../../../../arm-none-eabi/lib/thumb/v7e-m+fp/hard/libc_nano.a(lib_a-memset.o)
 .ARM.attributes
                0x000000000000034b       0x1e /home/tatsuya/opt/gcc-arm-none-eabi-10-2020-q4-major/bin/../lib/gcc/arm-none-eabi/10.2.1/thumb/v7e-m+fp/hard/libgcc.a(_aeabi_uldivmod.o)
 .ARM.attributes
                0x0000000000000369       0x34 /home/tatsuya/opt/gcc-arm-none-eabi-10-2020-q4-major/bin/../lib/gcc/arm-none-eabi/10.2.1/thumb/v7e-m+fp/hard/libgcc.a(_udivmoddi4.o)
 .ARM.attributes
                0x000000000000039d       0x1e /home/tatsuya/opt/gcc-arm-none-eabi-10-2020-q4-major/bin/../lib/gcc/arm-none-eabi/10.2.1/thumb/v7e-m+fp/hard/libgcc.a(_dvmd_tls.o)
 .ARM.attributes
                0x00000000000003bb       0x1e /home/tatsuya/opt/gcc-arm-none-eabi-10-2020-q4-major/bin/../lib/gcc/arm-none-eabi/10.2.1/thumb/v7e-m+fp/hard/crtn.o
OUTPUT(build/sensorHubDen.elf elf32-littlearm)
LOAD linker stubs
LOAD /home/tatsuya/opt/gcc-arm-none-eabi-10-2020-q4-major/bin/../lib/gcc/arm-none-eabi/10.2.1/../../../../arm-none-eabi/lib/thumb/v7e-m+fp/hard/libc.a
LOAD /home/tatsuya/opt/gcc-arm-none-eabi-10-2020-q4-major/bin/../lib/gcc/arm-none-eabi/10.2.1/../../../../arm-none-eabi/lib/thumb/v7e-m+fp/hard/libm.a
LOAD /home/tatsuya/opt/gcc-arm-none-eabi-10-2020-q4-major/bin/../lib/gcc/arm-none-eabi/10.2.1/thumb/v7e-m+fp/hard/libgcc.a

.debug_info     0x0000000000000000     0xd345
 .debug_info    0x0000000000000000     0x1797 build/main.o
 .debug_info    0x0000000000001797      0x15a build/stm32f4xx_it.o
 .debug_info    0x00000000000018f1     0x1261 build/stm32f4xx_hal_msp.o
 .debug_info    0x0000000000002b52     0x1126 build/stm32f4xx_hal_rtc.o
 .debug_info    0x0000000000003c78      0xbe6 build/stm32f4xx_hal_rcc.o
 .debug_info    0x000000000000485e      0x6f8 build/stm32f4xx_hal_rcc_ex.o
 .debug_info    0x0000000000004f56      0x848 build/stm32f4xx_hal_gpio.o
 .debug_info    0x000000000000579e     0x1174 build/stm32f4xx_hal_cortex.o
 .debug_info    0x0000000000006912      0xacf build/stm32f4xx_hal.o
 .debug_info    0x00000000000073e1      0x5b3 build/system_stm32f4xx.o
 .debug_info    0x0000000000007994     0x3b06 build/stm32f4xx_hal_i2c.o
 .debug_info    0x000000000000b49a     0x1e89 build/stm32f4xx_hal_uart.o
 .debug_info    0x000000000000d323       0x22 build/startup_stm32f407xx.o

.debug_abbrev   0x0000000000000000     0x1a13
 .debug_abbrev  0x0000000000000000      0x29a build/main.o
 .debug_abbrev  0x000000000000029a       0x81 build/stm32f4xx_it.o
 .debug_abbrev  0x000000000000031b      0x1cc build/stm32f4xx_hal_msp.o
 .debug_abbrev  0x00000000000004e7      0x23e build/stm32f4xx_hal_rtc.o
 .debug_abbrev  0x0000000000000725      0x2aa build/stm32f4xx_hal_rcc.o
 .debug_abbrev  0x00000000000009cf      0x1a1 build/stm32f4xx_hal_rcc_ex.o
 .debug_abbrev  0x0000000000000b70      0x22b build/stm32f4xx_hal_gpio.o
 .debug_abbrev  0x0000000000000d9b      0x382 build/stm32f4xx_hal_cortex.o
 .debug_abbrev  0x000000000000111d      0x209 build/stm32f4xx_hal.o
 .debug_abbrev  0x0000000000001326      0x11b build/system_stm32f4xx.o
 .debug_abbrev  0x0000000000001441      0x2f3 build/stm32f4xx_hal_i2c.o
 .debug_abbrev  0x0000000000001734      0x2cd build/stm32f4xx_hal_uart.o
 .debug_abbrev  0x0000000000001a01       0x12 build/startup_stm32f407xx.o

.debug_loc      0x0000000000000000     0xa1f4
 .debug_loc     0x0000000000000000      0x12e build/main.o
 .debug_loc     0x000000000000012e       0x20 build/stm32f4xx_it.o
 .debug_loc     0x000000000000014e      0x1df build/stm32f4xx_hal_msp.o
 .debug_loc     0x000000000000032d      0xef8 build/stm32f4xx_hal_rtc.o
 .debug_loc     0x0000000000001225      0x6e4 build/stm32f4xx_hal_rcc.o
 .debug_loc     0x0000000000001909      0x473 build/stm32f4xx_hal_rcc_ex.o
 .debug_loc     0x0000000000001d7c      0x5e8 build/stm32f4xx_hal_gpio.o
 .debug_loc     0x0000000000002364      0x7a4 build/stm32f4xx_hal_cortex.o
 .debug_loc     0x0000000000002b08      0x1e1 build/stm32f4xx_hal.o
 .debug_loc     0x0000000000002ce9      0x158 build/system_stm32f4xx.o
 .debug_loc     0x0000000000002e41     0x4d58 build/stm32f4xx_hal_i2c.o
 .debug_loc     0x0000000000007b99     0x265b build/stm32f4xx_hal_uart.o

.debug_aranges  0x0000000000000000      0x990
 .debug_aranges
                0x0000000000000000       0x50 build/main.o
 .debug_aranges
                0x0000000000000050       0x60 build/stm32f4xx_it.o
 .debug_aranges
                0x00000000000000b0       0x50 build/stm32f4xx_hal_msp.o
 .debug_aranges
                0x0000000000000100       0xe0 build/stm32f4xx_hal_rtc.o
 .debug_aranges
                0x00000000000001e0       0x88 build/stm32f4xx_hal_rcc.o
 .debug_aranges
                0x0000000000000268       0x48 build/stm32f4xx_hal_rcc_ex.o
 .debug_aranges
                0x00000000000002b0       0x58 build/stm32f4xx_hal_gpio.o
 .debug_aranges
                0x0000000000000308       0xa8 build/stm32f4xx_hal_cortex.o
 .debug_aranges
                0x00000000000003b0       0xf0 build/stm32f4xx_hal.o
 .debug_aranges
                0x00000000000004a0       0x28 build/system_stm32f4xx.o
 .debug_aranges
                0x00000000000004c8      0x2a0 build/stm32f4xx_hal_i2c.o
 .debug_aranges
                0x0000000000000768      0x200 build/stm32f4xx_hal_uart.o
 .debug_aranges
                0x0000000000000968       0x28 build/startup_stm32f407xx.o

.debug_ranges   0x0000000000000000      0x970
 .debug_ranges  0x0000000000000000       0x58 build/main.o
 .debug_ranges  0x0000000000000058       0x50 build/stm32f4xx_it.o
 .debug_ranges  0x00000000000000a8       0x40 build/stm32f4xx_hal_msp.o
 .debug_ranges  0x00000000000000e8       0xd0 build/stm32f4xx_hal_rtc.o
 .debug_ranges  0x00000000000001b8       0x90 build/stm32f4xx_hal_rcc.o
 .debug_ranges  0x0000000000000248       0x38 build/stm32f4xx_hal_rcc_ex.o
 .debug_ranges  0x0000000000000280       0x48 build/stm32f4xx_hal_gpio.o
 .debug_ranges  0x00000000000002c8       0xf8 build/stm32f4xx_hal_cortex.o
 .debug_ranges  0x00000000000003c0       0xe0 build/stm32f4xx_hal.o
 .debug_ranges  0x00000000000004a0       0x18 build/system_stm32f4xx.o
 .debug_ranges  0x00000000000004b8      0x2a8 build/stm32f4xx_hal_i2c.o
 .debug_ranges  0x0000000000000760      0x1f0 build/stm32f4xx_hal_uart.o
 .debug_ranges  0x0000000000000950       0x20 build/startup_stm32f407xx.o

.debug_line     0x0000000000000000     0xb640
 .debug_line    0x0000000000000000      0x54c build/main.o
 .debug_line    0x000000000000054c      0x177 build/stm32f4xx_it.o
 .debug_line    0x00000000000006c3      0x39e build/stm32f4xx_hal_msp.o
 .debug_line    0x0000000000000a61     0x10a7 build/stm32f4xx_hal_rtc.o
 .debug_line    0x0000000000001b08      0xb13 build/stm32f4xx_hal_rcc.o
 .debug_line    0x000000000000261b      0x5e9 build/stm32f4xx_hal_rcc_ex.o
 .debug_line    0x0000000000002c04      0x6e5 build/stm32f4xx_hal_gpio.o
 .debug_line    0x00000000000032e9      0x77c build/stm32f4xx_hal_cortex.o
 .debug_line    0x0000000000003a65      0x569 build/stm32f4xx_hal.o
 .debug_line    0x0000000000003fce      0x254 build/system_stm32f4xx.o
 .debug_line    0x0000000000004222     0x52e8 build/stm32f4xx_hal_i2c.o
 .debug_line    0x000000000000950a     0x20c0 build/stm32f4xx_hal_uart.o
 .debug_line    0x000000000000b5ca       0x76 build/startup_stm32f407xx.o

.debug_str      0x0000000000000000     0x3281
 .debug_str     0x0000000000000000      0xe07 build/main.o
                                        0xee1 (size before relaxing)
 .debug_str     0x0000000000000e07       0xb4 build/stm32f4xx_it.o
                                        0x21b (size before relaxing)
 .debug_str     0x0000000000000ebb       0xbb build/stm32f4xx_hal_msp.o
                                        0xc37 (size before relaxing)
 .debug_str     0x0000000000000f76      0x379 build/stm32f4xx_hal_rtc.o
                                        0x7b8 (size before relaxing)
 .debug_str     0x00000000000012ef      0x209 build/stm32f4xx_hal_rcc.o
                                        0x6f2 (size before relaxing)
 .debug_str     0x00000000000014f8       0xf6 build/stm32f4xx_hal_rcc_ex.o
                                        0x4b3 (size before relaxing)
 .debug_str     0x00000000000015ee       0xf5 build/stm32f4xx_hal_gpio.o
                                        0x4cc (size before relaxing)
 .debug_str     0x00000000000016e3      0x9ff build/stm32f4xx_hal_cortex.o
                                        0xc18 (size before relaxing)
 .debug_str     0x00000000000020e2      0x295 build/stm32f4xx_hal.o
                                        0xb46 (size before relaxing)
 .debug_str     0x0000000000002377       0x47 build/system_stm32f4xx.o
                                        0x361 (size before relaxing)
 .debug_str     0x00000000000023be      0x8d0 build/stm32f4xx_hal_i2c.o
                                       0x101c (size before relaxing)
 .debug_str     0x0000000000002c8e      0x5cf build/stm32f4xx_hal_uart.o
                                        0xd21 (size before relaxing)
 .debug_str     0x000000000000325d       0x24 build/startup_stm32f407xx.o
                                         0x56 (size before relaxing)

.comment        0x0000000000000000       0x4d
 .comment       0x0000000000000000       0x4d build/main.o
                                         0x4e (size before relaxing)
 .comment       0x000000000000004d       0x4e build/stm32f4xx_it.o
 .comment       0x000000000000004d       0x4e build/stm32f4xx_hal_msp.o
 .comment       0x000000000000004d       0x4e build/stm32f4xx_hal_rtc.o
 .comment       0x000000000000004d       0x4e build/stm32f4xx_hal_rcc.o
 .comment       0x000000000000004d       0x4e build/stm32f4xx_hal_rcc_ex.o
 .comment       0x000000000000004d       0x4e build/stm32f4xx_hal_gpio.o
 .comment       0x000000000000004d       0x4e build/stm32f4xx_hal_cortex.o
 .comment       0x000000000000004d       0x4e build/stm32f4xx_hal.o
 .comment       0x000000000000004d       0x4e build/system_stm32f4xx.o
 .comment       0x000000000000004d       0x4e build/stm32f4xx_hal_i2c.o
 .comment       0x000000000000004d       0x4e build/stm32f4xx_hal_uart.o

.debug_frame    0x0000000000000000     0x1aac
 .debug_frame   0x0000000000000000       0xc8 build/main.o
 .debug_frame   0x00000000000000c8       0xa8 build/stm32f4xx_it.o
 .debug_frame   0x0000000000000170       0xbc build/stm32f4xx_hal_msp.o
 .debug_frame   0x000000000000022c      0x25c build/stm32f4xx_hal_rtc.o
 .debug_frame   0x0000000000000488      0x16c build/stm32f4xx_hal_rcc.o
 .debug_frame   0x00000000000005f4       0xa4 build/stm32f4xx_hal_rcc_ex.o
 .debug_frame   0x0000000000000698       0xd8 build/stm32f4xx_hal_gpio.o
 .debug_frame   0x0000000000000770      0x148 build/stm32f4xx_hal_cortex.o
 .debug_frame   0x00000000000008b8      0x1ec build/stm32f4xx_hal.o
 .debug_frame   0x0000000000000aa4       0x30 build/system_stm32f4xx.o
 .debug_frame   0x0000000000000ad4      0x968 build/stm32f4xx_hal_i2c.o
 .debug_frame   0x000000000000143c      0x5c4 build/stm32f4xx_hal_uart.o
 .debug_frame   0x0000000000001a00       0x2c /home/tatsuya/opt/gcc-arm-none-eabi-10-2020-q4-major/bin/../lib/gcc/arm-none-eabi/10.2.1/../../../../arm-none-eabi/lib/thumb/v7e-m+fp/hard/libc_nano.a(lib_a-init.o)
 .debug_frame   0x0000000000001a2c       0x20 /home/tatsuya/opt/gcc-arm-none-eabi-10-2020-q4-major/bin/../lib/gcc/arm-none-eabi/10.2.1/../../../../arm-none-eabi/lib/thumb/v7e-m+fp/hard/libc_nano.a(lib_a-memset.o)
 .debug_frame   0x0000000000001a4c       0x2c /home/tatsuya/opt/gcc-arm-none-eabi-10-2020-q4-major/bin/../lib/gcc/arm-none-eabi/10.2.1/thumb/v7e-m+fp/hard/libgcc.a(_aeabi_uldivmod.o)
 .debug_frame   0x0000000000001a78       0x34 /home/tatsuya/opt/gcc-arm-none-eabi-10-2020-q4-major/bin/../lib/gcc/arm-none-eabi/10.2.1/thumb/v7e-m+fp/hard/libgcc.a(_udivmoddi4.o)

Cross Reference Table

Symbol                                            File
ADC_IRQHandler                                    build/startup_stm32f407xx.o
AHBPrescTable                                     build/system_stm32f4xx.o
                                                  build/stm32f4xx_hal_rcc.o
APBPrescTable                                     build/system_stm32f4xx.o
                                                  build/stm32f4xx_hal_rcc.o
BusFault_Handler                                  build/stm32f4xx_it.o
CAN1_RX0_IRQHandler                               build/startup_stm32f407xx.o
CAN1_RX1_IRQHandler                               build/startup_stm32f407xx.o
CAN1_SCE_IRQHandler                               build/startup_stm32f407xx.o
CAN1_TX_IRQHandler                                build/startup_stm32f407xx.o
CAN2_RX0_IRQHandler                               build/startup_stm32f407xx.o
CAN2_RX1_IRQHandler                               build/startup_stm32f407xx.o
CAN2_SCE_IRQHandler                               build/startup_stm32f407xx.o
CAN2_TX_IRQHandler                                build/startup_stm32f407xx.o
DCMI_IRQHandler                                   build/startup_stm32f407xx.o
DMA1_Stream0_IRQHandler                           build/startup_stm32f407xx.o
DMA1_Stream1_IRQHandler                           build/startup_stm32f407xx.o
DMA1_Stream2_IRQHandler                           build/startup_stm32f407xx.o
DMA1_Stream3_IRQHandler                           build/startup_stm32f407xx.o
DMA1_Stream4_IRQHandler                           build/startup_stm32f407xx.o
DMA1_Stream5_IRQHandler                           build/startup_stm32f407xx.o
DMA1_Stream6_IRQHandler                           build/startup_stm32f407xx.o
DMA1_Stream7_IRQHandler                           build/startup_stm32f407xx.o
DMA2_Stream0_IRQHandler                           build/startup_stm32f407xx.o
DMA2_Stream1_IRQHandler                           build/startup_stm32f407xx.o
DMA2_Stream2_IRQHandler                           build/startup_stm32f407xx.o
DMA2_Stream3_IRQHandler                           build/startup_stm32f407xx.o
DMA2_Stream4_IRQHandler                           build/startup_stm32f407xx.o
DMA2_Stream5_IRQHandler                           build/startup_stm32f407xx.o
DMA2_Stream6_IRQHandler                           build/startup_stm32f407xx.o
DMA2_Stream7_IRQHandler                           build/startup_stm32f407xx.o
DebugMon_Handler                                  build/stm32f4xx_it.o
Default_Handler                                   build/startup_stm32f407xx.o
ETH_IRQHandler                                    build/startup_stm32f407xx.o
ETH_WKUP_IRQHandler                               build/startup_stm32f407xx.o
EXTI0_IRQHandler                                  build/startup_stm32f407xx.o
EXTI15_10_IRQHandler                              build/startup_stm32f407xx.o
EXTI1_IRQHandler                                  build/startup_stm32f407xx.o
EXTI2_IRQHandler                                  build/startup_stm32f407xx.o
EXTI3_IRQHandler                                  build/startup_stm32f407xx.o
EXTI4_IRQHandler                                  build/startup_stm32f407xx.o
EXTI9_5_IRQHandler                                build/startup_stm32f407xx.o
Error_Handler                                     build/main.o
FLASH_Erase_Sector                                build/stm32f4xx_hal_flash_ex.o
                                                  build/stm32f4xx_hal_flash.o
FLASH_FlushCaches                                 build/stm32f4xx_hal_flash_ex.o
                                                  build/stm32f4xx_hal_flash.o
FLASH_IRQHandler                                  build/startup_stm32f407xx.o
FLASH_WaitForLastOperation                        build/stm32f4xx_hal_flash.o
                                                  build/stm32f4xx_hal_flash_ex.o
FPU_IRQHandler                                    build/startup_stm32f407xx.o
FSMC_IRQHandler                                   build/startup_stm32f407xx.o
HAL_DBGMCU_DisableDBGSleepMode                    build/stm32f4xx_hal.o
HAL_DBGMCU_DisableDBGStandbyMode                  build/stm32f4xx_hal.o
HAL_DBGMCU_DisableDBGStopMode                     build/stm32f4xx_hal.o
HAL_DBGMCU_EnableDBGSleepMode                     build/stm32f4xx_hal.o
HAL_DBGMCU_EnableDBGStandbyMode                   build/stm32f4xx_hal.o
HAL_DBGMCU_EnableDBGStopMode                      build/stm32f4xx_hal.o
HAL_DMAEx_ChangeMemory                            build/stm32f4xx_hal_dma_ex.o
HAL_DMAEx_MultiBufferStart                        build/stm32f4xx_hal_dma_ex.o
HAL_DMAEx_MultiBufferStart_IT                     build/stm32f4xx_hal_dma_ex.o
HAL_DMA_Abort                                     build/stm32f4xx_hal_dma.o
                                                  build/stm32f4xx_hal_uart.o
HAL_DMA_Abort_IT                                  build/stm32f4xx_hal_dma.o
                                                  build/stm32f4xx_hal_uart.o
                                                  build/stm32f4xx_hal_i2c.o
HAL_DMA_DeInit                                    build/stm32f4xx_hal_dma.o
HAL_DMA_GetError                                  build/stm32f4xx_hal_dma.o
                                                  build/stm32f4xx_hal_uart.o
                                                  build/stm32f4xx_hal_i2c.o
HAL_DMA_GetState                                  build/stm32f4xx_hal_dma.o
                                                  build/stm32f4xx_hal_i2c.o
HAL_DMA_IRQHandler                                build/stm32f4xx_hal_dma.o
HAL_DMA_Init                                      build/stm32f4xx_hal_dma.o
HAL_DMA_PollForTransfer                           build/stm32f4xx_hal_dma.o
HAL_DMA_RegisterCallback                          build/stm32f4xx_hal_dma.o
HAL_DMA_Start                                     build/stm32f4xx_hal_dma.o
HAL_DMA_Start_IT                                  build/stm32f4xx_hal_dma.o
                                                  build/stm32f4xx_hal_uart.o
                                                  build/stm32f4xx_hal_i2c.o
HAL_DMA_UnRegisterCallback                        build/stm32f4xx_hal_dma.o
HAL_DeInit                                        build/stm32f4xx_hal.o
HAL_Delay                                         build/stm32f4xx_hal.o
                                                  build/main.o
HAL_DisableCompensationCell                       build/stm32f4xx_hal.o
HAL_EXTI_ClearConfigLine                          build/stm32f4xx_hal_exti.o
HAL_EXTI_ClearPending                             build/stm32f4xx_hal_exti.o
HAL_EXTI_GenerateSWI                              build/stm32f4xx_hal_exti.o
HAL_EXTI_GetConfigLine                            build/stm32f4xx_hal_exti.o
HAL_EXTI_GetHandle                                build/stm32f4xx_hal_exti.o
HAL_EXTI_GetPending                               build/stm32f4xx_hal_exti.o
HAL_EXTI_IRQHandler                               build/stm32f4xx_hal_exti.o
HAL_EXTI_RegisterCallback                         build/stm32f4xx_hal_exti.o
HAL_EXTI_SetConfigLine                            build/stm32f4xx_hal_exti.o
HAL_EnableCompensationCell                        build/stm32f4xx_hal.o
HAL_FLASHEx_Erase                                 build/stm32f4xx_hal_flash_ex.o
HAL_FLASHEx_Erase_IT                              build/stm32f4xx_hal_flash_ex.o
HAL_FLASHEx_OBGetConfig                           build/stm32f4xx_hal_flash_ex.o
HAL_FLASHEx_OBProgram                             build/stm32f4xx_hal_flash_ex.o
HAL_FLASH_EndOfOperationCallback                  build/stm32f4xx_hal_flash.o
HAL_FLASH_GetError                                build/stm32f4xx_hal_flash.o
HAL_FLASH_IRQHandler                              build/stm32f4xx_hal_flash.o
HAL_FLASH_Lock                                    build/stm32f4xx_hal_flash.o
HAL_FLASH_OB_Launch                               build/stm32f4xx_hal_flash.o
HAL_FLASH_OB_Lock                                 build/stm32f4xx_hal_flash.o
HAL_FLASH_OB_Unlock                               build/stm32f4xx_hal_flash.o
HAL_FLASH_OperationErrorCallback                  build/stm32f4xx_hal_flash.o
HAL_FLASH_Program                                 build/stm32f4xx_hal_flash.o
HAL_FLASH_Program_IT                              build/stm32f4xx_hal_flash.o
HAL_FLASH_Unlock                                  build/stm32f4xx_hal_flash.o
HAL_GPIO_DeInit                                   build/stm32f4xx_hal_gpio.o
                                                  build/stm32f4xx_hal_msp.o
HAL_GPIO_EXTI_Callback                            build/stm32f4xx_hal_gpio.o
HAL_GPIO_EXTI_IRQHandler                          build/stm32f4xx_hal_gpio.o
HAL_GPIO_Init                                     build/stm32f4xx_hal_gpio.o
                                                  build/stm32f4xx_hal_rcc.o
                                                  build/stm32f4xx_hal_msp.o
                                                  build/main.o
HAL_GPIO_LockPin                                  build/stm32f4xx_hal_gpio.o
HAL_GPIO_ReadPin                                  build/stm32f4xx_hal_gpio.o
HAL_GPIO_TogglePin                                build/stm32f4xx_hal_gpio.o
                                                  build/main.o
HAL_GPIO_WritePin                                 build/stm32f4xx_hal_gpio.o
                                                  build/main.o
HAL_GetDEVID                                      build/stm32f4xx_hal.o
HAL_GetHalVersion                                 build/stm32f4xx_hal.o
HAL_GetREVID                                      build/stm32f4xx_hal.o
HAL_GetTick                                       build/stm32f4xx_hal.o
                                                  build/stm32f4xx_hal_uart.o
                                                  build/stm32f4xx_hal_i2c.o
                                                  build/stm32f4xx_hal_pwr_ex.o
                                                  build/stm32f4xx_hal_dma.o
                                                  build/stm32f4xx_hal_flash.o
                                                  build/stm32f4xx_hal_rcc_ex.o
                                                  build/stm32f4xx_hal_rcc.o
                                                  build/stm32f4xx_hal_rtc_ex.o
                                                  build/stm32f4xx_hal_rtc.o
HAL_GetTickFreq                                   build/stm32f4xx_hal.o
HAL_GetTickPrio                                   build/stm32f4xx_hal.o
HAL_GetUIDw0                                      build/stm32f4xx_hal.o
HAL_GetUIDw1                                      build/stm32f4xx_hal.o
HAL_GetUIDw2                                      build/stm32f4xx_hal.o
HAL_HalfDuplex_EnableReceiver                     build/stm32f4xx_hal_uart.o
HAL_HalfDuplex_EnableTransmitter                  build/stm32f4xx_hal_uart.o
HAL_HalfDuplex_Init                               build/stm32f4xx_hal_uart.o
HAL_I2C_AbortCpltCallback                         build/stm32f4xx_hal_i2c.o
HAL_I2C_AddrCallback                              build/stm32f4xx_hal_i2c.o
HAL_I2C_DeInit                                    build/stm32f4xx_hal_i2c.o
HAL_I2C_DisableListen_IT                          build/stm32f4xx_hal_i2c.o
HAL_I2C_ER_IRQHandler                             build/stm32f4xx_hal_i2c.o
HAL_I2C_EV_IRQHandler                             build/stm32f4xx_hal_i2c.o
HAL_I2C_EnableListen_IT                           build/stm32f4xx_hal_i2c.o
HAL_I2C_ErrorCallback                             build/stm32f4xx_hal_i2c.o
HAL_I2C_GetError                                  build/stm32f4xx_hal_i2c.o
HAL_I2C_GetMode                                   build/stm32f4xx_hal_i2c.o
HAL_I2C_GetState                                  build/stm32f4xx_hal_i2c.o
HAL_I2C_Init                                      build/stm32f4xx_hal_i2c.o
                                                  build/main.o
HAL_I2C_IsDeviceReady                             build/stm32f4xx_hal_i2c.o
HAL_I2C_ListenCpltCallback                        build/stm32f4xx_hal_i2c.o
HAL_I2C_MasterRxCpltCallback                      build/stm32f4xx_hal_i2c.o
HAL_I2C_MasterTxCpltCallback                      build/stm32f4xx_hal_i2c.o
HAL_I2C_Master_Abort_IT                           build/stm32f4xx_hal_i2c.o
HAL_I2C_Master_Receive                            build/stm32f4xx_hal_i2c.o
HAL_I2C_Master_Receive_DMA                        build/stm32f4xx_hal_i2c.o
HAL_I2C_Master_Receive_IT                         build/stm32f4xx_hal_i2c.o
HAL_I2C_Master_Seq_Receive_DMA                    build/stm32f4xx_hal_i2c.o
HAL_I2C_Master_Seq_Receive_IT                     build/stm32f4xx_hal_i2c.o
HAL_I2C_Master_Seq_Transmit_DMA                   build/stm32f4xx_hal_i2c.o
HAL_I2C_Master_Seq_Transmit_IT                    build/stm32f4xx_hal_i2c.o
HAL_I2C_Master_Transmit                           build/stm32f4xx_hal_i2c.o
HAL_I2C_Master_Transmit_DMA                       build/stm32f4xx_hal_i2c.o
HAL_I2C_Master_Transmit_IT                        build/stm32f4xx_hal_i2c.o
HAL_I2C_MemRxCpltCallback                         build/stm32f4xx_hal_i2c.o
HAL_I2C_MemTxCpltCallback                         build/stm32f4xx_hal_i2c.o
HAL_I2C_Mem_Read                                  build/stm32f4xx_hal_i2c.o
HAL_I2C_Mem_Read_DMA                              build/stm32f4xx_hal_i2c.o
HAL_I2C_Mem_Read_IT                               build/stm32f4xx_hal_i2c.o
HAL_I2C_Mem_Write                                 build/stm32f4xx_hal_i2c.o
HAL_I2C_Mem_Write_DMA                             build/stm32f4xx_hal_i2c.o
HAL_I2C_Mem_Write_IT                              build/stm32f4xx_hal_i2c.o
HAL_I2C_MspDeInit                                 build/stm32f4xx_hal_msp.o
HAL_I2C_MspInit                                   build/stm32f4xx_hal_msp.o
HAL_I2C_SlaveRxCpltCallback                       build/stm32f4xx_hal_i2c.o
HAL_I2C_SlaveTxCpltCallback                       build/stm32f4xx_hal_i2c.o
HAL_I2C_Slave_Receive                             build/stm32f4xx_hal_i2c.o
HAL_I2C_Slave_Receive_DMA                         build/stm32f4xx_hal_i2c.o
HAL_I2C_Slave_Receive_IT                          build/stm32f4xx_hal_i2c.o
HAL_I2C_Slave_Seq_Receive_DMA                     build/stm32f4xx_hal_i2c.o
HAL_I2C_Slave_Seq_Receive_IT                      build/stm32f4xx_hal_i2c.o
HAL_I2C_Slave_Seq_Transmit_DMA                    build/stm32f4xx_hal_i2c.o
HAL_I2C_Slave_Seq_Transmit_IT                     build/stm32f4xx_hal_i2c.o
HAL_I2C_Slave_Transmit                            build/stm32f4xx_hal_i2c.o
HAL_I2C_Slave_Transmit_DMA                        build/stm32f4xx_hal_i2c.o
HAL_I2C_Slave_Transmit_IT                         build/stm32f4xx_hal_i2c.o
HAL_IncTick                                       build/stm32f4xx_hal.o
                                                  build/stm32f4xx_it.o
HAL_Init                                          build/stm32f4xx_hal.o
                                                  build/main.o
HAL_InitTick                                      build/stm32f4xx_hal.o
                                                  build/stm32f4xx_hal_rcc_ex.o
                                                  build/stm32f4xx_hal_rcc.o
HAL_LIN_Init                                      build/stm32f4xx_hal_uart.o
HAL_LIN_SendBreak                                 build/stm32f4xx_hal_uart.o
HAL_MPU_ConfigRegion                              build/stm32f4xx_hal_cortex.o
HAL_MPU_Disable                                   build/stm32f4xx_hal_cortex.o
HAL_MPU_Enable                                    build/stm32f4xx_hal_cortex.o
HAL_MspDeInit                                     build/stm32f4xx_hal.o
HAL_MspInit                                       build/stm32f4xx_hal_msp.o
HAL_MultiProcessor_EnterMuteMode                  build/stm32f4xx_hal_uart.o
HAL_MultiProcessor_ExitMuteMode                   build/stm32f4xx_hal_uart.o
HAL_MultiProcessor_Init                           build/stm32f4xx_hal_uart.o
HAL_NVIC_ClearPendingIRQ                          build/stm32f4xx_hal_cortex.o
HAL_NVIC_DisableIRQ                               build/stm32f4xx_hal_cortex.o
HAL_NVIC_EnableIRQ                                build/stm32f4xx_hal_cortex.o
HAL_NVIC_GetActive                                build/stm32f4xx_hal_cortex.o
HAL_NVIC_GetPendingIRQ                            build/stm32f4xx_hal_cortex.o
HAL_NVIC_GetPriority                              build/stm32f4xx_hal_cortex.o
HAL_NVIC_GetPriorityGrouping                      build/stm32f4xx_hal_cortex.o
HAL_NVIC_SetPendingIRQ                            build/stm32f4xx_hal_cortex.o
HAL_NVIC_SetPriority                              build/stm32f4xx_hal_cortex.o
                                                  build/stm32f4xx_hal.o
HAL_NVIC_SetPriorityGrouping                      build/stm32f4xx_hal_cortex.o
                                                  build/stm32f4xx_hal.o
HAL_NVIC_SystemReset                              build/stm32f4xx_hal_cortex.o
HAL_PWREx_ControlVoltageScaling                   build/stm32f4xx_hal_pwr_ex.o
HAL_PWREx_DisableBkUpReg                          build/stm32f4xx_hal_pwr_ex.o
HAL_PWREx_DisableFlashPowerDown                   build/stm32f4xx_hal_pwr_ex.o
HAL_PWREx_EnableBkUpReg                           build/stm32f4xx_hal_pwr_ex.o
HAL_PWREx_EnableFlashPowerDown                    build/stm32f4xx_hal_pwr_ex.o
HAL_PWREx_GetVoltageRange                         build/stm32f4xx_hal_pwr_ex.o
HAL_PWR_ConfigPVD                                 build/stm32f4xx_hal_pwr.o
HAL_PWR_DeInit                                    build/stm32f4xx_hal_pwr.o
HAL_PWR_DisableBkUpAccess                         build/stm32f4xx_hal_pwr.o
HAL_PWR_DisablePVD                                build/stm32f4xx_hal_pwr.o
HAL_PWR_DisableSEVOnPend                          build/stm32f4xx_hal_pwr.o
HAL_PWR_DisableSleepOnExit                        build/stm32f4xx_hal_pwr.o
HAL_PWR_DisableWakeUpPin                          build/stm32f4xx_hal_pwr.o
HAL_PWR_EnableBkUpAccess                          build/stm32f4xx_hal_pwr.o
HAL_PWR_EnablePVD                                 build/stm32f4xx_hal_pwr.o
HAL_PWR_EnableSEVOnPend                           build/stm32f4xx_hal_pwr.o
HAL_PWR_EnableSleepOnExit                         build/stm32f4xx_hal_pwr.o
HAL_PWR_EnableWakeUpPin                           build/stm32f4xx_hal_pwr.o
HAL_PWR_EnterSLEEPMode                            build/stm32f4xx_hal_pwr.o
HAL_PWR_EnterSTANDBYMode                          build/stm32f4xx_hal_pwr.o
HAL_PWR_EnterSTOPMode                             build/stm32f4xx_hal_pwr.o
HAL_PWR_PVDCallback                               build/stm32f4xx_hal_pwr.o
HAL_PWR_PVD_IRQHandler                            build/stm32f4xx_hal_pwr.o
HAL_RCCEx_DisablePLLI2S                           build/stm32f4xx_hal_rcc_ex.o
HAL_RCCEx_EnablePLLI2S                            build/stm32f4xx_hal_rcc_ex.o
HAL_RCCEx_GetPeriphCLKConfig                      build/stm32f4xx_hal_rcc_ex.o
HAL_RCCEx_GetPeriphCLKFreq                        build/stm32f4xx_hal_rcc_ex.o
HAL_RCCEx_PeriphCLKConfig                         build/stm32f4xx_hal_rcc_ex.o
                                                  build/main.o
HAL_RCC_CSSCallback                               build/stm32f4xx_hal_rcc.o
HAL_RCC_ClockConfig                               build/stm32f4xx_hal_rcc.o
                                                  build/main.o
HAL_RCC_DeInit                                    build/stm32f4xx_hal_rcc_ex.o
                                                  build/stm32f4xx_hal_rcc.o
HAL_RCC_DisableCSS                                build/stm32f4xx_hal_rcc.o
HAL_RCC_EnableCSS                                 build/stm32f4xx_hal_rcc.o
HAL_RCC_GetClockConfig                            build/stm32f4xx_hal_rcc.o
HAL_RCC_GetHCLKFreq                               build/stm32f4xx_hal_rcc.o
HAL_RCC_GetOscConfig                              build/stm32f4xx_hal_rcc.o
HAL_RCC_GetPCLK1Freq                              build/stm32f4xx_hal_rcc.o
                                                  build/stm32f4xx_hal_uart.o
                                                  build/stm32f4xx_hal_i2c.o
HAL_RCC_GetPCLK2Freq                              build/stm32f4xx_hal_rcc.o
                                                  build/stm32f4xx_hal_uart.o
HAL_RCC_GetSysClockFreq                           build/stm32f4xx_hal_rcc.o
HAL_RCC_MCOConfig                                 build/stm32f4xx_hal_rcc.o
HAL_RCC_NMI_IRQHandler                            build/stm32f4xx_hal_rcc.o
HAL_RCC_OscConfig                                 build/stm32f4xx_hal_rcc.o
                                                  build/main.o
HAL_RTCEx_AlarmBEventCallback                     build/stm32f4xx_hal_rtc_ex.o
                                                  build/stm32f4xx_hal_rtc.o
HAL_RTCEx_BKUPRead                                build/stm32f4xx_hal_rtc_ex.o
HAL_RTCEx_BKUPWrite                               build/stm32f4xx_hal_rtc_ex.o
HAL_RTCEx_DeactivateCalibrationOutPut             build/stm32f4xx_hal_rtc_ex.o
HAL_RTCEx_DeactivateCoarseCalib                   build/stm32f4xx_hal_rtc_ex.o
HAL_RTCEx_DeactivateRefClock                      build/stm32f4xx_hal_rtc_ex.o
HAL_RTCEx_DeactivateTamper                        build/stm32f4xx_hal_rtc_ex.o
HAL_RTCEx_DeactivateTimeStamp                     build/stm32f4xx_hal_rtc_ex.o
HAL_RTCEx_DeactivateWakeUpTimer                   build/stm32f4xx_hal_rtc_ex.o
HAL_RTCEx_DisableBypassShadow                     build/stm32f4xx_hal_rtc_ex.o
HAL_RTCEx_EnableBypassShadow                      build/stm32f4xx_hal_rtc_ex.o
HAL_RTCEx_GetTimeStamp                            build/stm32f4xx_hal_rtc_ex.o
HAL_RTCEx_GetWakeUpTimer                          build/stm32f4xx_hal_rtc_ex.o
HAL_RTCEx_PollForAlarmBEvent                      build/stm32f4xx_hal_rtc_ex.o
HAL_RTCEx_PollForTamper1Event                     build/stm32f4xx_hal_rtc_ex.o
HAL_RTCEx_PollForTamper2Event                     build/stm32f4xx_hal_rtc_ex.o
HAL_RTCEx_PollForTimeStampEvent                   build/stm32f4xx_hal_rtc_ex.o
HAL_RTCEx_PollForWakeUpTimerEvent                 build/stm32f4xx_hal_rtc_ex.o
HAL_RTCEx_SetCalibrationOutPut                    build/stm32f4xx_hal_rtc_ex.o
HAL_RTCEx_SetCoarseCalib                          build/stm32f4xx_hal_rtc_ex.o
HAL_RTCEx_SetRefClock                             build/stm32f4xx_hal_rtc_ex.o
HAL_RTCEx_SetSmoothCalib                          build/stm32f4xx_hal_rtc_ex.o
HAL_RTCEx_SetSynchroShift                         build/stm32f4xx_hal_rtc_ex.o
HAL_RTCEx_SetTamper                               build/stm32f4xx_hal_rtc_ex.o
HAL_RTCEx_SetTamper_IT                            build/stm32f4xx_hal_rtc_ex.o
HAL_RTCEx_SetTimeStamp                            build/stm32f4xx_hal_rtc_ex.o
HAL_RTCEx_SetTimeStamp_IT                         build/stm32f4xx_hal_rtc_ex.o
HAL_RTCEx_SetWakeUpTimer                          build/stm32f4xx_hal_rtc_ex.o
HAL_RTCEx_SetWakeUpTimer_IT                       build/stm32f4xx_hal_rtc_ex.o
HAL_RTCEx_Tamper1EventCallback                    build/stm32f4xx_hal_rtc_ex.o
HAL_RTCEx_Tamper2EventCallback                    build/stm32f4xx_hal_rtc_ex.o
HAL_RTCEx_TamperTimeStampIRQHandler               build/stm32f4xx_hal_rtc_ex.o
HAL_RTCEx_TimeStampEventCallback                  build/stm32f4xx_hal_rtc_ex.o
HAL_RTCEx_WakeUpTimerEventCallback                build/stm32f4xx_hal_rtc_ex.o
HAL_RTCEx_WakeUpTimerIRQHandler                   build/stm32f4xx_hal_rtc_ex.o
HAL_RTC_AlarmAEventCallback                       build/stm32f4xx_hal_rtc.o
HAL_RTC_AlarmIRQHandler                           build/stm32f4xx_hal_rtc.o
HAL_RTC_DST_Add1Hour                              build/stm32f4xx_hal_rtc.o
HAL_RTC_DST_ClearStoreOperation                   build/stm32f4xx_hal_rtc.o
HAL_RTC_DST_ReadStoreOperation                    build/stm32f4xx_hal_rtc.o
HAL_RTC_DST_SetStoreOperation                     build/stm32f4xx_hal_rtc.o
HAL_RTC_DST_Sub1Hour                              build/stm32f4xx_hal_rtc.o
HAL_RTC_DeInit                                    build/stm32f4xx_hal_rtc.o
HAL_RTC_DeactivateAlarm                           build/stm32f4xx_hal_rtc.o
HAL_RTC_GetAlarm                                  build/stm32f4xx_hal_rtc.o
HAL_RTC_GetDate                                   build/stm32f4xx_hal_rtc.o
HAL_RTC_GetState                                  build/stm32f4xx_hal_rtc.o
HAL_RTC_GetTime                                   build/stm32f4xx_hal_rtc.o
HAL_RTC_Init                                      build/stm32f4xx_hal_rtc.o
                                                  build/main.o
HAL_RTC_MspDeInit                                 build/stm32f4xx_hal_msp.o
HAL_RTC_MspInit                                   build/stm32f4xx_hal_msp.o
HAL_RTC_PollForAlarmAEvent                        build/stm32f4xx_hal_rtc.o
HAL_RTC_SetAlarm                                  build/stm32f4xx_hal_rtc.o
HAL_RTC_SetAlarm_IT                               build/stm32f4xx_hal_rtc.o
HAL_RTC_SetDate                                   build/stm32f4xx_hal_rtc.o
HAL_RTC_SetTime                                   build/stm32f4xx_hal_rtc.o
HAL_RTC_WaitForSynchro                            build/stm32f4xx_hal_rtc.o
                                                  build/stm32f4xx_hal_rtc_ex.o
HAL_ResumeTick                                    build/stm32f4xx_hal.o
HAL_SYSTICK_CLKSourceConfig                       build/stm32f4xx_hal_cortex.o
HAL_SYSTICK_Callback                              build/stm32f4xx_hal_cortex.o
HAL_SYSTICK_Config                                build/stm32f4xx_hal_cortex.o
                                                  build/stm32f4xx_hal.o
HAL_SYSTICK_IRQHandler                            build/stm32f4xx_hal_cortex.o
HAL_SetTickFreq                                   build/stm32f4xx_hal.o
HAL_SuspendTick                                   build/stm32f4xx_hal.o
HAL_UARTEx_ReceiveToIdle                          build/stm32f4xx_hal_uart.o
HAL_UARTEx_ReceiveToIdle_DMA                      build/stm32f4xx_hal_uart.o
HAL_UARTEx_ReceiveToIdle_IT                       build/stm32f4xx_hal_uart.o
HAL_UARTEx_RxEventCallback                        build/stm32f4xx_hal_uart.o
HAL_UART_Abort                                    build/stm32f4xx_hal_uart.o
HAL_UART_AbortCpltCallback                        build/stm32f4xx_hal_uart.o
HAL_UART_AbortReceive                             build/stm32f4xx_hal_uart.o
HAL_UART_AbortReceiveCpltCallback                 build/stm32f4xx_hal_uart.o
HAL_UART_AbortReceive_IT                          build/stm32f4xx_hal_uart.o
HAL_UART_AbortTransmit                            build/stm32f4xx_hal_uart.o
HAL_UART_AbortTransmitCpltCallback                build/stm32f4xx_hal_uart.o
HAL_UART_AbortTransmit_IT                         build/stm32f4xx_hal_uart.o
HAL_UART_Abort_IT                                 build/stm32f4xx_hal_uart.o
HAL_UART_DMAPause                                 build/stm32f4xx_hal_uart.o
HAL_UART_DMAResume                                build/stm32f4xx_hal_uart.o
HAL_UART_DMAStop                                  build/stm32f4xx_hal_uart.o
HAL_UART_DeInit                                   build/stm32f4xx_hal_uart.o
HAL_UART_ErrorCallback                            build/stm32f4xx_hal_uart.o
HAL_UART_GetError                                 build/stm32f4xx_hal_uart.o
HAL_UART_GetState                                 build/stm32f4xx_hal_uart.o
HAL_UART_IRQHandler                               build/stm32f4xx_hal_uart.o
HAL_UART_Init                                     build/stm32f4xx_hal_uart.o
                                                  build/main.o
HAL_UART_MspDeInit                                build/stm32f4xx_hal_msp.o
HAL_UART_MspInit                                  build/stm32f4xx_hal_msp.o
HAL_UART_Receive                                  build/stm32f4xx_hal_uart.o
HAL_UART_Receive_DMA                              build/stm32f4xx_hal_uart.o
HAL_UART_Receive_IT                               build/stm32f4xx_hal_uart.o
HAL_UART_RxCpltCallback                           build/stm32f4xx_hal_uart.o
HAL_UART_RxHalfCpltCallback                       build/stm32f4xx_hal_uart.o
HAL_UART_Transmit                                 build/stm32f4xx_hal_uart.o
                                                  build/main.o
HAL_UART_Transmit_DMA                             build/stm32f4xx_hal_uart.o
HAL_UART_Transmit_IT                              build/stm32f4xx_hal_uart.o
HAL_UART_TxCpltCallback                           build/stm32f4xx_hal_uart.o
HAL_UART_TxHalfCpltCallback                       build/stm32f4xx_hal_uart.o
HASH_RNG_IRQHandler                               build/startup_stm32f407xx.o
HardFault_Handler                                 build/stm32f4xx_it.o
I2C1_ER_IRQHandler                                build/startup_stm32f407xx.o
I2C1_EV_IRQHandler                                build/startup_stm32f407xx.o
I2C2_ER_IRQHandler                                build/startup_stm32f407xx.o
I2C2_EV_IRQHandler                                build/startup_stm32f407xx.o
I2C3_ER_IRQHandler                                build/startup_stm32f407xx.o
I2C3_EV_IRQHandler                                build/startup_stm32f407xx.o
MemManage_Handler                                 build/stm32f4xx_it.o
NMI_Handler                                       build/stm32f4xx_it.o
OTG_FS_IRQHandler                                 build/startup_stm32f407xx.o
OTG_FS_WKUP_IRQHandler                            build/startup_stm32f407xx.o
OTG_HS_EP1_IN_IRQHandler                          build/startup_stm32f407xx.o
OTG_HS_EP1_OUT_IRQHandler                         build/startup_stm32f407xx.o
OTG_HS_IRQHandler                                 build/startup_stm32f407xx.o
OTG_HS_WKUP_IRQHandler                            build/startup_stm32f407xx.o
PVD_IRQHandler                                    build/startup_stm32f407xx.o
PendSV_Handler                                    build/stm32f4xx_it.o
RCC_IRQHandler                                    build/startup_stm32f407xx.o
RTC_Alarm_IRQHandler                              build/startup_stm32f407xx.o
RTC_Bcd2ToByte                                    build/stm32f4xx_hal_rtc.o
                                                  build/stm32f4xx_hal_rtc_ex.o
RTC_ByteToBcd2                                    build/stm32f4xx_hal_rtc.o
RTC_EnterInitMode                                 build/stm32f4xx_hal_rtc.o
                                                  build/stm32f4xx_hal_rtc_ex.o
RTC_WKUP_IRQHandler                               build/startup_stm32f407xx.o
Reset_Handler                                     build/startup_stm32f407xx.o
SDIO_IRQHandler                                   build/startup_stm32f407xx.o
SPI1_IRQHandler                                   build/startup_stm32f407xx.o
SPI2_IRQHandler                                   build/startup_stm32f407xx.o
SPI3_IRQHandler                                   build/startup_stm32f407xx.o
SVC_Handler                                       build/stm32f4xx_it.o
SysTick_Handler                                   build/stm32f4xx_it.o
SystemClock_Config                                build/main.o
SystemCoreClock                                   build/system_stm32f4xx.o
                                                  build/stm32f4xx_hal_i2c.o
                                                  build/stm32f4xx_hal.o
                                                  build/stm32f4xx_hal_dma.o
                                                  build/stm32f4xx_hal_rcc_ex.o
                                                  build/stm32f4xx_hal_rcc.o
                                                  build/stm32f4xx_hal_rtc_ex.o
                                                  build/stm32f4xx_hal_rtc.o
SystemCoreClockUpdate                             build/system_stm32f4xx.o
SystemInit                                        build/system_stm32f4xx.o
                                                  build/startup_stm32f407xx.o
TAMP_STAMP_IRQHandler                             build/startup_stm32f407xx.o
TIM1_BRK_TIM9_IRQHandler                          build/startup_stm32f407xx.o
TIM1_CC_IRQHandler                                build/startup_stm32f407xx.o
TIM1_TRG_COM_TIM11_IRQHandler                     build/startup_stm32f407xx.o
TIM1_UP_TIM10_IRQHandler                          build/startup_stm32f407xx.o
TIM2_IRQHandler                                   build/startup_stm32f407xx.o
TIM3_IRQHandler                                   build/startup_stm32f407xx.o
TIM4_IRQHandler                                   build/startup_stm32f407xx.o
TIM5_IRQHandler                                   build/startup_stm32f407xx.o
TIM6_DAC_IRQHandler                               build/startup_stm32f407xx.o
TIM7_IRQHandler                                   build/startup_stm32f407xx.o
TIM8_BRK_TIM12_IRQHandler                         build/startup_stm32f407xx.o
TIM8_CC_IRQHandler                                build/startup_stm32f407xx.o
TIM8_TRG_COM_TIM14_IRQHandler                     build/startup_stm32f407xx.o
TIM8_UP_TIM13_IRQHandler                          build/startup_stm32f407xx.o
UART4_IRQHandler                                  build/startup_stm32f407xx.o
UART5_IRQHandler                                  build/startup_stm32f407xx.o
UART_Start_Receive_DMA                            build/stm32f4xx_hal_uart.o
UART_Start_Receive_IT                             build/stm32f4xx_hal_uart.o
USART1_IRQHandler                                 build/startup_stm32f407xx.o
USART2_IRQHandler                                 build/startup_stm32f407xx.o
USART3_IRQHandler                                 build/startup_stm32f407xx.o
USART6_IRQHandler                                 build/startup_stm32f407xx.o
UsageFault_Handler                                build/stm32f4xx_it.o
WWDG_IRQHandler                                   build/startup_stm32f407xx.o
__aeabi_idiv0                                     /home/tatsuya/opt/gcc-arm-none-eabi-10-2020-q4-major/bin/../lib/gcc/arm-none-eabi/10.2.1/thumb/v7e-m+fp/hard/libgcc.a(_dvmd_tls.o)
__aeabi_ldiv0                                     /home/tatsuya/opt/gcc-arm-none-eabi-10-2020-q4-major/bin/../lib/gcc/arm-none-eabi/10.2.1/thumb/v7e-m+fp/hard/libgcc.a(_dvmd_tls.o)
                                                  /home/tatsuya/opt/gcc-arm-none-eabi-10-2020-q4-major/bin/../lib/gcc/arm-none-eabi/10.2.1/thumb/v7e-m+fp/hard/libgcc.a(_aeabi_uldivmod.o)
__aeabi_uldivmod                                  /home/tatsuya/opt/gcc-arm-none-eabi-10-2020-q4-major/bin/../lib/gcc/arm-none-eabi/10.2.1/thumb/v7e-m+fp/hard/libgcc.a(_aeabi_uldivmod.o)
                                                  build/stm32f4xx_hal_uart.o
                                                  build/stm32f4xx_hal_rcc.o
__bss_end__                                       /home/tatsuya/opt/gcc-arm-none-eabi-10-2020-q4-major/bin/../lib/gcc/arm-none-eabi/10.2.1/../../../../arm-none-eabi/lib/thumb/v7e-m+fp/hard/crt0.o
__bss_start__                                     /home/tatsuya/opt/gcc-arm-none-eabi-10-2020-q4-major/bin/../lib/gcc/arm-none-eabi/10.2.1/../../../../arm-none-eabi/lib/thumb/v7e-m+fp/hard/crt0.o
__call_exitprocs                                  /home/tatsuya/opt/gcc-arm-none-eabi-10-2020-q4-major/bin/../lib/gcc/arm-none-eabi/10.2.1/../../../../arm-none-eabi/lib/thumb/v7e-m+fp/hard/libc_nano.a(lib_a-exit.o)
__deregister_frame_info                           /home/tatsuya/opt/gcc-arm-none-eabi-10-2020-q4-major/bin/../lib/gcc/arm-none-eabi/10.2.1/thumb/v7e-m+fp/hard/crtbegin.o
__dso_handle                                      /home/tatsuya/opt/gcc-arm-none-eabi-10-2020-q4-major/bin/../lib/gcc/arm-none-eabi/10.2.1/thumb/v7e-m+fp/hard/crtbegin.o
__init_array_end                                  /home/tatsuya/opt/gcc-arm-none-eabi-10-2020-q4-major/bin/../lib/gcc/arm-none-eabi/10.2.1/../../../../arm-none-eabi/lib/thumb/v7e-m+fp/hard/libc_nano.a(lib_a-init.o)
__init_array_start                                /home/tatsuya/opt/gcc-arm-none-eabi-10-2020-q4-major/bin/../lib/gcc/arm-none-eabi/10.2.1/../../../../arm-none-eabi/lib/thumb/v7e-m+fp/hard/libc_nano.a(lib_a-init.o)
__libc_fini_array                                 /home/tatsuya/opt/gcc-arm-none-eabi-10-2020-q4-major/bin/../lib/gcc/arm-none-eabi/10.2.1/../../../../arm-none-eabi/lib/thumb/v7e-m+fp/hard/crt0.o
__libc_init_array                                 /home/tatsuya/opt/gcc-arm-none-eabi-10-2020-q4-major/bin/../lib/gcc/arm-none-eabi/10.2.1/../../../../arm-none-eabi/lib/thumb/v7e-m+fp/hard/libc_nano.a(lib_a-init.o)
                                                  build/startup_stm32f407xx.o
                                                  /home/tatsuya/opt/gcc-arm-none-eabi-10-2020-q4-major/bin/../lib/gcc/arm-none-eabi/10.2.1/../../../../arm-none-eabi/lib/thumb/v7e-m+fp/hard/crt0.o
__preinit_array_end                               /home/tatsuya/opt/gcc-arm-none-eabi-10-2020-q4-major/bin/../lib/gcc/arm-none-eabi/10.2.1/../../../../arm-none-eabi/lib/thumb/v7e-m+fp/hard/libc_nano.a(lib_a-init.o)
__preinit_array_start                             /home/tatsuya/opt/gcc-arm-none-eabi-10-2020-q4-major/bin/../lib/gcc/arm-none-eabi/10.2.1/../../../../arm-none-eabi/lib/thumb/v7e-m+fp/hard/libc_nano.a(lib_a-init.o)
__register_frame_info                             /home/tatsuya/opt/gcc-arm-none-eabi-10-2020-q4-major/bin/../lib/gcc/arm-none-eabi/10.2.1/thumb/v7e-m+fp/hard/crtbegin.o
__sf_fake_stderr                                  /home/tatsuya/opt/gcc-arm-none-eabi-10-2020-q4-major/bin/../lib/gcc/arm-none-eabi/10.2.1/../../../../arm-none-eabi/lib/thumb/v7e-m+fp/hard/libc_nano.a(lib_a-impure.o)
__sf_fake_stdin                                   /home/tatsuya/opt/gcc-arm-none-eabi-10-2020-q4-major/bin/../lib/gcc/arm-none-eabi/10.2.1/../../../../arm-none-eabi/lib/thumb/v7e-m+fp/hard/libc_nano.a(lib_a-impure.o)
__sf_fake_stdout                                  /home/tatsuya/opt/gcc-arm-none-eabi-10-2020-q4-major/bin/../lib/gcc/arm-none-eabi/10.2.1/../../../../arm-none-eabi/lib/thumb/v7e-m+fp/hard/libc_nano.a(lib_a-impure.o)
__stack                                           /home/tatsuya/opt/gcc-arm-none-eabi-10-2020-q4-major/bin/../lib/gcc/arm-none-eabi/10.2.1/../../../../arm-none-eabi/lib/thumb/v7e-m+fp/hard/crt0.o
__udivmoddi4                                      /home/tatsuya/opt/gcc-arm-none-eabi-10-2020-q4-major/bin/../lib/gcc/arm-none-eabi/10.2.1/thumb/v7e-m+fp/hard/libgcc.a(_udivmoddi4.o)
                                                  /home/tatsuya/opt/gcc-arm-none-eabi-10-2020-q4-major/bin/../lib/gcc/arm-none-eabi/10.2.1/thumb/v7e-m+fp/hard/libgcc.a(_aeabi_uldivmod.o)
_ebss                                             build/startup_stm32f407xx.o
_edata                                            build/startup_stm32f407xx.o
_estack                                           build/startup_stm32f407xx.o
_exit                                             /home/tatsuya/opt/gcc-arm-none-eabi-10-2020-q4-major/bin/../lib/gcc/arm-none-eabi/10.2.1/../../../../arm-none-eabi/lib/thumb/v7e-m+fp/hard/libnosys.a(_exit.o)
                                                  /home/tatsuya/opt/gcc-arm-none-eabi-10-2020-q4-major/bin/../lib/gcc/arm-none-eabi/10.2.1/../../../../arm-none-eabi/lib/thumb/v7e-m+fp/hard/libc_nano.a(lib_a-exit.o)
_fini                                             /home/tatsuya/opt/gcc-arm-none-eabi-10-2020-q4-major/bin/../lib/gcc/arm-none-eabi/10.2.1/thumb/v7e-m+fp/hard/crti.o
_global_impure_ptr                                /home/tatsuya/opt/gcc-arm-none-eabi-10-2020-q4-major/bin/../lib/gcc/arm-none-eabi/10.2.1/../../../../arm-none-eabi/lib/thumb/v7e-m+fp/hard/libc_nano.a(lib_a-impure.o)
                                                  /home/tatsuya/opt/gcc-arm-none-eabi-10-2020-q4-major/bin/../lib/gcc/arm-none-eabi/10.2.1/../../../../arm-none-eabi/lib/thumb/v7e-m+fp/hard/libc_nano.a(lib_a-exit.o)
_impure_ptr                                       /home/tatsuya/opt/gcc-arm-none-eabi-10-2020-q4-major/bin/../lib/gcc/arm-none-eabi/10.2.1/../../../../arm-none-eabi/lib/thumb/v7e-m+fp/hard/libc_nano.a(lib_a-impure.o)
_init                                             /home/tatsuya/opt/gcc-arm-none-eabi-10-2020-q4-major/bin/../lib/gcc/arm-none-eabi/10.2.1/thumb/v7e-m+fp/hard/crti.o
                                                  /home/tatsuya/opt/gcc-arm-none-eabi-10-2020-q4-major/bin/../lib/gcc/arm-none-eabi/10.2.1/../../../../arm-none-eabi/lib/thumb/v7e-m+fp/hard/libc_nano.a(lib_a-init.o)
_mainCRTStartup                                   /home/tatsuya/opt/gcc-arm-none-eabi-10-2020-q4-major/bin/../lib/gcc/arm-none-eabi/10.2.1/../../../../arm-none-eabi/lib/thumb/v7e-m+fp/hard/crt0.o
_sbss                                             build/startup_stm32f407xx.o
_sdata                                            build/startup_stm32f407xx.o
_sidata                                           build/startup_stm32f407xx.o
_stack_init                                       /home/tatsuya/opt/gcc-arm-none-eabi-10-2020-q4-major/bin/../lib/gcc/arm-none-eabi/10.2.1/../../../../arm-none-eabi/lib/thumb/v7e-m+fp/hard/crt0.o
_start                                            /home/tatsuya/opt/gcc-arm-none-eabi-10-2020-q4-major/bin/../lib/gcc/arm-none-eabi/10.2.1/../../../../arm-none-eabi/lib/thumb/v7e-m+fp/hard/crt0.o
atexit                                            /home/tatsuya/opt/gcc-arm-none-eabi-10-2020-q4-major/bin/../lib/gcc/arm-none-eabi/10.2.1/../../../../arm-none-eabi/lib/thumb/v7e-m+fp/hard/crt0.o
exit                                              /home/tatsuya/opt/gcc-arm-none-eabi-10-2020-q4-major/bin/../lib/gcc/arm-none-eabi/10.2.1/../../../../arm-none-eabi/lib/thumb/v7e-m+fp/hard/libc_nano.a(lib_a-exit.o)
                                                  /home/tatsuya/opt/gcc-arm-none-eabi-10-2020-q4-major/bin/../lib/gcc/arm-none-eabi/10.2.1/../../../../arm-none-eabi/lib/thumb/v7e-m+fp/hard/crt0.o
g_pfnVectors                                      build/startup_stm32f407xx.o
hardware_init_hook                                /home/tatsuya/opt/gcc-arm-none-eabi-10-2020-q4-major/bin/../lib/gcc/arm-none-eabi/10.2.1/../../../../arm-none-eabi/lib/thumb/v7e-m+fp/hard/crt0.o
hi2c1                                             build/main.o
hrtc                                              build/main.o
huart2                                            build/main.o
main                                              build/main.o
                                                  build/startup_stm32f407xx.o
                                                  /home/tatsuya/opt/gcc-arm-none-eabi-10-2020-q4-major/bin/../lib/gcc/arm-none-eabi/10.2.1/../../../../arm-none-eabi/lib/thumb/v7e-m+fp/hard/crt0.o
memset                                            /home/tatsuya/opt/gcc-arm-none-eabi-10-2020-q4-major/bin/../lib/gcc/arm-none-eabi/10.2.1/../../../../arm-none-eabi/lib/thumb/v7e-m+fp/hard/libc_nano.a(lib_a-memset.o)
                                                  build/main.o
                                                  /home/tatsuya/opt/gcc-arm-none-eabi-10-2020-q4-major/bin/../lib/gcc/arm-none-eabi/10.2.1/../../../../arm-none-eabi/lib/thumb/v7e-m+fp/hard/crt0.o
pFlash                                            build/stm32f4xx_hal_flash.o
                                                  build/stm32f4xx_hal_flash_ex.o
software_init_hook                                /home/tatsuya/opt/gcc-arm-none-eabi-10-2020-q4-major/bin/../lib/gcc/arm-none-eabi/10.2.1/../../../../arm-none-eabi/lib/thumb/v7e-m+fp/hard/crt0.o
uwTick                                            build/stm32f4xx_hal.o
uwTickFreq                                        build/stm32f4xx_hal.o
uwTickPrio                                        build/stm32f4xx_hal.o
                                                  build/stm32f4xx_hal_rcc_ex.o
                                                  build/stm32f4xx_hal_rcc.o
