Archive member included to satisfy reference by file (symbol)

/opt/homebrew/Caskroom/gcc-arm-embedded/10-2020-q4-major/gcc-arm-none-eabi-10-2020-q4-major/bin/../lib/gcc/arm-none-eabi/10.2.1/../../../../arm-none-eabi/lib/thumb/v7e-m+fp/hard/libc_nano.a(lib_a-exit.o)
                              /opt/homebrew/Caskroom/gcc-arm-embedded/10-2020-q4-major/gcc-arm-none-eabi-10-2020-q4-major/bin/../lib/gcc/arm-none-eabi/10.2.1/../../../../arm-none-eabi/lib/thumb/v7e-m+fp/hard/crt0.o (exit)
/opt/homebrew/Caskroom/gcc-arm-embedded/10-2020-q4-major/gcc-arm-none-eabi-10-2020-q4-major/bin/../lib/gcc/arm-none-eabi/10.2.1/../../../../arm-none-eabi/lib/thumb/v7e-m+fp/hard/libc_nano.a(lib_a-impure.o)
                              /opt/homebrew/Caskroom/gcc-arm-embedded/10-2020-q4-major/gcc-arm-none-eabi-10-2020-q4-major/bin/../lib/gcc/arm-none-eabi/10.2.1/../../../../arm-none-eabi/lib/thumb/v7e-m+fp/hard/libc_nano.a(lib_a-exit.o) (_global_impure_ptr)
/opt/homebrew/Caskroom/gcc-arm-embedded/10-2020-q4-major/gcc-arm-none-eabi-10-2020-q4-major/bin/../lib/gcc/arm-none-eabi/10.2.1/../../../../arm-none-eabi/lib/thumb/v7e-m+fp/hard/libc_nano.a(lib_a-init.o)
                              /opt/homebrew/Caskroom/gcc-arm-embedded/10-2020-q4-major/gcc-arm-none-eabi-10-2020-q4-major/bin/../lib/gcc/arm-none-eabi/10.2.1/../../../../arm-none-eabi/lib/thumb/v7e-m+fp/hard/crt0.o (__libc_init_array)
/opt/homebrew/Caskroom/gcc-arm-embedded/10-2020-q4-major/gcc-arm-none-eabi-10-2020-q4-major/bin/../lib/gcc/arm-none-eabi/10.2.1/../../../../arm-none-eabi/lib/thumb/v7e-m+fp/hard/libc_nano.a(lib_a-malloc.o)
                              build/usbh_cdc.o (malloc)
/opt/homebrew/Caskroom/gcc-arm-embedded/10-2020-q4-major/gcc-arm-none-eabi-10-2020-q4-major/bin/../lib/gcc/arm-none-eabi/10.2.1/../../../../arm-none-eabi/lib/thumb/v7e-m+fp/hard/libc_nano.a(lib_a-memset.o)
                              /opt/homebrew/Caskroom/gcc-arm-embedded/10-2020-q4-major/gcc-arm-none-eabi-10-2020-q4-major/bin/../lib/gcc/arm-none-eabi/10.2.1/../../../../arm-none-eabi/lib/thumb/v7e-m+fp/hard/crt0.o (memset)
/opt/homebrew/Caskroom/gcc-arm-embedded/10-2020-q4-major/gcc-arm-none-eabi-10-2020-q4-major/bin/../lib/gcc/arm-none-eabi/10.2.1/../../../../arm-none-eabi/lib/thumb/v7e-m+fp/hard/libc_nano.a(lib_a-nano-freer.o)
                              /opt/homebrew/Caskroom/gcc-arm-embedded/10-2020-q4-major/gcc-arm-none-eabi-10-2020-q4-major/bin/../lib/gcc/arm-none-eabi/10.2.1/../../../../arm-none-eabi/lib/thumb/v7e-m+fp/hard/libc_nano.a(lib_a-malloc.o) (_free_r)
/opt/homebrew/Caskroom/gcc-arm-embedded/10-2020-q4-major/gcc-arm-none-eabi-10-2020-q4-major/bin/../lib/gcc/arm-none-eabi/10.2.1/../../../../arm-none-eabi/lib/thumb/v7e-m+fp/hard/libc_nano.a(lib_a-nano-mallocr.o)
                              /opt/homebrew/Caskroom/gcc-arm-embedded/10-2020-q4-major/gcc-arm-none-eabi-10-2020-q4-major/bin/../lib/gcc/arm-none-eabi/10.2.1/../../../../arm-none-eabi/lib/thumb/v7e-m+fp/hard/libc_nano.a(lib_a-malloc.o) (_malloc_r)
/opt/homebrew/Caskroom/gcc-arm-embedded/10-2020-q4-major/gcc-arm-none-eabi-10-2020-q4-major/bin/../lib/gcc/arm-none-eabi/10.2.1/../../../../arm-none-eabi/lib/thumb/v7e-m+fp/hard/libc_nano.a(lib_a-sbrkr.o)
                              /opt/homebrew/Caskroom/gcc-arm-embedded/10-2020-q4-major/gcc-arm-none-eabi-10-2020-q4-major/bin/../lib/gcc/arm-none-eabi/10.2.1/../../../../arm-none-eabi/lib/thumb/v7e-m+fp/hard/libc_nano.a(lib_a-nano-mallocr.o) (_sbrk_r)
/opt/homebrew/Caskroom/gcc-arm-embedded/10-2020-q4-major/gcc-arm-none-eabi-10-2020-q4-major/bin/../lib/gcc/arm-none-eabi/10.2.1/../../../../arm-none-eabi/lib/thumb/v7e-m+fp/hard/libc_nano.a(lib_a-sprintf.o)
                              build/main.o (sprintf)
/opt/homebrew/Caskroom/gcc-arm-embedded/10-2020-q4-major/gcc-arm-none-eabi-10-2020-q4-major/bin/../lib/gcc/arm-none-eabi/10.2.1/../../../../arm-none-eabi/lib/thumb/v7e-m+fp/hard/libc_nano.a(lib_a-strlen.o)
                              build/stm32f4xx_it.o (strlen)
/opt/homebrew/Caskroom/gcc-arm-embedded/10-2020-q4-major/gcc-arm-none-eabi-10-2020-q4-major/bin/../lib/gcc/arm-none-eabi/10.2.1/../../../../arm-none-eabi/lib/thumb/v7e-m+fp/hard/libc_nano.a(lib_a-mlock.o)
                              /opt/homebrew/Caskroom/gcc-arm-embedded/10-2020-q4-major/gcc-arm-none-eabi-10-2020-q4-major/bin/../lib/gcc/arm-none-eabi/10.2.1/../../../../arm-none-eabi/lib/thumb/v7e-m+fp/hard/libc_nano.a(lib_a-nano-freer.o) (__malloc_lock)
/opt/homebrew/Caskroom/gcc-arm-embedded/10-2020-q4-major/gcc-arm-none-eabi-10-2020-q4-major/bin/../lib/gcc/arm-none-eabi/10.2.1/../../../../arm-none-eabi/lib/thumb/v7e-m+fp/hard/libc_nano.a(lib_a-nano-svfprintf.o)
                              /opt/homebrew/Caskroom/gcc-arm-embedded/10-2020-q4-major/gcc-arm-none-eabi-10-2020-q4-major/bin/../lib/gcc/arm-none-eabi/10.2.1/../../../../arm-none-eabi/lib/thumb/v7e-m+fp/hard/libc_nano.a(lib_a-sprintf.o) (_svfprintf_r)
[...]
Memory Configuration

Name             Origin             Length             Attributes
RAM              0x0000000020000000 0x0000000000020000 xrw
CCMRAM           0x0000000010000000 0x0000000000010000 xrw
FLASH            0x0000000008000000 0x0000000000100000 xr
*default*        0x0000000000000000 0xffffffffffffffff

Linker script and memory map

LOAD /opt/homebrew/Caskroom/gcc-arm-embedded/10-2020-q4-major/gcc-arm-none-eabi-10-2020-q4-major/bin/../lib/gcc/arm-none-eabi/10.2.1/thumb/v7e-m+fp/hard/crti.o
LOAD /opt/homebrew/Caskroom/gcc-arm-embedded/10-2020-q4-major/gcc-arm-none-eabi-10-2020-q4-major/bin/../lib/gcc/arm-none-eabi/10.2.1/thumb/v7e-m+fp/hard/crtbegin.o
LOAD /opt/homebrew/Caskroom/gcc-arm-embedded/10-2020-q4-major/gcc-arm-none-eabi-10-2020-q4-major/bin/../lib/gcc/arm-none-eabi/10.2.1/../../../../arm-none-eabi/lib/thumb/v7e-m+fp/hard/crt0.o
LOAD build/main.o
LOAD build/stm32f4xx_it.o
LOAD build/stm32f4xx_hal_msp.o
LOAD build/usb_host.o
LOAD build/usbh_conf.o
LOAD build/usbh_platform.o
LOAD build/stm32f4xx_hal_hcd.o
LOAD build/stm32f4xx_ll_usb.o
LOAD build/stm32f4xx_hal_rcc.o
LOAD build/stm32f4xx_hal_rcc_ex.o
LOAD build/stm32f4xx_hal_flash.o
LOAD build/stm32f4xx_hal_flash_ex.o
LOAD build/stm32f4xx_hal_flash_ramfunc.o
LOAD build/stm32f4xx_hal_gpio.o
LOAD build/stm32f4xx_hal_dma_ex.o
LOAD build/stm32f4xx_hal_dma.o
LOAD build/stm32f4xx_hal_pwr.o
LOAD build/stm32f4xx_hal_pwr_ex.o
LOAD build/stm32f4xx_hal_cortex.o
LOAD build/stm32f4xx_hal.o
LOAD build/stm32f4xx_hal_exti.o
LOAD build/stm32f4xx_hal_adc.o
LOAD build/stm32f4xx_hal_adc_ex.o
LOAD build/stm32f4xx_ll_adc.o
LOAD build/stm32f4xx_hal_rtc.o
LOAD build/stm32f4xx_hal_rtc_ex.o
LOAD build/stm32f4xx_hal_tim.o
LOAD build/stm32f4xx_hal_tim_ex.o
LOAD build/stm32f4xx_hal_uart.o
LOAD build/system_stm32f4xx.o
LOAD build/usbh_core.o
LOAD build/usbh_ctlreq.o
LOAD build/usbh_ioreq.o
LOAD build/usbh_pipes.o
LOAD build/usbh_cdc.o
LOAD build/startup_stm32f407xx.o
LOAD /opt/homebrew/Caskroom/gcc-arm-embedded/10-2020-q4-major/gcc-arm-none-eabi-10-2020-q4-major/bin/../lib/gcc/arm-none-eabi/10.2.1/../../../../arm-none-eabi/lib/thumb/v7e-m+fp/hard/libc_nano.a
LOAD /opt/homebrew/Caskroom/gcc-arm-embedded/10-2020-q4-major/gcc-arm-none-eabi-10-2020-q4-major/bin/../lib/gcc/arm-none-eabi/10.2.1/../../../../arm-none-eabi/lib/thumb/v7e-m+fp/hard/libm.a
LOAD /opt/homebrew/Caskroom/gcc-arm-embedded/10-2020-q4-major/gcc-arm-none-eabi-10-2020-q4-major/bin/../lib/gcc/arm-none-eabi/10.2.1/../../../../arm-none-eabi/lib/thumb/v7e-m+fp/hard/libnosys.a
START GROUP
LOAD /opt/homebrew/Caskroom/gcc-arm-embedded/10-2020-q4-major/gcc-arm-none-eabi-10-2020-q4-major/bin/../lib/gcc/arm-none-eabi/10.2.1/thumb/v7e-m+fp/hard/libgcc.a
LOAD /opt/homebrew/Caskroom/gcc-arm-embedded/10-2020-q4-major/gcc-arm-none-eabi-10-2020-q4-major/bin/../lib/gcc/arm-none-eabi/10.2.1/../../../../arm-none-eabi/lib/thumb/v7e-m+fp/hard/libc_nano.a
END GROUP
START GROUP
LOAD /opt/homebrew/Caskroom/gcc-arm-embedded/10-2020-q4-major/gcc-arm-none-eabi-10-2020-q4-major/bin/../lib/gcc/arm-none-eabi/10.2.1/thumb/v7e-m+fp/hard/libgcc.a
LOAD /opt/homebrew/Caskroom/gcc-arm-embedded/10-2020-q4-major/gcc-arm-none-eabi-10-2020-q4-major/bin/../lib/gcc/arm-none-eabi/10.2.1/../../../../arm-none-eabi/lib/thumb/v7e-m+fp/hard/libc_nano.a
END GROUP
LOAD /opt/homebrew/Caskroom/gcc-arm-embedded/10-2020-q4-major/gcc-arm-none-eabi-10-2020-q4-major/bin/../lib/gcc/arm-none-eabi/10.2.1/thumb/v7e-m+fp/hard/crtend.o
LOAD /opt/homebrew/Caskroom/gcc-arm-embedded/10-2020-q4-major/gcc-arm-none-eabi-10-2020-q4-major/bin/../lib/gcc/arm-none-eabi/10.2.1/thumb/v7e-m+fp/hard/crtn.o
                0x0000000020020000                _estack = 0x20020000
                0x0000000000000200                _Min_Heap_Size = 0x200
                0x0000000000000400                _Min_Stack_Size = 0x400

.isr_vector     0x0000000008000000      0x188
                0x0000000008000000                . = ALIGN (0x4)
 *(.isr_vector)
 .isr_vector    0x0000000008000000      0x188 build/startup_stm32f407xx.o
                0x0000000008000000                g_pfnVectors
                0x0000000008000188                . = ALIGN (0x4)

.text           0x0000000008000190     0x56f0
                0x0000000008000190                . = ALIGN (0x4)
 *(.text)
 .text          0x0000000008000190       0x40 /opt/homebrew/Caskroom/gcc-arm-embedded/10-2020-q4-major/gcc-arm-none-eabi-10-2020-q4-major/bin/../lib/gcc/arm-none-eabi/10.2.1/thumb/v7e-m+fp/hard/crtbegin.o
 .text          0x00000000080001d0       0x10 /opt/homebrew/Caskroom/gcc-arm-embedded/10-2020-q4-major/gcc-arm-none-eabi-10-2020-q4-major/bin/../lib/gcc/arm-none-eabi/10.2.1/../../../../arm-none-eabi/lib/thumb/v7e-m+fp/hard/libc_nano.a(lib_a-strlen.o)
                0x00000000080001d0                strlen
 .text          0x00000000080001e0       0xa0 /opt/homebrew/Caskroom/gcc-arm-embedded/10-2020-q4-major/gcc-arm-none-eabi-10-2020-q4-major/bin/../lib/gcc/arm-none-eabi/10.2.1/../../../../arm-none-eabi/lib/thumb/v7e-m+fp/hard/libc_nano.a(lib_a-memchr.o)
                0x00000000080001e0                memchr
 .text          0x0000000008000280       0x30 /opt/homebrew/Caskroom/gcc-arm-embedded/10-2020-q4-major/gcc-arm-none-eabi-10-2020-q4-major/bin/../lib/gcc/arm-none-eabi/10.2.1/thumb/v7e-m+fp/hard/libgcc.a(_aeabi_uldivmod.o)
                0x0000000008000280                __aeabi_uldivmod
 .text          0x00000000080002b0      0x2d0 /opt/homebrew/Caskroom/gcc-arm-embedded/10-2020-q4-major/gcc-arm-none-eabi-10-2020-q4-major/bin/../lib/gcc/arm-none-eabi/10.2.1/thumb/v7e-m+fp/hard/libgcc.a(_udivmoddi4.o)
                0x00000000080002b0                __udivmoddi4
 .text          0x0000000008000580        0x4 /opt/homebrew/Caskroom/gcc-arm-embedded/10-2020-q4-major/gcc-arm-none-eabi-10-2020-q4-major/bin/../lib/gcc/arm-none-eabi/10.2.1/thumb/v7e-m+fp/hard/libgcc.a(_dvmd_tls.o)
                0x0000000008000580                __aeabi_ldiv0
                0x0000000008000580                __aeabi_idiv0
 *(.text*)
 .text.MX_GPIO_Init
                0x0000000008000584      0x1ac build/main.o
 .text.Error_Handler
                0x0000000008000730        0x4 build/main.o
                0x0000000008000730                Error_Handler
 .text.MX_ADC2_Init
                0x0000000008000734       0x6c build/main.o
 .text.MX_RTC_Init
                0x00000000080007a0       0x30 build/main.o
 .text.MX_TIM2_Init
                0x00000000080007d0       0x6c build/main.o
 .text.MX_TIM3_Init
                0x000000000800083c       0x6c build/main.o
 .text.MX_TIM4_Init
                0x00000000080008a8       0x6c build/main.o
 .text.MX_UART4_Init
                0x0000000008000914       0x34 build/main.o
 .text.SystemClock_Config
                0x0000000008000948       0xd0 build/main.o
                0x0000000008000948                SystemClock_Config
 .text.main     0x0000000008000a18       0xc4 build/main.o
                0x0000000008000a18                main
 .text.NMI_Handler
                0x0000000008000adc        0x2 build/stm32f4xx_it.o
                0x0000000008000adc                NMI_Handler
 .text.HardFault_Handler
                0x0000000008000ade        0x2 build/stm32f4xx_it.o
                0x0000000008000ade                HardFault_Handler
 .text.MemManage_Handler
                0x0000000008000ae0        0x2 build/stm32f4xx_it.o
                0x0000000008000ae0                MemManage_Handler
 .text.BusFault_Handler
                0x0000000008000ae2        0x2 build/stm32f4xx_it.o
                0x0000000008000ae2                BusFault_Handler
 .text.UsageFault_Handler
                0x0000000008000ae4        0x2 build/stm32f4xx_it.o
                0x0000000008000ae4                UsageFault_Handler
 .text.SVC_Handler
                0x0000000008000ae6        0x2 build/stm32f4xx_it.o
                0x0000000008000ae6                SVC_Handler
 .text.DebugMon_Handler
                0x0000000008000ae8        0x2 build/stm32f4xx_it.o
                0x0000000008000ae8                DebugMon_Handler
 .text.PendSV_Handler
                0x0000000008000aea        0x2 build/stm32f4xx_it.o
                0x0000000008000aea                PendSV_Handler
 .text.SysTick_Handler
                0x0000000008000aec        0x8 build/stm32f4xx_it.o
                0x0000000008000aec                SysTick_Handler
 .text.TIM2_IRQHandler
                0x0000000008000af4       0x1c build/stm32f4xx_it.o
                0x0000000008000af4                TIM2_IRQHandler
 .text.TIM3_IRQHandler
                0x0000000008000b10       0x38 build/stm32f4xx_it.o
                0x0000000008000b10                TIM3_IRQHandler
 .text.TIM4_IRQHandler
                0x0000000008000b48       0x4c build/stm32f4xx_it.o
                0x0000000008000b48                TIM4_IRQHandler
 .text.OTG_FS_IRQHandler
                0x0000000008000b94       0x10 build/stm32f4xx_it.o
                0x0000000008000b94                OTG_FS_IRQHandler
 .text.HAL_MspInit
                0x0000000008000ba4       0x40 build/stm32f4xx_hal_msp.o
                0x0000000008000ba4                HAL_MspInit
 .text.HAL_ADC_MspInit
                0x0000000008000be4       0x68 build/stm32f4xx_hal_msp.o
                0x0000000008000be4                HAL_ADC_MspInit
 .text.HAL_RTC_MspInit
                0x0000000008000c4c       0x1c build/stm32f4xx_hal_msp.o
                0x0000000008000c4c                HAL_RTC_MspInit
 .text.HAL_TIM_Base_MspInit
                0x0000000008000c68       0xa4 build/stm32f4xx_hal_msp.o
                0x0000000008000c68                HAL_TIM_Base_MspInit
 .text.HAL_UART_MspInit
                0x0000000008000d0c       0x74 build/stm32f4xx_hal_msp.o
                0x0000000008000d0c                HAL_UART_MspInit
 .text.USBH_UserProcess
                0x0000000008000d80       0x2c build/usb_host.o
 .text.MX_USB_HOST_Init
                0x0000000008000dac       0x40 build/usb_host.o
                0x0000000008000dac                MX_USB_HOST_Init
 .text.MX_USB_HOST_Process
                0x0000000008000dec       0x10 build/usb_host.o
                0x0000000008000dec                MX_USB_HOST_Process
 .text.HAL_HCD_MspInit
                0x0000000008000dfc       0x94 build/usbh_conf.o
                0x0000000008000dfc                HAL_HCD_MspInit
 .text.HAL_HCD_SOF_Callback
                0x0000000008000e90        0xc build/usbh_conf.o
                0x0000000008000e90                HAL_HCD_SOF_Callback
 .text.HAL_HCD_Connect_Callback
                0x0000000008000e9c        0xc build/usbh_conf.o
                0x0000000008000e9c                HAL_HCD_Connect_Callback
 .text.HAL_HCD_Disconnect_Callback
                0x0000000008000ea8        0xc build/usbh_conf.o
                0x0000000008000ea8                HAL_HCD_Disconnect_Callback
 .text.HAL_HCD_HC_NotifyURBChange_Callback
                0x0000000008000eb4        0x2 build/usbh_conf.o
                0x0000000008000eb4                HAL_HCD_HC_NotifyURBChange_Callback
 .text.HAL_HCD_PortEnabled_Callback
                0x0000000008000eb6        0xc build/usbh_conf.o
                0x0000000008000eb6                HAL_HCD_PortEnabled_Callback
 .text.HAL_HCD_PortDisabled_Callback
                0x0000000008000ec2        0xc build/usbh_conf.o
                0x0000000008000ec2                HAL_HCD_PortDisabled_Callback
 *fill*         0x0000000008000ece        0x2 
 .text.USBH_LL_Init
                0x0000000008000ed0       0x54 build/usbh_conf.o
                0x0000000008000ed0                USBH_LL_Init
 .text.USBH_LL_GetSpeed
                0x0000000008000f24       0x20 build/usbh_conf.o
                0x0000000008000f24                USBH_LL_GetSpeed
 .text.USBH_LL_GetLastXferSize
                0x0000000008000f44        0xc build/usbh_conf.o
                0x0000000008000f44                USBH_LL_GetLastXferSize
 .text.USBH_LL_GetURBState
                0x0000000008000f50        0xc build/usbh_conf.o
                0x0000000008000f50                USBH_LL_GetURBState
 .text.USBH_LL_DriverVBUS
                0x0000000008000f5c       0x1c build/usbh_conf.o
                0x0000000008000f5c                USBH_LL_DriverVBUS
 .text.USBH_LL_SetToggle
                0x0000000008000f78       0x2a build/usbh_conf.o
                0x0000000008000f78                USBH_LL_SetToggle
 .text.USBH_Delay
                0x0000000008000fa2        0x8 build/usbh_conf.o
                0x0000000008000fa2                USBH_Delay
 .text.USBH_Get_USB_Status
                0x0000000008000faa       0x14 build/usbh_conf.o
                0x0000000008000faa                USBH_Get_USB_Status
 .text.USBH_LL_Start
                0x0000000008000fbe       0x10 build/usbh_conf.o
                0x0000000008000fbe                USBH_LL_Start
 .text.USBH_LL_Stop
                0x0000000008000fce       0x10 build/usbh_conf.o
                0x0000000008000fce                USBH_LL_Stop
 .text.USBH_LL_ResetPort
                0x0000000008000fde       0x10 build/usbh_conf.o
                0x0000000008000fde                USBH_LL_ResetPort
 .text.USBH_LL_OpenPipe
                0x0000000008000fee       0x26 build/usbh_conf.o
                0x0000000008000fee                USBH_LL_OpenPipe
 .text.USBH_LL_ClosePipe
                0x0000000008001014       0x10 build/usbh_conf.o
                0x0000000008001014                USBH_LL_ClosePipe
 .text.USBH_LL_SubmitURB
                0x0000000008001024       0x2a build/usbh_conf.o
                0x0000000008001024                USBH_LL_SubmitURB
 *fill*         0x000000000800104e        0x2 
 .text.MX_DriverVbusFS
                0x0000000008001050       0x18 build/usbh_platform.o
                0x0000000008001050                MX_DriverVbusFS
 .text.HCD_RXQLVL_IRQHandler
                0x0000000008001068       0x9e build/stm32f4xx_hal_hcd.o
 .text.HAL_HCD_HC_Init
                0x0000000008001106       0x8e build/stm32f4xx_hal_hcd.o
                0x0000000008001106                HAL_HCD_HC_Init
 .text.HAL_HCD_HC_Halt
                0x0000000008001194       0x24 build/stm32f4xx_hal_hcd.o
                0x0000000008001194                HAL_HCD_HC_Halt
 .text.HAL_HCD_Init
                0x00000000080011b8       0xa4 build/stm32f4xx_hal_hcd.o
                0x00000000080011b8                HAL_HCD_Init
 .text.HAL_HCD_HC_SubmitRequest
                0x000000000800125c      0x164 build/stm32f4xx_hal_hcd.o
                0x000000000800125c                HAL_HCD_HC_SubmitRequest
 .text.HCD_Port_IRQHandler
                0x00000000080013c0       0xb0 build/stm32f4xx_hal_hcd.o
 .text.HCD_HC_IN_IRQHandler
                0x0000000008001470      0x324 build/stm32f4xx_hal_hcd.o
 .text.HCD_HC_OUT_IRQHandler
                0x0000000008001794      0x30a build/stm32f4xx_hal_hcd.o
 .text.HAL_HCD_IRQHandler
                0x0000000008001a9e      0x146 build/stm32f4xx_hal_hcd.o
                0x0000000008001a9e                HAL_HCD_IRQHandler
 .text.HAL_HCD_Start
                0x0000000008001be4       0x2c build/stm32f4xx_hal_hcd.o
                0x0000000008001be4                HAL_HCD_Start
 .text.HAL_HCD_Stop
                0x0000000008001c10       0x24 build/stm32f4xx_hal_hcd.o
                0x0000000008001c10                HAL_HCD_Stop
 .text.HAL_HCD_ResetPort
                0x0000000008001c34        0xa build/stm32f4xx_hal_hcd.o
                0x0000000008001c34                HAL_HCD_ResetPort
 .text.HAL_HCD_HC_GetURBState
                0x0000000008001c3e        0xc build/stm32f4xx_hal_hcd.o
                0x0000000008001c3e                HAL_HCD_HC_GetURBState
 .text.HAL_HCD_HC_GetXferCount
                0x0000000008001c4a        0xa build/stm32f4xx_hal_hcd.o
                0x0000000008001c4a                HAL_HCD_HC_GetXferCount
 .text.HAL_HCD_GetCurrentFrame
                0x0000000008001c54        0xa build/stm32f4xx_hal_hcd.o
                0x0000000008001c54                HAL_HCD_GetCurrentFrame
 .text.HAL_HCD_GetCurrentSpeed
                0x0000000008001c5e        0xa build/stm32f4xx_hal_hcd.o
                0x0000000008001c5e                HAL_HCD_GetCurrentSpeed
 .text.USB_CoreReset
                0x0000000008001c68       0x3c build/stm32f4xx_ll_usb.o
 .text.USB_CoreInit
                0x0000000008001ca4       0x8a build/stm32f4xx_ll_usb.o
                0x0000000008001ca4                USB_CoreInit
 .text.USB_EnableGlobalInt
                0x0000000008001d2e        0xc build/stm32f4xx_ll_usb.o
                0x0000000008001d2e                USB_EnableGlobalInt
 .text.USB_DisableGlobalInt
                0x0000000008001d3a        0xc build/stm32f4xx_ll_usb.o
                0x0000000008001d3a                USB_DisableGlobalInt
 .text.USB_SetCurrentMode
                0x0000000008001d46       0x30 build/stm32f4xx_ll_usb.o
                0x0000000008001d46                USB_SetCurrentMode
 *fill*         0x0000000008001d76        0x2 
 .text.USB_FlushTxFifo
                0x0000000008001d78       0x28 build/stm32f4xx_ll_usb.o
                0x0000000008001d78                USB_FlushTxFifo
 .text.USB_FlushRxFifo
                0x0000000008001da0       0x24 build/stm32f4xx_ll_usb.o
                0x0000000008001da0                USB_FlushRxFifo
 .text.USB_WritePacket
                0x0000000008001dc4       0x2e build/stm32f4xx_ll_usb.o
                0x0000000008001dc4                USB_WritePacket
 .text.USB_ReadPacket
                0x0000000008001df2       0x1e build/stm32f4xx_ll_usb.o
                0x0000000008001df2                USB_ReadPacket
 .text.USB_ReadInterrupts
                0x0000000008001e10        0x8 build/stm32f4xx_ll_usb.o
                0x0000000008001e10                USB_ReadInterrupts
 .text.USB_GetMode
                0x0000000008001e18        0x8 build/stm32f4xx_ll_usb.o
                0x0000000008001e18                USB_GetMode
 .text.USB_InitFSLSPClkSel
                0x0000000008001e20       0x3e build/stm32f4xx_ll_usb.o
                0x0000000008001e20                USB_InitFSLSPClkSel
 .text.USB_ResetPort
                0x0000000008001e5e       0x3e build/stm32f4xx_ll_usb.o
                0x0000000008001e5e                USB_ResetPort
 .text.USB_DriveVbus
                0x0000000008001e9c       0x46 build/stm32f4xx_ll_usb.o
                0x0000000008001e9c                USB_DriveVbus
 *fill*         0x0000000008001ee2        0x2 
 .text.USB_HostInit
                0x0000000008001ee4       0xfc build/stm32f4xx_ll_usb.o
                0x0000000008001ee4                USB_HostInit
 .text.USB_GetHostSpeed
                0x0000000008001fe0       0x16 build/stm32f4xx_ll_usb.o
                0x0000000008001fe0                USB_GetHostSpeed
 .text.USB_GetCurrentFrame
                0x0000000008001ff6        0xa build/stm32f4xx_ll_usb.o
                0x0000000008001ff6                USB_GetCurrentFrame
 .text.USB_HC_Init
                0x0000000008002000      0x11e build/stm32f4xx_ll_usb.o
                0x0000000008002000                USB_HC_Init
 .text.USB_HC_ReadInterrupt
                0x000000000800211e        0xa build/stm32f4xx_ll_usb.o
                0x000000000800211e                USB_HC_ReadInterrupt
 .text.USB_HC_Halt
                0x0000000008002128       0xe4 build/stm32f4xx_ll_usb.o
                0x0000000008002128                USB_HC_Halt
 .text.USB_DoPing
                0x000000000800220c       0x24 build/stm32f4xx_ll_usb.o
                0x000000000800220c                USB_DoPing
 .text.USB_HC_StartXfer
                0x0000000008002230      0x16c build/stm32f4xx_ll_usb.o
                0x0000000008002230                USB_HC_StartXfer
 .text.USB_StopHost
                0x000000000800239c       0x7c build/stm32f4xx_ll_usb.o
                0x000000000800239c                USB_StopHost
 .text.HAL_RCC_OscConfig
                0x0000000008002418      0x3f8 build/stm32f4xx_hal_rcc.o
                0x0000000008002418                HAL_RCC_OscConfig
 .text.HAL_RCC_GetSysClockFreq
                0x0000000008002810       0xd4 build/stm32f4xx_hal_rcc.o
                0x0000000008002810                HAL_RCC_GetSysClockFreq
 .text.HAL_RCC_ClockConfig
                0x00000000080028e4      0x160 build/stm32f4xx_hal_rcc.o
                0x00000000080028e4                HAL_RCC_ClockConfig
 .text.HAL_RCC_GetHCLKFreq
                0x0000000008002a44        0xc build/stm32f4xx_hal_rcc.o
                0x0000000008002a44                HAL_RCC_GetHCLKFreq
 .text.HAL_RCC_GetPCLK1Freq
                0x0000000008002a50       0x20 build/stm32f4xx_hal_rcc.o
                0x0000000008002a50                HAL_RCC_GetPCLK1Freq
 .text.HAL_RCC_GetPCLK2Freq
                0x0000000008002a70       0x20 build/stm32f4xx_hal_rcc.o
                0x0000000008002a70                HAL_RCC_GetPCLK2Freq
 .text.HAL_RCCEx_PeriphCLKConfig
                0x0000000008002a90      0x154 build/stm32f4xx_hal_rcc_ex.o
                0x0000000008002a90                HAL_RCCEx_PeriphCLKConfig
 .text.HAL_GPIO_Init
                0x0000000008002be4      0x1e4 build/stm32f4xx_hal_gpio.o
                0x0000000008002be4                HAL_GPIO_Init
 .text.HAL_GPIO_ReadPin
                0x0000000008002dc8        0xe build/stm32f4xx_hal_gpio.o
                0x0000000008002dc8                HAL_GPIO_ReadPin
 .text.HAL_GPIO_WritePin
                0x0000000008002dd6        0xc build/stm32f4xx_hal_gpio.o
                0x0000000008002dd6                HAL_GPIO_WritePin
 *fill*         0x0000000008002de2        0x2 
 .text.HAL_NVIC_SetPriorityGrouping
                0x0000000008002de4       0x24 build/stm32f4xx_hal_cortex.o
                0x0000000008002de4                HAL_NVIC_SetPriorityGrouping
 .text.HAL_NVIC_SetPriority
                0x0000000008002e08       0x70 build/stm32f4xx_hal_cortex.o
                0x0000000008002e08                HAL_NVIC_SetPriority
 .text.HAL_NVIC_EnableIRQ
                0x0000000008002e78       0x1c build/stm32f4xx_hal_cortex.o
                0x0000000008002e78                HAL_NVIC_EnableIRQ
 .text.HAL_SYSTICK_Config
                0x0000000008002e94       0x28 build/stm32f4xx_hal_cortex.o
                0x0000000008002e94                HAL_SYSTICK_Config
 .text.HAL_InitTick
                0x0000000008002ebc       0x4c build/stm32f4xx_hal.o
                0x0000000008002ebc                HAL_InitTick
 .text.HAL_Init
                0x0000000008002f08       0x34 build/stm32f4xx_hal.o
                0x0000000008002f08                HAL_Init
 .text.HAL_IncTick
                0x0000000008002f3c       0x18 build/stm32f4xx_hal.o
                0x0000000008002f3c                HAL_IncTick
 .text.HAL_GetTick
                0x0000000008002f54        0xc build/stm32f4xx_hal.o
                0x0000000008002f54                HAL_GetTick
 .text.HAL_Delay
                0x0000000008002f60       0x28 build/stm32f4xx_hal.o
                0x0000000008002f60                HAL_Delay
 .text.ADC_Init
                0x0000000008002f88      0x134 build/stm32f4xx_hal_adc.o
 .text.HAL_ADC_Init
                0x00000000080030bc       0x56 build/stm32f4xx_hal_adc.o
                0x00000000080030bc                HAL_ADC_Init
 *fill*         0x0000000008003112        0x2 
 .text.HAL_ADC_Start
                0x0000000008003114      0x144 build/stm32f4xx_hal_adc.o
                0x0000000008003114                HAL_ADC_Start
 .text.HAL_ADC_Stop
                0x0000000008003258       0x40 build/stm32f4xx_hal_adc.o
                0x0000000008003258                HAL_ADC_Stop
 .text.HAL_ADC_PollForConversion
                0x0000000008003298       0xb8 build/stm32f4xx_hal_adc.o
                0x0000000008003298                HAL_ADC_PollForConversion
 .text.HAL_ADC_GetValue
                0x0000000008003350        0x6 build/stm32f4xx_hal_adc.o
                0x0000000008003350                HAL_ADC_GetValue
 *fill*         0x0000000008003356        0x2 
 .text.HAL_ADC_ConfigChannel
                0x0000000008003358      0x198 build/stm32f4xx_hal_adc.o
                0x0000000008003358                HAL_ADC_ConfigChannel
 .text.HAL_RTC_WaitForSynchro
                0x00000000080034f0       0x32 build/stm32f4xx_hal_rtc.o
                0x00000000080034f0                HAL_RTC_WaitForSynchro
 .text.RTC_EnterInitMode
                0x0000000008003522       0x3c build/stm32f4xx_hal_rtc.o
                0x0000000008003522                RTC_EnterInitMode
 .text.HAL_RTC_Init
                0x000000000800355e       0xc4 build/stm32f4xx_hal_rtc.o
                0x000000000800355e                HAL_RTC_Init
 .text.TIM_TI1_ConfigInputStage
                0x0000000008003622       0x26 build/stm32f4xx_hal_tim.o
 .text.TIM_TI2_ConfigInputStage
                0x0000000008003648       0x28 build/stm32f4xx_hal_tim.o
 .text.TIM_ITRx_SetConfig
                0x0000000008003670       0x10 build/stm32f4xx_hal_tim.o
 .text.HAL_TIM_Base_Start_IT
                0x0000000008003680       0x88 build/stm32f4xx_hal_tim.o
                0x0000000008003680                HAL_TIM_Base_Start_IT
 .text.HAL_TIM_Base_Stop_IT
                0x0000000008003708       0x32 build/stm32f4xx_hal_tim.o
                0x0000000008003708                HAL_TIM_Base_Stop_IT
 .text.HAL_TIM_PeriodElapsedCallback
                0x000000000800373a        0x2 build/stm32f4xx_hal_tim.o
                0x000000000800373a                HAL_TIM_PeriodElapsedCallback
 .text.HAL_TIM_OC_DelayElapsedCallback
                0x000000000800373c        0x2 build/stm32f4xx_hal_tim.o
                0x000000000800373c                HAL_TIM_OC_DelayElapsedCallback
 .text.HAL_TIM_IC_CaptureCallback
                0x000000000800373e        0x2 build/stm32f4xx_hal_tim.o
                0x000000000800373e                HAL_TIM_IC_CaptureCallback
 .text.HAL_TIM_PWM_PulseFinishedCallback
                0x0000000008003740        0x2 build/stm32f4xx_hal_tim.o
                0x0000000008003740                HAL_TIM_PWM_PulseFinishedCallback
 .text.HAL_TIM_TriggerCallback
                0x0000000008003742        0x2 build/stm32f4xx_hal_tim.o
                0x0000000008003742                HAL_TIM_TriggerCallback
 .text.HAL_TIM_IRQHandler
                0x0000000008003744      0x17a build/stm32f4xx_hal_tim.o
                0x0000000008003744                HAL_TIM_IRQHandler
 *fill*         0x00000000080038be        0x2 
 .text.TIM_Base_SetConfig
                0x00000000080038c0       0xc8 build/stm32f4xx_hal_tim.o
                0x00000000080038c0                TIM_Base_SetConfig
 .text.HAL_TIM_Base_Init
                0x0000000008003988       0x58 build/stm32f4xx_hal_tim.o
                0x0000000008003988                HAL_TIM_Base_Init
 .text.TIM_ETR_SetConfig
                0x00000000080039e0       0x1a build/stm32f4xx_hal_tim.o
                0x00000000080039e0                TIM_ETR_SetConfig
 .text.HAL_TIM_ConfigClockSource
                0x00000000080039fa       0xda build/stm32f4xx_hal_tim.o
                0x00000000080039fa                HAL_TIM_ConfigClockSource
 .text.HAL_TIMEx_MasterConfigSynchronization
                0x0000000008003ad4       0x8c build/stm32f4xx_hal_tim_ex.o
                0x0000000008003ad4                HAL_TIMEx_MasterConfigSynchronization
 .text.HAL_TIMEx_CommutCallback
                0x0000000008003b60        0x2 build/stm32f4xx_hal_tim_ex.o
                0x0000000008003b60                HAL_TIMEx_CommutCallback
 .text.HAL_TIMEx_BreakCallback
                0x0000000008003b62        0x2 build/stm32f4xx_hal_tim_ex.o
                0x0000000008003b62                HAL_TIMEx_BreakCallback
 .text.UART_SetConfig
                0x0000000008003b64      0x110 build/stm32f4xx_hal_uart.o
 .text.UART_WaitOnFlagUntilTimeout
                0x0000000008003c74       0x6c build/stm32f4xx_hal_uart.o
 .text.HAL_UART_Init
                0x0000000008003ce0       0x5e build/stm32f4xx_hal_uart.o
                0x0000000008003ce0                HAL_UART_Init
 .text.HAL_UART_Transmit
                0x0000000008003d3e       0xd8 build/stm32f4xx_hal_uart.o
                0x0000000008003d3e                HAL_UART_Transmit
 *fill*         0x0000000008003e16        0x2 
 .text.SystemInit
                0x0000000008003e18       0x14 build/system_stm32f4xx.o
                0x0000000008003e18                SystemInit
 .text.DeInitStateMachine
                0x0000000008003e2c       0x62 build/usbh_core.o
 .text.USBH_HandleSof
                0x0000000008003e8e       0x1a build/usbh_core.o
 .text.USBH_HandleEnum
                0x0000000008003ea8      0x26e build/usbh_core.o
 .text.USBH_Init
                0x0000000008004116       0x3e build/usbh_core.o
                0x0000000008004116                USBH_Init
 .text.USBH_RegisterClass
                0x0000000008004154       0x22 build/usbh_core.o
                0x0000000008004154                USBH_RegisterClass
 .text.USBH_SelectInterface
                0x0000000008004176       0x14 build/usbh_core.o
                0x0000000008004176                USBH_SelectInterface
 .text.USBH_FindInterface
                0x000000000800418a       0x54 build/usbh_core.o
                0x000000000800418a                USBH_FindInterface
 .text.USBH_Start
                0x00000000080041de       0x14 build/usbh_core.o
                0x00000000080041de                USBH_Start
 .text.USBH_Process
                0x00000000080041f2      0x276 build/usbh_core.o
                0x00000000080041f2                USBH_Process
 .text.USBH_LL_SetTimer
                0x0000000008004468        0x6 build/usbh_core.o
                0x0000000008004468                USBH_LL_SetTimer
 .text.USBH_LL_IncTimer
                0x000000000800446e       0x12 build/usbh_core.o
                0x000000000800446e                USBH_LL_IncTimer
 .text.USBH_LL_PortEnabled
                0x0000000008004480        0x8 build/usbh_core.o
                0x0000000008004480                USBH_LL_PortEnabled
 .text.USBH_LL_PortDisabled
                0x0000000008004488        0x8 build/usbh_core.o
                0x0000000008004488                USBH_LL_PortDisabled
 .text.USBH_LL_Connect
                0x0000000008004490       0x14 build/usbh_core.o
                0x0000000008004490                USBH_LL_Connect
 .text.USBH_LL_Disconnect
                0x00000000080044a4       0x2c build/usbh_core.o
                0x00000000080044a4                USBH_LL_Disconnect
 .text.USBH_ParseDevDesc
                0x00000000080044d0       0x58 build/usbh_ctlreq.o
 .text.USBH_ParseInterfaceDesc
                0x0000000008004528       0x26 build/usbh_ctlreq.o
 .text.USBH_ParseEPDesc
                0x000000000800454e       0x20 build/usbh_ctlreq.o
 .text.USBH_ParseStringDesc
                0x000000000800456e       0x32 build/usbh_ctlreq.o
 .text.USBH_HandleControl
                0x00000000080045a0      0x1d8 build/usbh_ctlreq.o
 .text.USBH_GetNextDesc
                0x0000000008004778        0xe build/usbh_ctlreq.o
                0x0000000008004778                USBH_GetNextDesc
 .text.USBH_ParseCfgDesc
                0x0000000008004786       0xc2 build/usbh_ctlreq.o
 .text.USBH_CtlReq
                0x0000000008004848       0x40 build/usbh_ctlreq.o
                0x0000000008004848                USBH_CtlReq
 .text.USBH_GetDescriptor
                0x0000000008004888       0x42 build/usbh_ctlreq.o
                0x0000000008004888                USBH_GetDescriptor
 .text.USBH_Get_DevDesc
                0x00000000080048ca       0x32 build/usbh_ctlreq.o
                0x00000000080048ca                USBH_Get_DevDesc
 .text.USBH_Get_CfgDesc
                0x00000000080048fc       0x32 build/usbh_ctlreq.o
                0x00000000080048fc                USBH_Get_CfgDesc
 .text.USBH_Get_StringDesc
                0x000000000800492e       0x30 build/usbh_ctlreq.o
                0x000000000800492e                USBH_Get_StringDesc
 .text.USBH_SetAddress
                0x000000000800495e       0x22 build/usbh_ctlreq.o
                0x000000000800495e                USBH_SetAddress
 .text.USBH_SetCfg
                0x0000000008004980       0x22 build/usbh_ctlreq.o
                0x0000000008004980                USBH_SetCfg
 .text.USBH_SetFeature
                0x00000000080049a2       0x22 build/usbh_ctlreq.o
                0x00000000080049a2                USBH_SetFeature
 .text.USBH_ClrFeature
                0x00000000080049c4       0x24 build/usbh_ctlreq.o
                0x00000000080049c4                USBH_ClrFeature
 .text.USBH_CtlSendSetup
                0x00000000080049e8       0x22 build/usbh_ioreq.o
                0x00000000080049e8                USBH_CtlSendSetup
 .text.USBH_CtlSendData
                0x0000000008004a0a       0x2c build/usbh_ioreq.o
                0x0000000008004a0a                USBH_CtlSendData
 .text.USBH_CtlReceiveData
                0x0000000008004a36       0x20 build/usbh_ioreq.o
                0x0000000008004a36                USBH_CtlReceiveData
 .text.USBH_BulkSendData
                0x0000000008004a56       0x2c build/usbh_ioreq.o
                0x0000000008004a56                USBH_BulkSendData
 .text.USBH_BulkReceiveData
                0x0000000008004a82       0x20 build/usbh_ioreq.o
                0x0000000008004a82                USBH_BulkReceiveData
 .text.USBH_GetFreePipe
                0x0000000008004aa2       0x26 build/usbh_pipes.o
 .text.USBH_OpenPipe
                0x0000000008004ac8       0x20 build/usbh_pipes.o
                0x0000000008004ac8                USBH_OpenPipe
 .text.USBH_ClosePipe
                0x0000000008004ae8        0xa build/usbh_pipes.o
                0x0000000008004ae8                USBH_ClosePipe
 .text.USBH_AllocPipe
                0x0000000008004af2       0x26 build/usbh_pipes.o
                0x0000000008004af2                USBH_AllocPipe
 .text.USBH_FreePipe
                0x0000000008004b18       0x16 build/usbh_pipes.o
                0x0000000008004b18                USBH_FreePipe
 .text.USBH_CDC_SOFProcess
                0x0000000008004b2e        0x4 build/usbh_cdc.o
 .text.SetLineCoding
                0x0000000008004b32       0x1a build/usbh_cdc.o
 .text.GetLineCoding
                0x0000000008004b4c       0x1a build/usbh_cdc.o
 .text.USBH_CDC_ClassRequest
                0x0000000008004b66       0x22 build/usbh_cdc.o
 .text.USBH_CDC_InterfaceDeInit
                0x0000000008004b88       0x68 build/usbh_cdc.o
 .text.USBH_CDC_InterfaceInit
                0x0000000008004bf0      0x186 build/usbh_cdc.o
 .text.USBH_CDC_TransmitCallback
                0x0000000008004d76        0x2 build/usbh_cdc.o
                0x0000000008004d76                USBH_CDC_TransmitCallback
 .text.CDC_ProcessTransmission
                0x0000000008004d78       0x94 build/usbh_cdc.o
 .text.USBH_CDC_ReceiveCallback
                0x0000000008004e0c        0x2 build/usbh_cdc.o
                0x0000000008004e0c                USBH_CDC_ReceiveCallback
 .text.CDC_ProcessReception
                0x0000000008004e0e       0x68 build/usbh_cdc.o
 .text.USBH_CDC_LineCodingChanged
                0x0000000008004e76        0x2 build/usbh_cdc.o
                0x0000000008004e76                USBH_CDC_LineCodingChanged
 .text.USBH_CDC_Process
                0x0000000008004e78       0xb2 build/usbh_cdc.o
 *fill*         0x0000000008004f2a        0x2 
 .text.Reset_Handler
                0x0000000008004f2c       0x50 build/startup_stm32f407xx.o
                0x0000000008004f2c                Reset_Handler
 .text.Default_Handler
                0x0000000008004f7c        0x2 build/startup_stm32f407xx.o
                0x0000000008004f7c                DMA1_Stream3_IRQHandler
                0x0000000008004f7c                HASH_RNG_IRQHandler
                0x0000000008004f7c                EXTI2_IRQHandler
                0x0000000008004f7c                TIM8_CC_IRQHandler
                0x0000000008004f7c                TIM1_CC_IRQHandler
                0x0000000008004f7c                DMA2_Stream5_IRQHandler
                0x0000000008004f7c                DMA1_Stream5_IRQHandler
                0x0000000008004f7c                PVD_IRQHandler
                0x0000000008004f7c                SDIO_IRQHandler
                0x0000000008004f7c                TAMP_STAMP_IRQHandler
                0x0000000008004f7c                CAN2_RX1_IRQHandler
                0x0000000008004f7c                EXTI3_IRQHandler
                0x0000000008004f7c                TIM8_TRG_COM_TIM14_IRQHandler
                0x0000000008004f7c                TIM1_UP_TIM10_IRQHandler
                0x0000000008004f7c                TIM8_UP_TIM13_IRQHandler
                0x0000000008004f7c                I2C3_ER_IRQHandler
                0x0000000008004f7c                EXTI0_IRQHandler
                0x0000000008004f7c                I2C2_EV_IRQHandler
                0x0000000008004f7c                DMA1_Stream2_IRQHandler
                0x0000000008004f7c                CAN1_RX0_IRQHandler
                0x0000000008004f7c                FPU_IRQHandler
                0x0000000008004f7c                OTG_HS_WKUP_IRQHandler
                0x0000000008004f7c                CAN2_SCE_IRQHandler
                0x0000000008004f7c                DMA2_Stream2_IRQHandler
                0x0000000008004f7c                SPI1_IRQHandler
                0x0000000008004f7c                TIM6_DAC_IRQHandler
                0x0000000008004f7c                TIM1_BRK_TIM9_IRQHandler
                0x0000000008004f7c                DCMI_IRQHandler
                0x0000000008004f7c                CAN2_RX0_IRQHandler
                0x0000000008004f7c                DMA2_Stream3_IRQHandler
                0x0000000008004f7c                USART6_IRQHandler
                0x0000000008004f7c                USART3_IRQHandler
                0x0000000008004f7c                CAN1_RX1_IRQHandler
                0x0000000008004f7c                UART5_IRQHandler
                0x0000000008004f7c                DMA2_Stream0_IRQHandler
                0x0000000008004f7c                I2C1_EV_IRQHandler
                0x0000000008004f7c                DMA1_Stream6_IRQHandler
                0x0000000008004f7c                DMA1_Stream1_IRQHandler
                0x0000000008004f7c                UART4_IRQHandler
                0x0000000008004f7c                RCC_IRQHandler
                0x0000000008004f7c                TIM8_BRK_TIM12_IRQHandler
                0x0000000008004f7c                Default_Handler
                0x0000000008004f7c                EXTI15_10_IRQHandler
                0x0000000008004f7c                ADC_IRQHandler
                0x0000000008004f7c                DMA1_Stream7_IRQHandler
                0x0000000008004f7c                TIM7_IRQHandler
                0x0000000008004f7c                CAN2_TX_IRQHandler
                0x0000000008004f7c                TIM5_IRQHandler
                0x0000000008004f7c                DMA2_Stream7_IRQHandler
                0x0000000008004f7c                I2C3_EV_IRQHandler
                0x0000000008004f7c                EXTI9_5_IRQHandler
                0x0000000008004f7c                RTC_WKUP_IRQHandler
                0x0000000008004f7c                ETH_WKUP_IRQHandler
                0x0000000008004f7c                SPI2_IRQHandler
                0x0000000008004f7c                OTG_HS_EP1_IN_IRQHandler
                0x0000000008004f7c                DMA1_Stream0_IRQHandler
                0x0000000008004f7c                CAN1_TX_IRQHandler
                0x0000000008004f7c                EXTI4_IRQHandler
                0x0000000008004f7c                FSMC_IRQHandler
                0x0000000008004f7c                ETH_IRQHandler
                0x0000000008004f7c                OTG_HS_EP1_OUT_IRQHandler
                0x0000000008004f7c                WWDG_IRQHandler
                0x0000000008004f7c                OTG_FS_WKUP_IRQHandler
                0x0000000008004f7c                TIM1_TRG_COM_TIM11_IRQHandler
                0x0000000008004f7c                OTG_HS_IRQHandler
                0x0000000008004f7c                EXTI1_IRQHandler
                0x0000000008004f7c                USART2_IRQHandler
                0x0000000008004f7c                I2C2_ER_IRQHandler
                0x0000000008004f7c                DMA2_Stream1_IRQHandler
                0x0000000008004f7c                CAN1_SCE_IRQHandler
                0x0000000008004f7c                FLASH_IRQHandler
                0x0000000008004f7c                DMA2_Stream4_IRQHandler
                0x0000000008004f7c                USART1_IRQHandler
                0x0000000008004f7c                SPI3_IRQHandler
                0x0000000008004f7c                DMA1_Stream4_IRQHandler
                0x0000000008004f7c                I2C1_ER_IRQHandler
                0x0000000008004f7c                DMA2_Stream6_IRQHandler
                0x0000000008004f7c                RTC_Alarm_IRQHandler
 *fill*         0x0000000008004f7e        0x2 
 .text.__libc_init_array
                0x0000000008004f80       0x48 /opt/homebrew/Caskroom/gcc-arm-embedded/10-2020-q4-major/gcc-arm-none-eabi-10-2020-q4-major/bin/../lib/gcc/arm-none-eabi/10.2.1/../../../../arm-none-eabi/lib/thumb/v7e-m+fp/hard/libc_nano.a(lib_a-init.o)
                0x0000000008004f80                __libc_init_array
 .text.malloc   0x0000000008004fc8       0x10 /opt/homebrew/Caskroom/gcc-arm-embedded/10-2020-q4-major/gcc-arm-none-eabi-10-2020-q4-major/bin/../lib/gcc/arm-none-eabi/10.2.1/../../../../arm-none-eabi/lib/thumb/v7e-m+fp/hard/libc_nano.a(lib_a-malloc.o)
                0x0000000008004fc8                malloc
 .text.free     0x0000000008004fd8       0x10 /opt/homebrew/Caskroom/gcc-arm-embedded/10-2020-q4-major/gcc-arm-none-eabi-10-2020-q4-major/bin/../lib/gcc/arm-none-eabi/10.2.1/../../../../arm-none-eabi/lib/thumb/v7e-m+fp/hard/libc_nano.a(lib_a-malloc.o)
                0x0000000008004fd8                free
 .text.memset   0x0000000008004fe8       0x10 /opt/homebrew/Caskroom/gcc-arm-embedded/10-2020-q4-major/gcc-arm-none-eabi-10-2020-q4-major/bin/../lib/gcc/arm-none-eabi/10.2.1/../../../../arm-none-eabi/lib/thumb/v7e-m+fp/hard/libc_nano.a(lib_a-memset.o)
                0x0000000008004fe8                memset
 .text._free_r  0x0000000008004ff8       0x98 /opt/homebrew/Caskroom/gcc-arm-embedded/10-2020-q4-major/gcc-arm-none-eabi-10-2020-q4-major/bin/../lib/gcc/arm-none-eabi/10.2.1/../../../../arm-none-eabi/lib/thumb/v7e-m+fp/hard/libc_nano.a(lib_a-nano-freer.o)
                0x0000000008004ff8                _free_r
 .text._malloc_r
                0x0000000008005090       0xb4 /opt/homebrew/Caskroom/gcc-arm-embedded/10-2020-q4-major/gcc-arm-none-eabi-10-2020-q4-major/bin/../lib/gcc/arm-none-eabi/10.2.1/../../../../arm-none-eabi/lib/thumb/v7e-m+fp/hard/libc_nano.a(lib_a-nano-mallocr.o)
                0x0000000008005090                _malloc_r
 .text._sbrk_r  0x0000000008005144       0x20 /opt/homebrew/Caskroom/gcc-arm-embedded/10-2020-q4-major/gcc-arm-none-eabi-10-2020-q4-major/bin/../lib/gcc/arm-none-eabi/10.2.1/../../../../arm-none-eabi/lib/thumb/v7e-m+fp/hard/libc_nano.a(lib_a-sbrkr.o)
                0x0000000008005144                _sbrk_r
 .text.sprintf  0x0000000008005164       0x40 /opt/homebrew/Caskroom/gcc-arm-embedded/10-2020-q4-major/gcc-arm-none-eabi-10-2020-q4-major/bin/../lib/gcc/arm-none-eabi/10.2.1/../../../../arm-none-eabi/lib/thumb/v7e-m+fp/hard/libc_nano.a(lib_a-sprintf.o)
                0x0000000008005164                sprintf
                0x0000000008005164                siprintf
 .text.__malloc_lock
                0x00000000080051a4        0xc /opt/homebrew/Caskroom/gcc-arm-embedded/10-2020-q4-major/gcc-arm-none-eabi-10-2020-q4-major/bin/../lib/gcc/arm-none-eabi/10.2.1/../../../../arm-none-eabi/lib/thumb/v7e-m+fp/hard/libc_nano.a(lib_a-mlock.o)
                0x00000000080051a4                __malloc_lock
 .text.__malloc_unlock
                0x00000000080051b0        0xc /opt/homebrew/Caskroom/gcc-arm-embedded/10-2020-q4-major/gcc-arm-none-eabi-10-2020-q4-major/bin/../lib/gcc/arm-none-eabi/10.2.1/../../../../arm-none-eabi/lib/thumb/v7e-m+fp/hard/libc_nano.a(lib_a-mlock.o)
                0x00000000080051b0                __malloc_unlock
 .text.__ssputs_r
                0x00000000080051bc       0xb6 /opt/homebrew/Caskroom/gcc-arm-embedded/10-2020-q4-major/gcc-arm-none-eabi-10-2020-q4-major/bin/../lib/gcc/arm-none-eabi/10.2.1/../../../../arm-none-eabi/lib/thumb/v7e-m+fp/hard/libc_nano.a(lib_a-nano-svfprintf.o)
                0x00000000080051bc                __ssputs_r
 *fill*         0x0000000008005272        0x2 
 .text._svfprintf_r
                0x0000000008005274      0x200 /opt/homebrew/Caskroom/gcc-arm-embedded/10-2020-q4-major/gcc-arm-none-eabi-10-2020-q4-major/bin/../lib/gcc/arm-none-eabi/10.2.1/../../../../arm-none-eabi/lib/thumb/v7e-m+fp/hard/libc_nano.a(lib_a-nano-svfprintf.o)
                0x0000000008005274                _svfprintf_r
                0x0000000008005274                _svfiprintf_r
 .text._printf_common
                0x0000000008005474       0xda /opt/homebrew/Caskroom/gcc-arm-embedded/10-2020-q4-major/gcc-arm-none-eabi-10-2020-q4-major/bin/../lib/gcc/arm-none-eabi/10.2.1/../../../../arm-none-eabi/lib/thumb/v7e-m+fp/hard/libc_nano.a(lib_a-nano-vfprintf_i.o)
                0x0000000008005474                _printf_common
 *fill*         0x000000000800554e        0x2 
 .text._printf_i
                0x0000000008005550      0x24c /opt/homebrew/Caskroom/gcc-arm-embedded/10-2020-q4-major/gcc-arm-none-eabi-10-2020-q4-major/bin/../lib/gcc/arm-none-eabi/10.2.1/../../../../arm-none-eabi/lib/thumb/v7e-m+fp/hard/libc_nano.a(lib_a-nano-vfprintf_i.o)
                0x0000000008005550                _printf_i
 .text.__retarget_lock_acquire_recursive
                0x000000000800579c        0x2 /opt/homebrew/Caskroom/gcc-arm-embedded/10-2020-q4-major/gcc-arm-none-eabi-10-2020-q4-major/bin/../lib/gcc/arm-none-eabi/10.2.1/../../../../arm-none-eabi/lib/thumb/v7e-m+fp/hard/libc_nano.a(lib_a-lock.o)
                0x000000000800579c                __retarget_lock_acquire_recursive
 .text.__retarget_lock_release_recursive
                0x000000000800579e        0x2 /opt/homebrew/Caskroom/gcc-arm-embedded/10-2020-q4-major/gcc-arm-none-eabi-10-2020-q4-major/bin/../lib/gcc/arm-none-eabi/10.2.1/../../../../arm-none-eabi/lib/thumb/v7e-m+fp/hard/libc_nano.a(lib_a-lock.o)
                0x000000000800579e                __retarget_lock_release_recursive
 .text.memcpy   0x00000000080057a0       0x1c /opt/homebrew/Caskroom/gcc-arm-embedded/10-2020-q4-major/gcc-arm-none-eabi-10-2020-q4-major/bin/../lib/gcc/arm-none-eabi/10.2.1/../../../../arm-none-eabi/lib/thumb/v7e-m+fp/hard/libc_nano.a(lib_a-memcpy-stub.o)
                0x00000000080057a0                memcpy
 .text.memmove  0x00000000080057bc       0x34 /opt/homebrew/Caskroom/gcc-arm-embedded/10-2020-q4-major/gcc-arm-none-eabi-10-2020-q4-major/bin/../lib/gcc/arm-none-eabi/10.2.1/../../../../arm-none-eabi/lib/thumb/v7e-m+fp/hard/libc_nano.a(lib_a-memmove.o)
                0x00000000080057bc                memmove
 .text._realloc_r
                0x00000000080057f0       0x4c /opt/homebrew/Caskroom/gcc-arm-embedded/10-2020-q4-major/gcc-arm-none-eabi-10-2020-q4-major/bin/../lib/gcc/arm-none-eabi/10.2.1/../../../../arm-none-eabi/lib/thumb/v7e-m+fp/hard/libc_nano.a(lib_a-nano-reallocr.o)
                0x00000000080057f0                _realloc_r
 .text._malloc_usable_size_r
                0x000000000800583c       0x10 /opt/homebrew/Caskroom/gcc-arm-embedded/10-2020-q4-major/gcc-arm-none-eabi-10-2020-q4-major/bin/../lib/gcc/arm-none-eabi/10.2.1/../../../../arm-none-eabi/lib/thumb/v7e-m+fp/hard/libc_nano.a(lib_a-nano-msizer.o)
                0x000000000800583c                _malloc_usable_size_r
 .text._sbrk    0x000000000800584c       0x1c /opt/homebrew/Caskroom/gcc-arm-embedded/10-2020-q4-major/gcc-arm-none-eabi-10-2020-q4-major/bin/../lib/gcc/arm-none-eabi/10.2.1/../../../../arm-none-eabi/lib/thumb/v7e-m+fp/hard/libnosys.a(sbrk.o)
                0x000000000800584c                _sbrk
 *(.glue_7)
 .glue_7        0x0000000008005868        0x0 linker stubs
 *(.glue_7t)
 .glue_7t       0x0000000008005868        0x0 linker stubs
 *(.eh_frame)
 .eh_frame      0x0000000008005868        0x0 /opt/homebrew/Caskroom/gcc-arm-embedded/10-2020-q4-major/gcc-arm-none-eabi-10-2020-q4-major/bin/../lib/gcc/arm-none-eabi/10.2.1/thumb/v7e-m+fp/hard/crtbegin.o
 *(.init)
 .init          0x0000000008005868        0x4 /opt/homebrew/Caskroom/gcc-arm-embedded/10-2020-q4-major/gcc-arm-none-eabi-10-2020-q4-major/bin/../lib/gcc/arm-none-eabi/10.2.1/thumb/v7e-m+fp/hard/crti.o
                0x0000000008005868                _init
 .init          0x000000000800586c        0x8 /opt/homebrew/Caskroom/gcc-arm-embedded/10-2020-q4-major/gcc-arm-none-eabi-10-2020-q4-major/bin/../lib/gcc/arm-none-eabi/10.2.1/thumb/v7e-m+fp/hard/crtn.o
 *(.fini)
 .fini          0x0000000008005874        0x4 /opt/homebrew/Caskroom/gcc-arm-embedded/10-2020-q4-major/gcc-arm-none-eabi-10-2020-q4-major/bin/../lib/gcc/arm-none-eabi/10.2.1/thumb/v7e-m+fp/hard/crti.o
                0x0000000008005874                _fini
 .fini          0x0000000008005878        0x8 /opt/homebrew/Caskroom/gcc-arm-embedded/10-2020-q4-major/gcc-arm-none-eabi-10-2020-q4-major/bin/../lib/gcc/arm-none-eabi/10.2.1/thumb/v7e-m+fp/hard/crtn.o
                0x0000000008005880                . = ALIGN (0x4)
                0x0000000008005880                _etext = .

.vfp11_veneer   0x0000000008005880        0x0
 .vfp11_veneer  0x0000000008005880        0x0 linker stubs

.v4_bx          0x0000000008005880        0x0
 .v4_bx         0x0000000008005880        0x0 linker stubs

.iplt           0x0000000008005880        0x0
 .iplt          0x0000000008005880        0x0 /opt/homebrew/Caskroom/gcc-arm-embedded/10-2020-q4-major/gcc-arm-none-eabi-10-2020-q4-major/bin/../lib/gcc/arm-none-eabi/10.2.1/thumb/v7e-m+fp/hard/crtbegin.o

.rodata         0x0000000008005880       0x88
                0x0000000008005880                . = ALIGN (0x4)
 *(.rodata)
 .rodata        0x0000000008005880       0x32 build/stm32f4xx_it.o
 *(.rodata*)
 *fill*         0x00000000080058b2        0x2 
 .rodata.main.str1.4
                0x00000000080058b4        0x3 build/main.o
 *fill*         0x00000000080058b7        0x1 
 .rodata.AHBPrescTable
                0x00000000080058b8       0x10 build/system_stm32f4xx.o
                0x00000000080058b8                AHBPrescTable
 .rodata.APBPrescTable
                0x00000000080058c8        0x8 build/system_stm32f4xx.o
                0x00000000080058c8                APBPrescTable
 .rodata.str1.4
                0x00000000080058d0        0x4 build/usbh_cdc.o
 .rodata._svfprintf_r.str1.1
                0x00000000080058d4       0x11 /opt/homebrew/Caskroom/gcc-arm-embedded/10-2020-q4-major/gcc-arm-none-eabi-10-2020-q4-major/bin/../lib/gcc/arm-none-eabi/10.2.1/../../../../arm-none-eabi/lib/thumb/v7e-m+fp/hard/libc_nano.a(lib_a-nano-svfprintf.o)
 .rodata._printf_i.str1.1
                0x00000000080058e5       0x22 /opt/homebrew/Caskroom/gcc-arm-embedded/10-2020-q4-major/gcc-arm-none-eabi-10-2020-q4-major/bin/../lib/gcc/arm-none-eabi/10.2.1/../../../../arm-none-eabi/lib/thumb/v7e-m+fp/hard/libc_nano.a(lib_a-nano-vfprintf_i.o)
                0x0000000008005908                . = ALIGN (0x4)
 *fill*         0x0000000008005907        0x1 

.ARM.extab
 *(.ARM.extab* .gnu.linkonce.armextab.*)

.ARM            0x0000000008005908        0x8
                0x0000000008005908                __exidx_start = .
 *(.ARM.exidx*)
 .ARM.exidx     0x0000000008005908        0x8 /opt/homebrew/Caskroom/gcc-arm-embedded/10-2020-q4-major/gcc-arm-none-eabi-10-2020-q4-major/bin/../lib/gcc/arm-none-eabi/10.2.1/thumb/v7e-m+fp/hard/libgcc.a(_udivmoddi4.o)
                0x0000000008005910                __exidx_end = .

.rel.dyn        0x0000000008005910        0x0
 .rel.iplt      0x0000000008005910        0x0 /opt/homebrew/Caskroom/gcc-arm-embedded/10-2020-q4-major/gcc-arm-none-eabi-10-2020-q4-major/bin/../lib/gcc/arm-none-eabi/10.2.1/thumb/v7e-m+fp/hard/crtbegin.o

.preinit_array  0x0000000008005910        0x0
                0x0000000008005910                PROVIDE (__preinit_array_start = .)
 *(.preinit_array*)
                0x0000000008005910                PROVIDE (__preinit_array_end = .)

.init_array     0x0000000008005910        0x4
                0x0000000008005910                PROVIDE (__init_array_start = .)
 *(SORT_BY_NAME(.init_array.*))
 *(.init_array*)
 .init_array    0x0000000008005910        0x4 /opt/homebrew/Caskroom/gcc-arm-embedded/10-2020-q4-major/gcc-arm-none-eabi-10-2020-q4-major/bin/../lib/gcc/arm-none-eabi/10.2.1/thumb/v7e-m+fp/hard/crtbegin.o
                0x0000000008005914                PROVIDE (__init_array_end = .)

.fini_array     0x0000000008005914        0x4
                [!provide]                        PROVIDE (__fini_array_start = .)
 *(SORT_BY_NAME(.fini_array.*))
 *(.fini_array*)
 .fini_array    0x0000000008005914        0x4 /opt/homebrew/Caskroom/gcc-arm-embedded/10-2020-q4-major/gcc-arm-none-eabi-10-2020-q4-major/bin/../lib/gcc/arm-none-eabi/10.2.1/thumb/v7e-m+fp/hard/crtbegin.o
                [!provide]                        PROVIDE (__fini_array_end = .)
                0x0000000008005918                _sidata = LOADADDR (.data)

.data           0x0000000020000000       0x90 load address 0x0000000008005918
                0x0000000020000000                . = ALIGN (0x4)
                0x0000000020000000                _sdata = .
 *(.data)
 *(.data*)
 .data.uwTickFreq
                0x0000000020000000        0x1 build/stm32f4xx_hal.o
                0x0000000020000000                uwTickFreq
 *fill*         0x0000000020000001        0x3 
 .data.uwTickPrio
                0x0000000020000004        0x4 build/stm32f4xx_hal.o
                0x0000000020000004                uwTickPrio
 .data.SystemCoreClock
                0x0000000020000008        0x4 build/system_stm32f4xx.o
                0x0000000020000008                SystemCoreClock
 .data.CDC_Class
                0x000000002000000c       0x20 build/usbh_cdc.o
                0x000000002000000c                CDC_Class
 .data._impure_ptr
                0x000000002000002c        0x4 /opt/homebrew/Caskroom/gcc-arm-embedded/10-2020-q4-major/gcc-arm-none-eabi-10-2020-q4-major/bin/../lib/gcc/arm-none-eabi/10.2.1/../../../../arm-none-eabi/lib/thumb/v7e-m+fp/hard/libc_nano.a(lib_a-impure.o)
                0x000000002000002c                _impure_ptr
 .data.impure_data
                0x0000000020000030       0x60 /opt/homebrew/Caskroom/gcc-arm-embedded/10-2020-q4-major/gcc-arm-none-eabi-10-2020-q4-major/bin/../lib/gcc/arm-none-eabi/10.2.1/../../../../arm-none-eabi/lib/thumb/v7e-m+fp/hard/libc_nano.a(lib_a-impure.o)
                0x0000000020000090                . = ALIGN (0x4)
                0x0000000020000090                _edata = .
                0x00000000080059a8                _siccmram = LOADADDR (.ccmram)

.igot.plt       0x0000000020000090        0x0 load address 0x00000000080059a8
 .igot.plt      0x0000000020000090        0x0 /opt/homebrew/Caskroom/gcc-arm-embedded/10-2020-q4-major/gcc-arm-none-eabi-10-2020-q4-major/bin/../lib/gcc/arm-none-eabi/10.2.1/thumb/v7e-m+fp/hard/crtbegin.o

.ccmram         0x0000000010000000        0x0 load address 0x00000000080059a8
                0x0000000010000000                . = ALIGN (0x4)
                0x0000000010000000                _sccmram = .
 *(.ccmram)
 *(.ccmram*)
                0x0000000010000000                . = ALIGN (0x4)
                0x0000000010000000                _eccmram = .
                0x0000000010000000                . = ALIGN (0x4)

.bss            0x0000000020000090      0x8d0
                0x0000000020000090                _sbss = .
                0x0000000020000090                __bss_start__ = _sbss
 *(.bss)
 .bss           0x0000000020000090       0x1c /opt/homebrew/Caskroom/gcc-arm-embedded/10-2020-q4-major/gcc-arm-none-eabi-10-2020-q4-major/bin/../lib/gcc/arm-none-eabi/10.2.1/thumb/v7e-m+fp/hard/crtbegin.o
 *(.bss*)
 .bss.envelope  0x00000000200000ac        0x2 build/main.o
                0x00000000200000ac                envelope
 *fill*         0x00000000200000ae        0x2 
 .bss.envelope_array
                0x00000000200000b0       0x32 build/main.o
                0x00000000200000b0                envelope_array
 *fill*         0x00000000200000e2        0x2 
 .bss.hadc2     0x00000000200000e4       0x48 build/main.o
                0x00000000200000e4                hadc2
 .bss.hrtc      0x000000002000012c       0x20 build/main.o
                0x000000002000012c                hrtc
 .bss.htim2     0x000000002000014c       0x48 build/main.o
                0x000000002000014c                htim2
 .bss.htim3     0x0000000020000194       0x48 build/main.o
                0x0000000020000194                htim3
 .bss.htim4     0x00000000200001dc       0x48 build/main.o
                0x00000000200001dc                htim4
 .bss.huart4    0x0000000020000224       0x44 build/main.o
                0x0000000020000224                huart4
 .bss.Appli_state
                0x0000000020000268        0x1 build/usb_host.o
                0x0000000020000268                Appli_state
 *fill*         0x0000000020000269        0x3 
 .bss.hUsbHostFS
                0x000000002000026c      0x3d8 build/usb_host.o
                0x000000002000026c                hUsbHostFS
 .bss.hhcd_USB_OTG_FS
                0x0000000020000644      0x304 build/usbh_conf.o
                0x0000000020000644                hhcd_USB_OTG_FS
 .bss.uwTick    0x0000000020000948        0x4 build/stm32f4xx_hal.o
                0x0000000020000948                uwTick
 .bss.__malloc_free_list
                0x000000002000094c        0x4 /opt/homebrew/Caskroom/gcc-arm-embedded/10-2020-q4-major/gcc-arm-none-eabi-10-2020-q4-major/bin/../lib/gcc/arm-none-eabi/10.2.1/../../../../arm-none-eabi/lib/thumb/v7e-m+fp/hard/libc_nano.a(lib_a-nano-mallocr.o)
                0x000000002000094c                __malloc_free_list
 .bss.__malloc_sbrk_start
                0x0000000020000950        0x4 /opt/homebrew/Caskroom/gcc-arm-embedded/10-2020-q4-major/gcc-arm-none-eabi-10-2020-q4-major/bin/../lib/gcc/arm-none-eabi/10.2.1/../../../../arm-none-eabi/lib/thumb/v7e-m+fp/hard/libc_nano.a(lib_a-nano-mallocr.o)
                0x0000000020000950                __malloc_sbrk_start
 .bss.errno     0x0000000020000954        0x4 /opt/homebrew/Caskroom/gcc-arm-embedded/10-2020-q4-major/gcc-arm-none-eabi-10-2020-q4-major/bin/../lib/gcc/arm-none-eabi/10.2.1/../../../../arm-none-eabi/lib/thumb/v7e-m+fp/hard/libc_nano.a(lib_a-reent.o)
                0x0000000020000954                errno
 .bss.__lock___malloc_recursive_mutex
                0x0000000020000958        0x1 /opt/homebrew/Caskroom/gcc-arm-embedded/10-2020-q4-major/gcc-arm-none-eabi-10-2020-q4-major/bin/../lib/gcc/arm-none-eabi/10.2.1/../../../../arm-none-eabi/lib/thumb/v7e-m+fp/hard/libc_nano.a(lib_a-lock.o)
                0x0000000020000958                __lock___malloc_recursive_mutex
 *fill*         0x0000000020000959        0x3 
 .bss.heap_end.0
                0x000000002000095c        0x4 /opt/homebrew/Caskroom/gcc-arm-embedded/10-2020-q4-major/gcc-arm-none-eabi-10-2020-q4-major/bin/../lib/gcc/arm-none-eabi/10.2.1/../../../../arm-none-eabi/lib/thumb/v7e-m+fp/hard/libnosys.a(sbrk.o)
 *(COMMON)
                0x0000000020000960                . = ALIGN (0x4)
                0x0000000020000960                _ebss = .
                0x0000000020000960                __bss_end__ = _ebss

._user_heap_stack
                0x0000000020000960      0x600
                0x0000000020000960                . = ALIGN (0x8)
                0x0000000020000960                PROVIDE (end = .)
                [!provide]                        PROVIDE (_end = .)
                0x0000000020000b60                . = (. + _Min_Heap_Size)
 *fill*         0x0000000020000960      0x200 
                0x0000000020000f60                . = (. + _Min_Stack_Size)
 *fill*         0x0000000020000b60      0x400 
                0x0000000020000f60                . = ALIGN (0x8)

/DISCARD/
 libc.a(*)
 libm.a(*)
 libgcc.a(*)

.ARM.attributes
                0x0000000000000000       0x30
 *(.ARM.attributes)
 .ARM.attributes
                0x0000000000000000       0x1e /opt/homebrew/Caskroom/gcc-arm-embedded/10-2020-q4-major/gcc-arm-none-eabi-10-2020-q4-major/bin/../lib/gcc/arm-none-eabi/10.2.1/thumb/v7e-m+fp/hard/crti.o
 .ARM.attributes
                0x000000000000001e       0x34 /opt/homebrew/Caskroom/gcc-arm-embedded/10-2020-q4-major/gcc-arm-none-eabi-10-2020-q4-major/bin/../lib/gcc/arm-none-eabi/10.2.1/thumb/v7e-m+fp/hard/crtbegin.o
 .ARM.attributes
                0x0000000000000052       0x34 build/main.o
 .ARM.attributes
                0x0000000000000086       0x34 build/stm32f4xx_it.o
 .ARM.attributes
                0x00000000000000ba       0x34 build/stm32f4xx_hal_msp.o
 .ARM.attributes
                0x00000000000000ee       0x34 build/usb_host.o
 .ARM.attributes
                0x0000000000000122       0x34 build/usbh_conf.o
 .ARM.attributes
                0x0000000000000156       0x34 build/usbh_platform.o
 .ARM.attributes
                0x000000000000018a       0x34 build/stm32f4xx_hal_hcd.o
 .ARM.attributes
                0x00000000000001be       0x34 build/stm32f4xx_ll_usb.o
 .ARM.attributes
                0x00000000000001f2       0x34 build/stm32f4xx_hal_rcc.o
 .ARM.attributes
                0x0000000000000226       0x34 build/stm32f4xx_hal_rcc_ex.o
 .ARM.attributes
                0x000000000000025a       0x34 build/stm32f4xx_hal_gpio.o
 .ARM.attributes
                0x000000000000028e       0x34 build/stm32f4xx_hal_cortex.o
 .ARM.attributes
                0x00000000000002c2       0x34 build/stm32f4xx_hal.o
 .ARM.attributes
                0x00000000000002f6       0x34 build/stm32f4xx_hal_adc.o
 .ARM.attributes
                0x000000000000032a       0x34 build/stm32f4xx_hal_rtc.o
 .ARM.attributes
                0x000000000000035e       0x34 build/stm32f4xx_hal_tim.o
 .ARM.attributes
                0x0000000000000392       0x34 build/stm32f4xx_hal_tim_ex.o
 .ARM.attributes
                0x00000000000003c6       0x34 build/stm32f4xx_hal_uart.o
 .ARM.attributes
                0x00000000000003fa       0x34 build/system_stm32f4xx.o
 .ARM.attributes
                0x000000000000042e       0x34 build/usbh_core.o
 .ARM.attributes
                0x0000000000000462       0x34 build/usbh_ctlreq.o
 .ARM.attributes
                0x0000000000000496       0x34 build/usbh_ioreq.o
 .ARM.attributes
                0x00000000000004ca       0x34 build/usbh_pipes.o
 .ARM.attributes
                0x00000000000004fe       0x34 build/usbh_cdc.o
 .ARM.attributes
                0x0000000000000532       0x21 build/startup_stm32f407xx.o
 .ARM.attributes
                0x0000000000000553       0x32 /opt/homebrew/Caskroom/gcc-arm-embedded/10-2020-q4-major/gcc-arm-none-eabi-10-2020-q4-major/bin/../lib/gcc/arm-none-eabi/10.2.1/../../../../arm-none-eabi/lib/thumb/v7e-m+fp/hard/libc_nano.a(lib_a-impure.o)
 .ARM.attributes
                0x0000000000000585       0x34 /opt/homebrew/Caskroom/gcc-arm-embedded/10-2020-q4-major/gcc-arm-none-eabi-10-2020-q4-major/bin/../lib/gcc/arm-none-eabi/10.2.1/../../../../arm-none-eabi/lib/thumb/v7e-m+fp/hard/libc_nano.a(lib_a-init.o)
 .ARM.attributes
                0x00000000000005b9       0x34 /opt/homebrew/Caskroom/gcc-arm-embedded/10-2020-q4-major/gcc-arm-none-eabi-10-2020-q4-major/bin/../lib/gcc/arm-none-eabi/10.2.1/../../../../arm-none-eabi/lib/thumb/v7e-m+fp/hard/libc_nano.a(lib_a-malloc.o)
 .ARM.attributes
                0x00000000000005ed       0x34 /opt/homebrew/Caskroom/gcc-arm-embedded/10-2020-q4-major/gcc-arm-none-eabi-10-2020-q4-major/bin/../lib/gcc/arm-none-eabi/10.2.1/../../../../arm-none-eabi/lib/thumb/v7e-m+fp/hard/libc_nano.a(lib_a-memset.o)
 .ARM.attributes
                0x0000000000000621       0x34 /opt/homebrew/Caskroom/gcc-arm-embedded/10-2020-q4-major/gcc-arm-none-eabi-10-2020-q4-major/bin/../lib/gcc/arm-none-eabi/10.2.1/../../../../arm-none-eabi/lib/thumb/v7e-m+fp/hard/libc_nano.a(lib_a-nano-freer.o)
 .ARM.attributes
                0x0000000000000655       0x34 /opt/homebrew/Caskroom/gcc-arm-embedded/10-2020-q4-major/gcc-arm-none-eabi-10-2020-q4-major/bin/../lib/gcc/arm-none-eabi/10.2.1/../../../../arm-none-eabi/lib/thumb/v7e-m+fp/hard/libc_nano.a(lib_a-nano-mallocr.o)
 .ARM.attributes
                0x0000000000000689       0x34 /opt/homebrew/Caskroom/gcc-arm-embedded/10-2020-q4-major/gcc-arm-none-eabi-10-2020-q4-major/bin/../lib/gcc/arm-none-eabi/10.2.1/../../../../arm-none-eabi/lib/thumb/v7e-m+fp/hard/libc_nano.a(lib_a-sbrkr.o)
 .ARM.attributes
                0x00000000000006bd       0x34 /opt/homebrew/Caskroom/gcc-arm-embedded/10-2020-q4-major/gcc-arm-none-eabi-10-2020-q4-major/bin/../lib/gcc/arm-none-eabi/10.2.1/../../../../arm-none-eabi/lib/thumb/v7e-m+fp/hard/libc_nano.a(lib_a-sprintf.o)
 .ARM.attributes
                0x00000000000006f1       0x17 /opt/homebrew/Caskroom/gcc-arm-embedded/10-2020-q4-major/gcc-arm-none-eabi-10-2020-q4-major/bin/../lib/gcc/arm-none-eabi/10.2.1/../../../../arm-none-eabi/lib/thumb/v7e-m+fp/hard/libc_nano.a(lib_a-strlen.o)
 .ARM.attributes
                0x0000000000000708       0x34 /opt/homebrew/Caskroom/gcc-arm-embedded/10-2020-q4-major/gcc-arm-none-eabi-10-2020-q4-major/bin/../lib/gcc/arm-none-eabi/10.2.1/../../../../arm-none-eabi/lib/thumb/v7e-m+fp/hard/libc_nano.a(lib_a-mlock.o)
 .ARM.attributes
                0x000000000000073c       0x34 /opt/homebrew/Caskroom/gcc-arm-embedded/10-2020-q4-major/gcc-arm-none-eabi-10-2020-q4-major/bin/../lib/gcc/arm-none-eabi/10.2.1/../../../../arm-none-eabi/lib/thumb/v7e-m+fp/hard/libc_nano.a(lib_a-nano-svfprintf.o)
 .ARM.attributes
                0x0000000000000770       0x34 /opt/homebrew/Caskroom/gcc-arm-embedded/10-2020-q4-major/gcc-arm-none-eabi-10-2020-q4-major/bin/../lib/gcc/arm-none-eabi/10.2.1/../../../../arm-none-eabi/lib/thumb/v7e-m+fp/hard/libc_nano.a(lib_a-nano-vfprintf_i.o)
 .ARM.attributes
                0x00000000000007a4       0x34 /opt/homebrew/Caskroom/gcc-arm-embedded/10-2020-q4-major/gcc-arm-none-eabi-10-2020-q4-major/bin/../lib/gcc/arm-none-eabi/10.2.1/../../../../arm-none-eabi/lib/thumb/v7e-m+fp/hard/libc_nano.a(lib_a-reent.o)
 .ARM.attributes
                0x00000000000007d8       0x34 /opt/homebrew/Caskroom/gcc-arm-embedded/10-2020-q4-major/gcc-arm-none-eabi-10-2020-q4-major/bin/../lib/gcc/arm-none-eabi/10.2.1/../../../../arm-none-eabi/lib/thumb/v7e-m+fp/hard/libc_nano.a(lib_a-lock.o)
 .ARM.attributes
                0x000000000000080c       0x1c /opt/homebrew/Caskroom/gcc-arm-embedded/10-2020-q4-major/gcc-arm-none-eabi-10-2020-q4-major/bin/../lib/gcc/arm-none-eabi/10.2.1/../../../../arm-none-eabi/lib/thumb/v7e-m+fp/hard/libc_nano.a(lib_a-memchr.o)
 .ARM.attributes
                0x0000000000000828       0x34 /opt/homebrew/Caskroom/gcc-arm-embedded/10-2020-q4-major/gcc-arm-none-eabi-10-2020-q4-major/bin/../lib/gcc/arm-none-eabi/10.2.1/../../../../arm-none-eabi/lib/thumb/v7e-m+fp/hard/libc_nano.a(lib_a-memcpy-stub.o)
 .ARM.attributes
                0x000000000000085c       0x34 /opt/homebrew/Caskroom/gcc-arm-embedded/10-2020-q4-major/gcc-arm-none-eabi-10-2020-q4-major/bin/../lib/gcc/arm-none-eabi/10.2.1/../../../../arm-none-eabi/lib/thumb/v7e-m+fp/hard/libc_nano.a(lib_a-memmove.o)
 .ARM.attributes
                0x0000000000000890       0x34 /opt/homebrew/Caskroom/gcc-arm-embedded/10-2020-q4-major/gcc-arm-none-eabi-10-2020-q4-major/bin/../lib/gcc/arm-none-eabi/10.2.1/../../../../arm-none-eabi/lib/thumb/v7e-m+fp/hard/libc_nano.a(lib_a-nano-reallocr.o)
 .ARM.attributes
                0x00000000000008c4       0x34 /opt/homebrew/Caskroom/gcc-arm-embedded/10-2020-q4-major/gcc-arm-none-eabi-10-2020-q4-major/bin/../lib/gcc/arm-none-eabi/10.2.1/../../../../arm-none-eabi/lib/thumb/v7e-m+fp/hard/libc_nano.a(lib_a-nano-msizer.o)
 .ARM.attributes
                0x00000000000008f8       0x34 /opt/homebrew/Caskroom/gcc-arm-embedded/10-2020-q4-major/gcc-arm-none-eabi-10-2020-q4-major/bin/../lib/gcc/arm-none-eabi/10.2.1/../../../../arm-none-eabi/lib/thumb/v7e-m+fp/hard/libnosys.a(sbrk.o)
 .ARM.attributes
                0x000000000000092c       0x1e /opt/homebrew/Caskroom/gcc-arm-embedded/10-2020-q4-major/gcc-arm-none-eabi-10-2020-q4-major/bin/../lib/gcc/arm-none-eabi/10.2.1/thumb/v7e-m+fp/hard/libgcc.a(_aeabi_uldivmod.o)
 .ARM.attributes
                0x000000000000094a       0x34 /opt/homebrew/Caskroom/gcc-arm-embedded/10-2020-q4-major/gcc-arm-none-eabi-10-2020-q4-major/bin/../lib/gcc/arm-none-eabi/10.2.1/thumb/v7e-m+fp/hard/libgcc.a(_udivmoddi4.o)
 .ARM.attributes
                0x000000000000097e       0x1e /opt/homebrew/Caskroom/gcc-arm-embedded/10-2020-q4-major/gcc-arm-none-eabi-10-2020-q4-major/bin/../lib/gcc/arm-none-eabi/10.2.1/thumb/v7e-m+fp/hard/libgcc.a(_dvmd_tls.o)
 .ARM.attributes
                0x000000000000099c       0x1e /opt/homebrew/Caskroom/gcc-arm-embedded/10-2020-q4-major/gcc-arm-none-eabi-10-2020-q4-major/bin/../lib/gcc/arm-none-eabi/10.2.1/thumb/v7e-m+fp/hard/crtn.o
OUTPUT(build/int_hub_timed.elf elf32-littlearm)
LOAD linker stubs
LOAD /opt/homebrew/Caskroom/gcc-arm-embedded/10-2020-q4-major/gcc-arm-none-eabi-10-2020-q4-major/bin/../lib/gcc/arm-none-eabi/10.2.1/../../../../arm-none-eabi/lib/thumb/v7e-m+fp/hard/libc.a
LOAD /opt/homebrew/Caskroom/gcc-arm-embedded/10-2020-q4-major/gcc-arm-none-eabi-10-2020-q4-major/bin/../lib/gcc/arm-none-eabi/10.2.1/../../../../arm-none-eabi/lib/thumb/v7e-m+fp/hard/libm.a
LOAD /opt/homebrew/Caskroom/gcc-arm-embedded/10-2020-q4-major/gcc-arm-none-eabi-10-2020-q4-major/bin/../lib/gcc/arm-none-eabi/10.2.1/thumb/v7e-m+fp/hard/libgcc.a

.debug_info     0x0000000000000000    0x1ebc1
 .debug_info    0x0000000000000000     0x2031 build/main.o
 .debug_info    0x0000000000002031     0x159b build/stm32f4xx_it.o
 .debug_info    0x00000000000035cc     0x1982 build/stm32f4xx_hal_msp.o
 .debug_info    0x0000000000004f4e      0xbbc build/usb_host.o
 .debug_info    0x0000000000005b0a     0x2122 build/usbh_conf.o
 .debug_info    0x0000000000007c2c      0x212 build/usbh_platform.o
 .debug_info    0x0000000000007e3e     0x1596 build/stm32f4xx_hal_hcd.o
 .debug_info    0x00000000000093d4     0x2074 build/stm32f4xx_ll_usb.o
 .debug_info    0x000000000000b448      0xbe6 build/stm32f4xx_hal_rcc.o
 .debug_info    0x000000000000c02e      0x6f8 build/stm32f4xx_hal_rcc_ex.o
 .debug_info    0x000000000000c726      0x848 build/stm32f4xx_hal_gpio.o
 .debug_info    0x000000000000cf6e     0x1174 build/stm32f4xx_hal_cortex.o
 .debug_info    0x000000000000e0e2      0xacf build/stm32f4xx_hal.o
 .debug_info    0x000000000000ebb1      0xfe0 build/stm32f4xx_hal_adc.o
 .debug_info    0x000000000000fb91     0x1126 build/stm32f4xx_hal_rtc.o
 .debug_info    0x0000000000010cb7     0x3e13 build/stm32f4xx_hal_tim.o
 .debug_info    0x0000000000014aca     0x1bc2 build/stm32f4xx_hal_tim_ex.o
 .debug_info    0x000000000001668c     0x1e89 build/stm32f4xx_hal_uart.o
 .debug_info    0x0000000000018515      0x5b3 build/system_stm32f4xx.o
 .debug_info    0x0000000000018ac8     0x164c build/usbh_core.o
 .debug_info    0x000000000001a114     0x14ab build/usbh_ctlreq.o
 .debug_info    0x000000000001b5bf     0x100b build/usbh_ioreq.o
 .debug_info    0x000000000001c5ca      0xc55 build/usbh_pipes.o
 .debug_info    0x000000000001d21f     0x1980 build/usbh_cdc.o
 .debug_info    0x000000000001eb9f       0x22 build/startup_stm32f407xx.o

.debug_abbrev   0x0000000000000000     0x3c58
 .debug_abbrev  0x0000000000000000      0x293 build/main.o
 .debug_abbrev  0x0000000000000293      0x233 build/stm32f4xx_it.o
 .debug_abbrev  0x00000000000004c6      0x234 build/stm32f4xx_hal_msp.o
 .debug_abbrev  0x00000000000006fa      0x263 build/usb_host.o
 .debug_abbrev  0x000000000000095d      0x380 build/usbh_conf.o
 .debug_abbrev  0x0000000000000cdd      0x11f build/usbh_platform.o
 .debug_abbrev  0x0000000000000dfc      0x2b8 build/stm32f4xx_hal_hcd.o
 .debug_abbrev  0x00000000000010b4      0x2f9 build/stm32f4xx_ll_usb.o
 .debug_abbrev  0x00000000000013ad      0x2aa build/stm32f4xx_hal_rcc.o
 .debug_abbrev  0x0000000000001657      0x1a1 build/stm32f4xx_hal_rcc_ex.o
 .debug_abbrev  0x00000000000017f8      0x22b build/stm32f4xx_hal_gpio.o
 .debug_abbrev  0x0000000000001a23      0x382 build/stm32f4xx_hal_cortex.o
 .debug_abbrev  0x0000000000001da5      0x209 build/stm32f4xx_hal.o
 .debug_abbrev  0x0000000000001fae      0x292 build/stm32f4xx_hal_adc.o
 .debug_abbrev  0x0000000000002240      0x23e build/stm32f4xx_hal_rtc.o
 .debug_abbrev  0x000000000000247e      0x282 build/stm32f4xx_hal_tim.o
 .debug_abbrev  0x0000000000002700      0x298 build/stm32f4xx_hal_tim_ex.o
 .debug_abbrev  0x0000000000002998      0x2cd build/stm32f4xx_hal_uart.o
 .debug_abbrev  0x0000000000002c65      0x11b build/system_stm32f4xx.o
 .debug_abbrev  0x0000000000002d80      0x38b build/usbh_core.o
 .debug_abbrev  0x000000000000310b      0x332 build/usbh_ctlreq.o
 .debug_abbrev  0x000000000000343d      0x21e build/usbh_ioreq.o
 .debug_abbrev  0x000000000000365b      0x284 build/usbh_pipes.o
 .debug_abbrev  0x00000000000038df      0x367 build/usbh_cdc.o
 .debug_abbrev  0x0000000000003c46       0x12 build/startup_stm32f407xx.o

.debug_loc      0x0000000000000000    0x14d7e
 .debug_loc     0x0000000000000000      0x23b build/main.o
 .debug_loc     0x000000000000023b       0xb9 build/stm32f4xx_it.o
 .debug_loc     0x00000000000002f4      0x364 build/stm32f4xx_hal_msp.o
 .debug_loc     0x0000000000000658       0x40 build/usb_host.o
 .debug_loc     0x0000000000000698      0xba3 build/usbh_conf.o
 .debug_loc     0x000000000000123b       0x81 build/usbh_platform.o
 .debug_loc     0x00000000000012bc     0x1434 build/stm32f4xx_hal_hcd.o
 .debug_loc     0x00000000000026f0     0x283d build/stm32f4xx_ll_usb.o
 .debug_loc     0x0000000000004f2d      0x6e4 build/stm32f4xx_hal_rcc.o
 .debug_loc     0x0000000000005611      0x473 build/stm32f4xx_hal_rcc_ex.o
 .debug_loc     0x0000000000005a84      0x5e8 build/stm32f4xx_hal_gpio.o
 .debug_loc     0x000000000000606c      0x7a4 build/stm32f4xx_hal_cortex.o
 .debug_loc     0x0000000000006810      0x1e1 build/stm32f4xx_hal.o
 .debug_loc     0x00000000000069f1      0xdea build/stm32f4xx_hal_adc.o
 .debug_loc     0x00000000000077db      0xef8 build/stm32f4xx_hal_rtc.o
 .debug_loc     0x00000000000086d3     0x532d build/stm32f4xx_hal_tim.o
 .debug_loc     0x000000000000da00     0x1f8f build/stm32f4xx_hal_tim_ex.o
 .debug_loc     0x000000000000f98f     0x265b build/stm32f4xx_hal_uart.o
 .debug_loc     0x0000000000011fea      0x158 build/system_stm32f4xx.o
 .debug_loc     0x0000000000012142      0xac2 build/usbh_core.o
 .debug_loc     0x0000000000012c04      0xebc build/usbh_ctlreq.o
 .debug_loc     0x0000000000013ac0      0x750 build/usbh_ioreq.o
 .debug_loc     0x0000000000014210      0x26e build/usbh_pipes.o
 .debug_loc     0x000000000001447e      0x900 build/usbh_cdc.o

.debug_aranges  0x0000000000000000     0x13b8
 .debug_aranges
                0x0000000000000000       0x68 build/main.o
 .debug_aranges
                0x0000000000000068       0x80 build/stm32f4xx_it.o
 .debug_aranges
                0x00000000000000e8       0x60 build/stm32f4xx_hal_msp.o
 .debug_aranges
                0x0000000000000148       0x30 build/usb_host.o
 .debug_aranges
                0x0000000000000178       0xd8 build/usbh_conf.o
 .debug_aranges
                0x0000000000000250       0x20 build/usbh_platform.o
 .debug_aranges
                0x0000000000000270       0xf8 build/stm32f4xx_hal_hcd.o
 .debug_aranges
                0x0000000000000368      0x198 build/stm32f4xx_ll_usb.o
 .debug_aranges
                0x0000000000000500       0x88 build/stm32f4xx_hal_rcc.o
 .debug_aranges
                0x0000000000000588       0x48 build/stm32f4xx_hal_rcc_ex.o
 .debug_aranges
                0x00000000000005d0       0x58 build/stm32f4xx_hal_gpio.o
 .debug_aranges
                0x0000000000000628       0xa8 build/stm32f4xx_hal_cortex.o
 .debug_aranges
                0x00000000000006d0       0xf0 build/stm32f4xx_hal.o
 .debug_aranges
                0x00000000000007c0       0xe8 build/stm32f4xx_hal_adc.o
 .debug_aranges
                0x00000000000008a8       0xe0 build/stm32f4xx_hal_rtc.o
 .debug_aranges
                0x0000000000000988      0x3d0 build/stm32f4xx_hal_tim.o
 .debug_aranges
                0x0000000000000d58      0x168 build/stm32f4xx_hal_tim_ex.o
 .debug_aranges
                0x0000000000000ec0      0x200 build/stm32f4xx_hal_uart.o
 .debug_aranges
                0x00000000000010c0       0x28 build/system_stm32f4xx.o
 .debug_aranges
                0x00000000000010e8       0xc0 build/usbh_core.o
 .debug_aranges
                0x00000000000011a8       0xa0 build/usbh_ctlreq.o
 .debug_aranges
                0x0000000000001248       0x60 build/usbh_ioreq.o
 .debug_aranges
                0x00000000000012a8       0x40 build/usbh_pipes.o
 .debug_aranges
                0x00000000000012e8       0xa8 build/usbh_cdc.o
 .debug_aranges
                0x0000000000001390       0x28 build/startup_stm32f407xx.o

.debug_ranges   0x0000000000000000     0x12a8
 .debug_ranges  0x0000000000000000       0x58 build/main.o
 .debug_ranges  0x0000000000000058       0x70 build/stm32f4xx_it.o
 .debug_ranges  0x00000000000000c8       0x50 build/stm32f4xx_hal_msp.o
 .debug_ranges  0x0000000000000118       0x20 build/usb_host.o
 .debug_ranges  0x0000000000000138       0xc8 build/usbh_conf.o
 .debug_ranges  0x0000000000000200       0x10 build/usbh_platform.o
 .debug_ranges  0x0000000000000210       0xe8 build/stm32f4xx_hal_hcd.o
 .debug_ranges  0x00000000000002f8      0x188 build/stm32f4xx_ll_usb.o
 .debug_ranges  0x0000000000000480       0x90 build/stm32f4xx_hal_rcc.o
 .debug_ranges  0x0000000000000510       0x38 build/stm32f4xx_hal_rcc_ex.o
 .debug_ranges  0x0000000000000548       0x48 build/stm32f4xx_hal_gpio.o
 .debug_ranges  0x0000000000000590       0xf8 build/stm32f4xx_hal_cortex.o
 .debug_ranges  0x0000000000000688       0xe0 build/stm32f4xx_hal.o
 .debug_ranges  0x0000000000000768       0xd8 build/stm32f4xx_hal_adc.o
 .debug_ranges  0x0000000000000840       0xd0 build/stm32f4xx_hal_rtc.o
 .debug_ranges  0x0000000000000910      0x3c0 build/stm32f4xx_hal_tim.o
 .debug_ranges  0x0000000000000cd0      0x158 build/stm32f4xx_hal_tim_ex.o
 .debug_ranges  0x0000000000000e28      0x1f0 build/stm32f4xx_hal_uart.o
 .debug_ranges  0x0000000000001018       0x18 build/system_stm32f4xx.o
 .debug_ranges  0x0000000000001030       0xb0 build/usbh_core.o
 .debug_ranges  0x00000000000010e0       0x90 build/usbh_ctlreq.o
 .debug_ranges  0x0000000000001170       0x50 build/usbh_ioreq.o
 .debug_ranges  0x00000000000011c0       0x30 build/usbh_pipes.o
 .debug_ranges  0x00000000000011f0       0x98 build/usbh_cdc.o
 .debug_ranges  0x0000000000001288       0x20 build/startup_stm32f407xx.o

.debug_line     0x0000000000000000    0x14437
 .debug_line    0x0000000000000000      0x9b3 build/main.o
 .debug_line    0x00000000000009b3      0x41d build/stm32f4xx_it.o
 .debug_line    0x0000000000000dd0      0x4c8 build/stm32f4xx_hal_msp.o
 .debug_line    0x0000000000001298      0x291 build/usb_host.o
 .debug_line    0x0000000000001529      0x734 build/usbh_conf.o
 .debug_line    0x0000000000001c5d      0x1f0 build/usbh_platform.o
 .debug_line    0x0000000000001e4d     0x10ef build/stm32f4xx_hal_hcd.o
 .debug_line    0x0000000000002f3c     0x1b9e build/stm32f4xx_ll_usb.o
 .debug_line    0x0000000000004ada      0xb62 build/stm32f4xx_hal_rcc.o
 .debug_line    0x000000000000563c      0x637 build/stm32f4xx_hal_rcc_ex.o
 .debug_line    0x0000000000005c73      0x733 build/stm32f4xx_hal_gpio.o
 .debug_line    0x00000000000063a6      0x7ca build/stm32f4xx_hal_cortex.o
 .debug_line    0x0000000000006b70      0x5b7 build/stm32f4xx_hal.o
 .debug_line    0x0000000000007127     0x1112 build/stm32f4xx_hal_adc.o
 .debug_line    0x0000000000008239     0x10f5 build/stm32f4xx_hal_rtc.o
 .debug_line    0x000000000000932e     0x4823 build/stm32f4xx_hal_tim.o
 .debug_line    0x000000000000db51     0x1c9b build/stm32f4xx_hal_tim_ex.o
 .debug_line    0x000000000000f7ec     0x210e build/stm32f4xx_hal_uart.o
 .debug_line    0x00000000000118fa      0x2a2 build/system_stm32f4xx.o
 .debug_line    0x0000000000011b9c      0xd3c build/usbh_core.o
 .debug_line    0x00000000000128d8      0xb33 build/usbh_ctlreq.o
 .debug_line    0x000000000001340b      0x302 build/usbh_ioreq.o
 .debug_line    0x000000000001370d      0x2b6 build/usbh_pipes.o
 .debug_line    0x00000000000139c3      0x9fe build/usbh_cdc.o
 .debug_line    0x00000000000143c1       0x76 build/startup_stm32f407xx.o

.debug_str      0x0000000000000000     0x66e7
 .debug_str     0x0000000000000000     0x1160 build/main.o
                                       0x125d (size before relaxing)
 .debug_str     0x0000000000001160      0x4e9 build/stm32f4xx_it.o
                                        0xff5 (size before relaxing)
 .debug_str     0x0000000000001649      0x629 build/stm32f4xx_hal_msp.o
                                       0x1387 (size before relaxing)
 .debug_str     0x0000000000001c72      0x836 build/usb_host.o
                                        0xaa4 (size before relaxing)
 .debug_str     0x00000000000024a8      0x49c build/usbh_conf.o
                                       0x192f (size before relaxing)
 .debug_str     0x0000000000002944       0x2e build/usbh_platform.o
                                        0x242 (size before relaxing)
 .debug_str     0x0000000000002972      0x31b build/stm32f4xx_hal_hcd.o
                                        0xb02 (size before relaxing)
 .debug_str     0x0000000000002c8d      0x511 build/stm32f4xx_ll_usb.o
                                        0xc42 (size before relaxing)
 .debug_str     0x000000000000319e      0x22f build/stm32f4xx_hal_rcc.o
                                        0x6ea (size before relaxing)
 .debug_str     0x00000000000033cd       0xf6 build/stm32f4xx_hal_rcc_ex.o
                                        0x4ab (size before relaxing)
 .debug_str     0x00000000000034c3      0x106 build/stm32f4xx_hal_gpio.o
                                        0x4c4 (size before relaxing)
 .debug_str     0x00000000000035c9      0x4b1 build/stm32f4xx_hal_cortex.o
                                        0xc10 (size before relaxing)
 .debug_str     0x0000000000003a7a      0x295 build/stm32f4xx_hal.o
                                        0xb3e (size before relaxing)
 .debug_str     0x0000000000003d0f      0x26d build/stm32f4xx_hal_adc.o
                                        0x937 (size before relaxing)
 .debug_str     0x0000000000003f7c      0x31e build/stm32f4xx_hal_rtc.o
                                        0x7b0 (size before relaxing)
 .debug_str     0x000000000000429a      0xe12 build/stm32f4xx_hal_tim.o
                                       0x1696 (size before relaxing)
 .debug_str     0x00000000000050ac      0x521 build/stm32f4xx_hal_tim_ex.o
                                        0xe97 (size before relaxing)
 .debug_str     0x00000000000055cd      0x5db build/stm32f4xx_hal_uart.o
                                        0xd19 (size before relaxing)
 .debug_str     0x0000000000005ba8       0x47 build/system_stm32f4xx.o
                                        0x359 (size before relaxing)
 .debug_str     0x0000000000005bef      0x1d0 build/usbh_core.o
                                        0xcce (size before relaxing)
 .debug_str     0x0000000000005dbf      0x1ff build/usbh_ctlreq.o
                                        0xca3 (size before relaxing)
 .debug_str     0x0000000000005fbe       0xbb build/usbh_ioreq.o
                                        0xad7 (size before relaxing)
 .debug_str     0x0000000000006079       0x64 build/usbh_pipes.o
                                        0xa6d (size before relaxing)
 .debug_str     0x00000000000060dd      0x5e6 build/usbh_cdc.o
                                       0x114a (size before relaxing)
 .debug_str     0x00000000000066c3       0x24 build/startup_stm32f407xx.o
                                         0x4e (size before relaxing)

.comment        0x0000000000000000       0x4d
 .comment       0x0000000000000000       0x4d build/main.o
                                         0x4e (size before relaxing)
 .comment       0x000000000000004d       0x4e build/stm32f4xx_it.o
 .comment       0x000000000000004d       0x4e build/stm32f4xx_hal_msp.o
 .comment       0x000000000000004d       0x4e build/usb_host.o
 .comment       0x000000000000004d       0x4e build/usbh_conf.o
 .comment       0x000000000000004d       0x4e build/usbh_platform.o
 .comment       0x000000000000004d       0x4e build/stm32f4xx_hal_hcd.o
 .comment       0x000000000000004d       0x4e build/stm32f4xx_ll_usb.o
 .comment       0x000000000000004d       0x4e build/stm32f4xx_hal_rcc.o
 .comment       0x000000000000004d       0x4e build/stm32f4xx_hal_rcc_ex.o
 .comment       0x000000000000004d       0x4e build/stm32f4xx_hal_gpio.o
 .comment       0x000000000000004d       0x4e build/stm32f4xx_hal_cortex.o
 .comment       0x000000000000004d       0x4e build/stm32f4xx_hal.o
 .comment       0x000000000000004d       0x4e build/stm32f4xx_hal_adc.o
 .comment       0x000000000000004d       0x4e build/stm32f4xx_hal_rtc.o
 .comment       0x000000000000004d       0x4e build/stm32f4xx_hal_tim.o
 .comment       0x000000000000004d       0x4e build/stm32f4xx_hal_tim_ex.o
 .comment       0x000000000000004d       0x4e build/stm32f4xx_hal_uart.o
 .comment       0x000000000000004d       0x4e build/system_stm32f4xx.o
 .comment       0x000000000000004d       0x4e build/usbh_core.o
 .comment       0x000000000000004d       0x4e build/usbh_ctlreq.o
 .comment       0x000000000000004d       0x4e build/usbh_ioreq.o
 .comment       0x000000000000004d       0x4e build/usbh_pipes.o
 .comment       0x000000000000004d       0x4e build/usbh_cdc.o

.debug_frame    0x0000000000000000     0x38b8
 .debug_frame   0x0000000000000000      0x134 build/main.o
 .debug_frame   0x0000000000000134      0x10c build/stm32f4xx_it.o
 .debug_frame   0x0000000000000240       0xf4 build/stm32f4xx_hal_msp.o
 .debug_frame   0x0000000000000334       0x50 build/usb_host.o
 .debug_frame   0x0000000000000384      0x24c build/usbh_conf.o
 .debug_frame   0x00000000000005d0       0x28 build/usbh_platform.o
 .debug_frame   0x00000000000005f8      0x2a8 build/stm32f4xx_hal_hcd.o
 .debug_frame   0x00000000000008a0      0x444 build/stm32f4xx_ll_usb.o
 .debug_frame   0x0000000000000ce4      0x16c build/stm32f4xx_hal_rcc.o
 .debug_frame   0x0000000000000e50       0xa4 build/stm32f4xx_hal_rcc_ex.o
 .debug_frame   0x0000000000000ef4       0xd8 build/stm32f4xx_hal_gpio.o
 .debug_frame   0x0000000000000fcc      0x148 build/stm32f4xx_hal_cortex.o
 .debug_frame   0x0000000000001114      0x1ec build/stm32f4xx_hal.o
 .debug_frame   0x0000000000001300      0x268 build/stm32f4xx_hal_adc.o
 .debug_frame   0x0000000000001568      0x25c build/stm32f4xx_hal_rtc.o
 .debug_frame   0x00000000000017c4      0xb08 build/stm32f4xx_hal_tim.o
 .debug_frame   0x00000000000022cc      0x40c build/stm32f4xx_hal_tim_ex.o
 .debug_frame   0x00000000000026d8      0x5c4 build/stm32f4xx_hal_uart.o
 .debug_frame   0x0000000000002c9c       0x30 build/system_stm32f4xx.o
 .debug_frame   0x0000000000002ccc      0x1e8 build/usbh_core.o
 .debug_frame   0x0000000000002eb4      0x1cc build/usbh_ctlreq.o
 .debug_frame   0x0000000000003080      0x130 build/usbh_ioreq.o
 .debug_frame   0x00000000000031b0       0x84 build/usbh_pipes.o
 .debug_frame   0x0000000000003234      0x1b0 build/usbh_cdc.o
 .debug_frame   0x00000000000033e4       0x2c /opt/homebrew/Caskroom/gcc-arm-embedded/10-2020-q4-major/gcc-arm-none-eabi-10-2020-q4-major/bin/../lib/gcc/arm-none-eabi/10.2.1/../../../../arm-none-eabi/lib/thumb/v7e-m+fp/hard/libc_nano.a(lib_a-init.o)
 .debug_frame   0x0000000000003410       0x30 /opt/homebrew/Caskroom/gcc-arm-embedded/10-2020-q4-major/gcc-arm-none-eabi-10-2020-q4-major/bin/../lib/gcc/arm-none-eabi/10.2.1/../../../../arm-none-eabi/lib/thumb/v7e-m+fp/hard/libc_nano.a(lib_a-malloc.o)
 .debug_frame   0x0000000000003440       0x20 /opt/homebrew/Caskroom/gcc-arm-embedded/10-2020-q4-major/gcc-arm-none-eabi-10-2020-q4-major/bin/../lib/gcc/arm-none-eabi/10.2.1/../../../../arm-none-eabi/lib/thumb/v7e-m+fp/hard/libc_nano.a(lib_a-memset.o)
 .debug_frame   0x0000000000003460       0x38 /opt/homebrew/Caskroom/gcc-arm-embedded/10-2020-q4-major/gcc-arm-none-eabi-10-2020-q4-major/bin/../lib/gcc/arm-none-eabi/10.2.1/../../../../arm-none-eabi/lib/thumb/v7e-m+fp/hard/libc_nano.a(lib_a-nano-freer.o)
 .debug_frame   0x0000000000003498       0x30 /opt/homebrew/Caskroom/gcc-arm-embedded/10-2020-q4-major/gcc-arm-none-eabi-10-2020-q4-major/bin/../lib/gcc/arm-none-eabi/10.2.1/../../../../arm-none-eabi/lib/thumb/v7e-m+fp/hard/libc_nano.a(lib_a-nano-mallocr.o)
 .debug_frame   0x00000000000034c8       0x2c /opt/homebrew/Caskroom/gcc-arm-embedded/10-2020-q4-major/gcc-arm-none-eabi-10-2020-q4-major/bin/../lib/gcc/arm-none-eabi/10.2.1/../../../../arm-none-eabi/lib/thumb/v7e-m+fp/hard/libc_nano.a(lib_a-sbrkr.o)
 .debug_frame   0x00000000000034f4       0x6c /opt/homebrew/Caskroom/gcc-arm-embedded/10-2020-q4-major/gcc-arm-none-eabi-10-2020-q4-major/bin/../lib/gcc/arm-none-eabi/10.2.1/../../../../arm-none-eabi/lib/thumb/v7e-m+fp/hard/libc_nano.a(lib_a-sprintf.o)
 .debug_frame   0x0000000000003560       0x30 /opt/homebrew/Caskroom/gcc-arm-embedded/10-2020-q4-major/gcc-arm-none-eabi-10-2020-q4-major/bin/../lib/gcc/arm-none-eabi/10.2.1/../../../../arm-none-eabi/lib/thumb/v7e-m+fp/hard/libc_nano.a(lib_a-mlock.o)
 .debug_frame   0x0000000000003590       0x90 /opt/homebrew/Caskroom/gcc-arm-embedded/10-2020-q4-major/gcc-arm-none-eabi-10-2020-q4-major/bin/../lib/gcc/arm-none-eabi/10.2.1/../../../../arm-none-eabi/lib/thumb/v7e-m+fp/hard/libc_nano.a(lib_a-nano-svfprintf.o)
 .debug_frame   0x0000000000003620       0x60 /opt/homebrew/Caskroom/gcc-arm-embedded/10-2020-q4-major/gcc-arm-none-eabi-10-2020-q4-major/bin/../lib/gcc/arm-none-eabi/10.2.1/../../../../arm-none-eabi/lib/thumb/v7e-m+fp/hard/libc_nano.a(lib_a-nano-vfprintf_i.o)
 .debug_frame   0x0000000000003680       0x5c /opt/homebrew/Caskroom/gcc-arm-embedded/10-2020-q4-major/gcc-arm-none-eabi-10-2020-q4-major/bin/../lib/gcc/arm-none-eabi/10.2.1/../../../../arm-none-eabi/lib/thumb/v7e-m+fp/hard/libc_nano.a(lib_a-reent.o)
 .debug_frame   0x00000000000036dc       0xb0 /opt/homebrew/Caskroom/gcc-arm-embedded/10-2020-q4-major/gcc-arm-none-eabi-10-2020-q4-major/bin/../lib/gcc/arm-none-eabi/10.2.1/../../../../arm-none-eabi/lib/thumb/v7e-m+fp/hard/libc_nano.a(lib_a-lock.o)
 .debug_frame   0x000000000000378c       0x28 /opt/homebrew/Caskroom/gcc-arm-embedded/10-2020-q4-major/gcc-arm-none-eabi-10-2020-q4-major/bin/../lib/gcc/arm-none-eabi/10.2.1/../../../../arm-none-eabi/lib/thumb/v7e-m+fp/hard/libc_nano.a(lib_a-memcpy-stub.o)
 .debug_frame   0x00000000000037b4       0x28 /opt/homebrew/Caskroom/gcc-arm-embedded/10-2020-q4-major/gcc-arm-none-eabi-10-2020-q4-major/bin/../lib/gcc/arm-none-eabi/10.2.1/../../../../arm-none-eabi/lib/thumb/v7e-m+fp/hard/libc_nano.a(lib_a-memmove.o)
 .debug_frame   0x00000000000037dc       0x3c /opt/homebrew/Caskroom/gcc-arm-embedded/10-2020-q4-major/gcc-arm-none-eabi-10-2020-q4-major/bin/../lib/gcc/arm-none-eabi/10.2.1/../../../../arm-none-eabi/lib/thumb/v7e-m+fp/hard/libc_nano.a(lib_a-nano-reallocr.o)
 .debug_frame   0x0000000000003818       0x20 /opt/homebrew/Caskroom/gcc-arm-embedded/10-2020-q4-major/gcc-arm-none-eabi-10-2020-q4-major/bin/../lib/gcc/arm-none-eabi/10.2.1/../../../../arm-none-eabi/lib/thumb/v7e-m+fp/hard/libc_nano.a(lib_a-nano-msizer.o)
 .debug_frame   0x0000000000003838       0x20 /opt/homebrew/Caskroom/gcc-arm-embedded/10-2020-q4-major/gcc-arm-none-eabi-10-2020-q4-major/bin/../lib/gcc/arm-none-eabi/10.2.1/../../../../arm-none-eabi/lib/thumb/v7e-m+fp/hard/libnosys.a(sbrk.o)
 .debug_frame   0x0000000000003858       0x2c /opt/homebrew/Caskroom/gcc-arm-embedded/10-2020-q4-major/gcc-arm-none-eabi-10-2020-q4-major/bin/../lib/gcc/arm-none-eabi/10.2.1/thumb/v7e-m+fp/hard/libgcc.a(_aeabi_uldivmod.o)
 .debug_frame   0x0000000000003884       0x34 /opt/homebrew/Caskroom/gcc-arm-embedded/10-2020-q4-major/gcc-arm-none-eabi-10-2020-q4-major/bin/../lib/gcc/arm-none-eabi/10.2.1/thumb/v7e-m+fp/hard/libgcc.a(_udivmoddi4.o)

Cross Reference Table

Symbol                                            File
ADC_IRQHandler                                    build/startup_stm32f407xx.o
AHBPrescTable                                     build/system_stm32f4xx.o
                                                  build/stm32f4xx_hal_rcc.o
APBPrescTable                                     build/system_stm32f4xx.o
                                                  build/stm32f4xx_hal_rcc.o
Appli_state                                       build/usb_host.o
BusFault_Handler                                  build/stm32f4xx_it.o
CAN1_RX0_IRQHandler                               build/startup_stm32f407xx.o
CAN1_RX1_IRQHandler                               build/startup_stm32f407xx.o
CAN1_SCE_IRQHandler                               build/startup_stm32f407xx.o
CAN1_TX_IRQHandler                                build/startup_stm32f407xx.o
CAN2_RX0_IRQHandler                               build/startup_stm32f407xx.o
CAN2_RX1_IRQHandler                               build/startup_stm32f407xx.o
CAN2_SCE_IRQHandler                               build/startup_stm32f407xx.o
CAN2_TX_IRQHandler                                build/startup_stm32f407xx.o
CDC_Class                                         build/usbh_cdc.o
                                                  build/usb_host.o
DCMI_IRQHandler                                   build/startup_stm32f407xx.o
DMA1_Stream0_IRQHandler                           build/startup_stm32f407xx.o
DMA1_Stream1_IRQHandler                           build/startup_stm32f407xx.o
DMA1_Stream2_IRQHandler                           build/startup_stm32f407xx.o